<html>
<body>
<pre>
<h1>µVision Build Log</h1>
<h2>Tool Versions:</h2>
IDE-Version: ¦ÌVision V5.25.3.0
Copyright (C) 2018 ARM Ltd and ARM Germany GmbH. All rights reserved.
License Information: zqq zqq, zqq, LIC=TIVNB-24HVS-TG27T-RMTEA-1FV8X-MEIU6
 
Tool Versions:
Toolchain:       MDK-ARM Plus  Version: 5.18
Toolchain Path:  d:\Keil_v5\ARM\ARMCC\Bin
C Compiler:      Armcc.exe V5.06 update 1 (build 61)
Assembler:       Armasm.exe V5.06 update 1 (build 61)
Linker/Locator:  ArmLink.exe V5.06 update 1 (build 61)
Library Manager: ArmAr.exe V5.06 update 1 (build 61)
Hex Converter:   FromElf.exe V5.06 update 1 (build 61)
CPU DLL:         SARMCM3.DLL V5.18
Dialog DLL:      DCM.DLL V1.13.6.0
Target DLL:      STLink\ST-LINKIII-KEIL_SWO.dll V2.0.18.0
Dialog DLL:      TCM.DLL V1.14.8.0
 
<h2>Project:</h2>
E:\ÏîÄ¿\GY91APP-230406_AIMC-W25Q256\PROJECT\LabaPro.uvprojx
Project File Date:  07/27/2023

<h2>Output:</h2>
*** Using Compiler 'V5.06 update 1 (build 61)', folder: 'd:\Keil_v5\ARM\ARMCC\Bin'
Rebuild target 'Target 1'
compiling main.c...
compiling OpPara.c...
compiling ui_Start.c...
compiling OpFile.c...
compiling OpTable.c...
compiling KongJian.c...
compiling ui_View.c...
compiling Config_ui.c...
compiling ui_Main.c...
compiling ui_Sample10.c...
..\UI\ui_Sample10.c(218): warning:  #550-D: variable "Res" was set but never used
      u8 Res;
..\UI\ui_Sample10.c(226): warning:  #550-D: variable "txCol" was set but never used
  	u16 txCol;
..\UI\ui_Sample10.c: 2 warnings, 0 errors
compiling ui_Public.c...
compiling ui_Dialog.c...
compiling ui_Sampset.c...
compiling OpData.c...
compiling ui_Sampdisp.c...
compiling ui_Biaoding.c...
compiling ui_Analyze.c...
compiling ui_Condition.c...
..\UI\ui_Condition.c(924): warning:  #174-D: expression has no effect
  				g_GlobalPara.ucFromPageNum == 
I_CONDITION;
..\UI\ui_Condition.c: 1 warning, 0 errors
compiling ledBeep.c...
compiling ui_Heat.c...
compiling ui_Gain.c...
compiling ui_Verify.c...
compiling ui_SampJGJ.c...
compiling timer.c...
compiling ui_Paraset10.c...
compiling ui_SampBlock.c...
compiling ui_Browse10.c...
compiling delay.c...
compiling key.c...
compiling bkLed.c...
compiling batAdc.c...
compiling font.c...
compiling power.c...
compiling touch.c...
compiling AimLib.c...
..\USER\AimLib.c(1392): warning:  #177-D: variable "iCurVal" was declared but never referenced
      int iCurVal = 0;
..\USER\AimLib.c(1393): warning:  #177-D: variable "iLastVal" was declared but never referenced
      int iLastVal = 0;
..\USER\AimLib.c(1981): warning:  #177-D: variable "uiAvg1" was declared but never referenced
      int uiAvg1 = 0;
..\USER\AimLib.c(2081): warning:  #177-D: variable "uiAvg1" was declared but never referenced
      int uiAvg1 = 0;
..\USER\AimLib.c(2791): warning:  #177-D: variable "pHDTab" was declared but never referenced
      const unsigned short int *pHDTab;
..\USER\AimLib.c(2942): warning:  #177-D: variable "iWidth3" was declared but never referenced
      int iWidth1 = 0, iWidth2 = 0, iWidth3 = 0;
..\USER\AimLib.c(2966): warning:  #177-D: variable "dataBuf" was declared but never referenced
      char dataBuf[10];
..\USER\AimLib.c(3318): warning:  #177-D: variable "dataBuf" was declared but never referenced
      char dataBuf[10];
..\USER\AimLib.c(3502): warning:  #177-D: variable "dataBuf" was declared but never referenced
      char dataBuf[10];
..\USER\AimLib.c(4008): warning:  #177-D: variable "SubPercent" was declared but never referenced
      int SubPercent = 0;
..\USER\AimLib.c(4921): warning:  #177-D: variable "CH1" was declared but never referenced
      int CH1=0,CH2=0,CH3=0,CH4=0,CH5=0,CH6=0;
..\USER\AimLib.c(4921): warning:  #177-D: variable "CH2" was declared but never referenced
      int CH1=0,CH2=0,CH3=0,CH4=0,CH5=0,CH6=0;
..\USER\AimLib.c(4921): warning:  #177-D: variable "CH5" was declared but never referenced
      int CH1=0,CH2=0,CH3=0,CH4=0,CH5=0,CH6=0;
..\USER\AimLib.c(4921): warning:  #177-D: variable "CH6" was declared but never referenced
      int CH1=0,CH2=0,CH3=0,CH4=0,CH5=0,CH6=0;
..\USER\AimLib.c(4922): warning:  #177-D: variable "SUM1" was declared but never referenced
      int SUM1=0,SUM2=0,SUM3=0,SUM4=0,SUM5=0,SUM6=0;
..\USER\AimLib.c(4922): warning:  #177-D: variable "SUM2" was declared but never referenced
      int SUM1=0,SUM2=0,SUM3=0,SUM4=0,SUM5=0,SUM6=0;
..\USER\AimLib.c(4922): warning:  #177-D: variable "SUM3" was declared but never referenced
      int SUM1=0,SUM2=0,SUM3=0,SUM4=0,SUM5=0,SUM6=0;
..\USER\AimLib.c(4922): warning:  #177-D: variable "SUM4" was declared but never referenced
      int SUM1=0,SUM2=0,SUM3=0,SUM4=0,SUM5=0,SUM6=0;
..\USER\AimLib.c(4922): warning:  #177-D: variable "SUM5" was declared but never referenced
      int SUM1=0,SUM2=0,SUM3=0,SUM4=0,SUM5=0,SUM6=0;
..\USER\AimLib.c(4922): warning:  #177-D: variable "SUM6" was declared but never referenced
      int SUM1=0,SUM2=0,SUM3=0,SUM4=0,SUM5=0,SUM6=0;
..\USER\AimLib.c(4923): warning:  #177-D: variable "SUB1" was declared but never referenced
      int SUB1=0,SUB2=0,SUB3=0,SUB4=0,SUB5=0,SUB6=0;
..\USER\AimLib.c(4923): warning:  #177-D: variable "SUB2" was declared but never referenced
      int SUB1=0,SUB2=0,SUB3=0,SUB4=0,SUB5=0,SUB6=0;
..\USER\AimLib.c(4923): warning:  #177-D: variable "SUB3" was declared but never referenced
      int SUB1=0,SUB2=0,SUB3=0,SUB4=0,SUB5=0,SUB6=0;
..\USER\AimLib.c(4923): warning:  #177-D: variable "SUB4" was declared but never referenced
      int SUB1=0,SUB2=0,SUB3=0,SUB4=0,SUB5=0,SUB6=0;
..\USER\AimLib.c(4923): warning:  #177-D: variable "SUB5" was declared but never referenced
      int SUB1=0,SUB2=0,SUB3=0,SUB4=0,SUB5=0,SUB6=0;
..\USER\AimLib.c(4923): warning:  #177-D: variable "SUB6" was declared but never referenced
      int SUB1=0,SUB2=0,SUB3=0,SUB4=0,SUB5=0,SUB6=0;
..\USER\AimLib.c: 26 warnings, 0 errors
compiling uart.c...
compiling lcd.c...
compiling iwdog.c...
compiling rx8010.c...
compiling systic.c...
compiling max17201.c...
compiling ct1711.c...
compiling ft6336u.c...
compiling pyinput.c...
compiling gps.c...
compiling fontupd.c...
compiling hcBT20.c...
compiling misc.c...
compiling pytext.c...
compiling stm32f10x_adc.c...
compiling stm32f10x_exti.c...
compiling stm32f10x_fsmc.c...
compiling stm32f10x_gpio.c...
compiling stm32f10x_flash.c...
compiling stm32f10x_usart.c...
compiling stm32f10x_spi.c...
compiling stm32f10x_rcc.c...
compiling stm32f10x_tim.c...
compiling stm32f10x_dma.c...
compiling stm32f10x_iwdg.c...
assembling startup_stm32f10x_xl.s...
compiling core_cm3.c...
compiling stm32f10x_pwr.c...
compiling stm32f10x_bkp.c...
compiling system_stm32f10x.c...
compiling diskio.c...
compiling stm32f10x_it.c...
compiling malloc.c...
compiling ff.c...
compiling exfuns.c...
compiling w25qxx.c...
compiling cc936.c...
compiling qr_generate.c...
compiling usb_sil.c...
compiling usb_int.c...
compiling usb_init.c...
compiling usb_core.c...
compiling qr_encode.c...
compiling usb_mem.c...
compiling usb_regs.c...
compiling hw_config.c...
compiling scsi_data.c...
compiling mass_mal.c...
compiling memory.c...
compiling usb_desc.c...
compiling usb_bot.c...
compiling usb_istr.c...
compiling usb_endp.c...
compiling usb_prop.c...
compiling usb_pwr.c...
compiling usb_scsi.c...
linking...
Program Size: Code=212728 RO-data=284548 RW-data=5644 ZI-data=195076  
FromELF: creating hex file...
After Build - User command #1: D:\Keil_v5\ARM\ARMCC\bin\fromelf.exe --bin --output  ./Objects/GY91APP.bin ./Objects/GY91APP.axf
"./Objects/GY91APP.axf": Error: Q0122E: Could not open file './Objects/GY91APP.axf': No such file or directory
Finished: 0 information, 0 warning and 1 error messages.
"..\GY91APP.axf" - 0 Error(s), 29 Warning(s).

<h2>Software Packages used:</h2>

Package Vendor: Keil
                http://www.keil.com/pack/Keil.STM32F1xx_DFP.2.3.0.pack
                Keil.STM32F1xx_DFP.2.3.0
                STMicroelectronics STM32F1 Series Device Support, Drivers and Examples

<h2>Collection of Component include folders:</h2>
  .\RTE\_Target_1
  d:\Keil_v5\ARM\PACK\Keil\STM32F1xx_DFP\2.3.0\Device\Include

<h2>Collection of Component Files used:</h2>
Build Time Elapsed:  00:00:04
</pre>
</body>
</html>
