Component: ARM Compiler 5.06 update 1 (build 61) Tool: armlink [4d35a8]

==============================================================================

Section Cross References

    main.o(i.main) refers to bkled.o(i.BkLed_Init) for BkLed_Init
    main.o(i.main) refers to ledbeep.o(i.Led_Beep_Init) for Led_Beep_Init
    main.o(i.main) refers to delay.o(i.Sleep_ms) for Sleep_ms
    main.o(i.main) refers to key.o(i.Key_Init) for Key_Init
    main.o(i.main) refers to power.o(i.Power_Init) for Power_Init
    main.o(i.main) refers to batadc.o(i.Bat_Adc_Init) for Bat_Adc_Init
    main.o(i.main) refers to uart.o(i.USART2_Init) for USART2_Init
    main.o(i.main) refers to rx8010.o(i.RX8010_Init) for RX8010_Init
    main.o(i.main) refers to ct1711.o(i.CT1711_Init) for CT1711_Init
    main.o(i.main) refers to gps.o(i.GPS_Init) for GPS_Init
    main.o(i.main) refers to ft6336u.o(i.FT6336_Init) for FT6336_Init
    main.o(i.main) refers to oppara.o(i.InitSysPara) for InitSysPara
    main.o(i.main) refers to lcd.o(i.LCD_Init) for LCD_Init
    main.o(i.main) refers to bkled.o(i.BkLedPWM_Init) for BkLedPWM_Init
    main.o(i.main) refers to bkled.o(i.SetBkLedPercent) for SetBkLedPercent
    main.o(i.main) refers to w25qxx.o(i.W25QXX_Init) for W25QXX_Init
    main.o(i.main) refers to malloc.o(i.my_mem_init) for my_mem_init
    main.o(i.main) refers to exfuns.o(i.exfuns_init) for exfuns_init
    main.o(i.main) refers to ff.o(i.f_mount) for f_mount
    main.o(i.main) refers to ff.o(i.f_mkfs) for f_mkfs
    main.o(i.main) refers to ff.o(i.f_mkdir) for f_mkdir
    main.o(i.main) refers to usb_init.o(i.USB_Memery_Init_AK) for USB_Memery_Init_AK
    main.o(i.main) refers to hw_config.o(i.USB_Interrupts_Config) for USB_Interrupts_Config
    main.o(i.main) refers to hw_config.o(i.Set_USBClock) for Set_USBClock
    main.o(i.main) refers to usb_init.o(i.USB_Init) for USB_Init
    main.o(i.main) refers to fontupd.o(i.font_init) for font_init
    main.o(i.main) refers to fontupd.o(i.unioem_init) for unioem_init
    main.o(i.main) refers to config_ui.o(i.UiInit) for UiInit
    main.o(i.main) refers to opfile.o(i.Scan_FileIndex) for Scan_FileIndex
    main.o(i.main) refers to systic.o(i.SysTick_Init) for SysTick_Init
    main.o(i.main) refers to timer.o(i.TIM2_Int_Init) for TIM2_Int_Init
    main.o(i.main) refers to timer.o(i.TIM4_Int_Init) for TIM4_Int_Init
    main.o(i.main) refers to iwdog.o(i.IWDG_Init) for IWDG_Init
    main.o(i.main) refers to misc.o(i.NVIC_PriorityGroupConfig) for NVIC_PriorityGroupConfig
    main.o(i.main) refers to hcbt20.o(i.BT_Init) for BT_Init
    main.o(i.main) refers to stm32f10x_gpio.o(i.GPIO_SetBits) for GPIO_SetBits
    main.o(i.main) refers to stm32f10x_gpio.o(i.GPIO_ResetBits) for GPIO_ResetBits
    main.o(i.main) refers to config_ui.o(i.UiSchedule) for UiSchedule
    main.o(i.main) refers to oppara.o(.bss) for g_SysPara
    main.o(i.main) refers to exfuns.o(.data) for fs
    main.o(i.main) refers to main.o(.data) for fRes
    main.o(i.main) refers to oppara.o(.data) for FileDirectory
    main.o(i.main) refers to config_ui.o(.data) for g_pRunFunc
    opdata.o(i.BrushBoXing) refers to _printf_percent.o(.ARM.Collect$$_printf_percent$$00000000) for _printf_percent
    opdata.o(i.BrushBoXing) refers to _printf_d.o(.ARM.Collect$$_printf_percent$$00000009) for _printf_d
    opdata.o(i.BrushBoXing) refers to _printf_dec.o(.text) for _printf_int_dec
    opdata.o(i.BrushBoXing) refers to opdata.o(i.ClearCurvePage) for ClearCurvePage
    opdata.o(i.BrushBoXing) refers to fflt_clz.o(x$fpl$fflt) for __aeabi_i2f
    opdata.o(i.BrushBoXing) refers to fdiv.o(x$fpl$fdiv) for __aeabi_fdiv
    opdata.o(i.BrushBoXing) refers to fmul.o(x$fpl$fmul) for __aeabi_fmul
    opdata.o(i.BrushBoXing) refers to ffix.o(x$fpl$ffix) for __aeabi_f2iz
    opdata.o(i.BrushBoXing) refers to lcd.o(i.LCD_DrawLine) for LCD_DrawLine
    opdata.o(i.BrushBoXing) refers to lcd.o(i.LCD_SetColor) for LCD_SetColor
    opdata.o(i.BrushBoXing) refers to lcd.o(i.LCD_ShowString) for LCD_ShowString
    opdata.o(i.BrushBoXing) refers to noretval__2sprintf.o(.text) for __2sprintf
    opdata.o(i.BrushBoXing) refers to strlen.o(.text) for strlen
    opdata.o(i.BrushBoXing) refers to oppara.o(.bss) for g_SysPara
    opdata.o(i.BrushBoXing) refers to opdata.o(.constdata) for g_BoXing_Y_Buf
    opdata.o(i.BrushBoXingPage) refers to _printf_percent.o(.ARM.Collect$$_printf_percent$$00000000) for _printf_percent
    opdata.o(i.BrushBoXingPage) refers to _printf_d.o(.ARM.Collect$$_printf_percent$$00000009) for _printf_d
    opdata.o(i.BrushBoXingPage) refers to _printf_dec.o(.text) for _printf_int_dec
    opdata.o(i.BrushBoXingPage) refers to lcd.o(i.LCD_DrawLine) for LCD_DrawLine
    opdata.o(i.BrushBoXingPage) refers to lcd.o(i.LCD_SetColor) for LCD_SetColor
    opdata.o(i.BrushBoXingPage) refers to lcd.o(i.LCD_ShowString) for LCD_ShowString
[...]
    0x08010ff0   0x08010ff0   0x00000040   Code   RO         4500    i.GPIO_EXTILineConfig  stm32f10x_gpio.o
    0x08011030   0x08011030   0x00000116   Code   RO         4503    i.GPIO_Init         stm32f10x_gpio.o
    0x08011146   0x08011146   0x00000002   PAD
    0x08011148   0x08011148   0x00000090   Code   RO         4505    i.GPIO_PinRemapConfig  stm32f10x_gpio.o
    0x080111d8   0x080111d8   0x00000012   Code   RO         4507    i.GPIO_ReadInputDataBit  stm32f10x_gpio.o
    0x080111ea   0x080111ea   0x00000004   Code   RO         4510    i.GPIO_ResetBits    stm32f10x_gpio.o
    0x080111ee   0x080111ee   0x00000004   Code   RO         4511    i.GPIO_SetBits      stm32f10x_gpio.o
    0x080111f2   0x080111f2   0x00000002   PAD
    0x080111f4   0x080111f4   0x00000040   Code   RO         3222    i.GPS_CountDown     gps.o
    0x08011234   0x08011234   0x00000088   Code   RO         3223    i.GPS_DataParsing   gps.o
    0x080112bc   0x080112bc   0x00000010   Code   RO         3224    i.GPS_Init          gps.o
    0x080112cc   0x080112cc   0x000002c4   Code   RO         3225    i.GPS_Location_Data  gps.o
    0x08011590   0x08011590   0x0000001c   Code   RO         3226    i.GPS_ManualStart   gps.o
    0x080115ac   0x080115ac   0x00000064   Code   RO         3227    i.GPS_Port_Init     gps.o
    0x08011610   0x08011610   0x00000024   Code   RO         3228    i.GPS_Start         gps.o
    0x08011634   0x08011634   0x0000005c   Code   RO         3229    i.GPS_Stop          gps.o
    0x08011690   0x08011690   0x0000010c   Code   RO         3230    i.GPS_UART_Init     gps.o
    0x0801179c   0x0801179c   0x00000020   Code   RO         1420    i.GetBlockDataCnt   ui_sampblock.o
    0x080117bc   0x080117bc   0x00000074   Code   RO         1421    i.GetBlockDataDirInfo  ui_sampblock.o
    0x08011830   0x08011830   0x00000020   Code   RO         7094    i.GetEPRxAddr       usb_regs.o
    0x08011850   0x08011850   0x00000024   Code   RO         7095    i.GetEPRxCount      usb_regs.o
    0x08011874   0x08011874   0x00000020   Code   RO         7097    i.GetEPTxAddr       usb_regs.o
    0x08011894   0x08011894   0x000000b0   Code   RO          980    i.GetHouDuAvg       ui_sample10.o
    0x08011944   0x08011944   0x00000014   Code   RO         1278    i.GetJGJHegeFlagAfter  ui_sampjgj.o
    0x08011958   0x08011958   0x00000024   Code   RO         1279    i.GetJGJHegeFlagBefore  ui_sampjgj.o
    0x0801197c   0x0801197c   0x000000e8   Code   RO         1280    i.GetJGJHouDuAvg    ui_sampjgj.o
    0x08011a64   0x08011a64   0x00000048   Code   RO         1281    i.GetJGJSaveCnt     ui_sampjgj.o
    0x08011aac   0x08011aac   0x00000120   Code   RO          746    i.GetNameShort      ui_public.o
    0x08011bcc   0x08011bcc   0x00000070   Code   RO         1810    i.GetOneChRebarResult  aimlib.o
    0x08011c3c   0x08011c3c   0x00000490   Code   RO         1811    i.GetRebarCnt_Dif   aimlib.o
    0x080120cc   0x080120cc   0x000005a6   Code   RO         1812    i.GetRebarCnt_Sub   aimlib.o
    0x08012672   0x08012672   0x00000002   PAD
    0x08012674   0x08012674   0x00000138   Code   RO         1813    i.GetRebarResult    aimlib.o
    0x080127ac   0x080127ac   0x00000028   Code   RO          981    i.GetSampDataCnt    ui_sample10.o
    0x080127d4   0x080127d4   0x00000050   Code   RO          377    i.GetSignalData     opdata.o
    0x08012824   0x08012824   0x00000050   Code   RO         1814    i.GetSourceData     aimlib.o
    0x08012874   0x08012874   0x00000034   Code   RO         2156    i.Get_ADC_Value     batadc.o
    0x080128a8   0x080128a8   0x00000274   Code   RO          378    i.Get_Adc_Data      opdata.o
    0x08012b1c   0x08012b1c   0x0000017c   Code   RO          379    i.Get_Adc_DataOrig  opdata.o
    0x08012c98   0x08012c98   0x00000024   Code   RO          747    i.Get_BatPrcnt      ui_public.o
    0x08012cbc   0x08012cbc   0x000000cc   Code   RO         2157    i.Get_Bat_Percent   batadc.o
    0x08012d88   0x08012d88   0x0000001c   Code   RO         2158    i.Get_Bat_Quantity  batadc.o
    0x08012da4   0x08012da4   0x00000060   Code   RO         2159    i.Get_Bat_Voltage   batadc.o
    0x08012e04   0x08012e04   0x000000cc   Code   RO          380    i.Get_CarJourney    opdata.o
    0x08012ed0   0x08012ed0   0x000000ac   Code   RO         2595    i.Get_DragChannel   touch.o
    0x08012f7c   0x08012f7c   0x00000044   Code   RO          748    i.Get_FatFreePrcnt  ui_public.o
    0x08012fc0   0x08012fc0   0x000000d0   Code   RO         3837    i.Get_HzMat         pytext.o
    0x08013090   0x08013090   0x0000001c   Code   RO         7672    i.Get_Max_Lun       usb_prop.o
    0x080130ac   0x080130ac   0x00000034   Code   RO         7436    i.Get_SerialNum     hw_config.o
    0x080130e0   0x080130e0   0x00000460   Code   RO         2596    i.Get_Touch_Res     touch.o
    0x08013540   0x08013540   0x0000005c   Code   RO         3518    i.HC_AUTOSEND_Answer  hcbt20.o
    0x0801359c   0x0801359c   0x0000003c   Code   RO         3519    i.HC_BAT_Answer     hcbt20.o
    0x080135d8   0x080135d8   0x00000050   Code   RO         3520    i.HC_CTRL_Answer    hcbt20.o
    0x08013628   0x08013628   0x0000023c   Code   RO         3521    i.HC_DIR_Answer     hcbt20.o
    0x08013864   0x08013864   0x0000006c   Code   RO         3522    i.HC_INFO_Answer    hcbt20.o
    0x080138d0   0x080138d0   0x000001d4   Code   RO         3523    i.HC_JGJHIST_Answer  hcbt20.o
    0x08013aa4   0x08013aa4   0x00000244   Code   RO         3524    i.HC_JGJRT_Answer   hcbt20.o
    0x08013ce8   0x08013ce8   0x00000044   Code   RO         3525    i.HC_MEM_Answer     hcbt20.o
    0x08013d2c   0x08013d2c   0x00000114   Code   RO         3526    i.HC_QUICKHIST_Answer  hcbt20.o
    0x08013e40   0x08013e40   0x000001c8   Code   RO         3527    i.HC_QUICKRT_Answer  hcbt20.o
    0x08014008   0x08014008   0x00000138   Code   RO         3528    i.HC_RDFILE_Answer  hcbt20.o
    0x08014140   0x08014140   0x00000124   Code   RO         3529    i.HC_SYSPARA_Answer  hcbt20.o
    0x08014264   0x08014264   0x0000004c   Code   RO         3530    i.HC_TEMP_Answer    hcbt20.o
    0x080142b0   0x080142b0   0x00000008   Code   RO         5948    i.HardFault_Handler  stm32f10x_it.o
    0x080142b8   0x080142b8   0x0000027c   Code   RO         1027    i.HighParaSet_Fun   ui_sampset.o
    0x08014534   0x08014534   0x00000068   Code   RO         1028    i.HighParaSet_Init  ui_sampset.o
    0x0801459c   0x0801459c   0x00000038   Code   RO         3341    i.IIC_Ack           ft6336u.o
    0x080145d4   0x080145d4   0x00000034   Code   RO         3342    i.IIC_Init          ft6336u.o
    0x08014608   0x08014608   0x00000038   Code   RO         3343    i.IIC_NAck          ft6336u.o
    0x08014640   0x08014640   0x00000058   Code   RO         3344    i.IIC_Read_Byte     ft6336u.o
    0x08014698   0x08014698   0x00000060   Code   RO         3345    i.IIC_Send_Byte     ft6336u.o
    0x080146f8   0x080146f8   0x00000038   Code   RO         3346    i.IIC_Start         ft6336u.o
    0x08014730   0x08014730   0x00000034   Code   RO         3347    i.IIC_Stop          ft6336u.o
    0x08014764   0x08014764   0x0000004c   Code   RO         3348    i.IIC_Wait_Ack      ft6336u.o
    0x080147b0   0x080147b0   0x00000010   Code   RO         5755    i.IWDG_Enable       stm32f10x_iwdg.o
    0x080147c0   0x080147c0   0x00000008   Code   RO         2878    i.IWDG_Feed         iwdog.o
    0x080147c8   0x080147c8   0x00000024   Code   RO         2879    i.IWDG_Init         iwdog.o
    0x080147ec   0x080147ec   0x00000010   Code   RO         5757    i.IWDG_ReloadCounter  stm32f10x_iwdg.o
    0x080147fc   0x080147fc   0x0000000c   Code   RO         5758    i.IWDG_SetPrescaler  stm32f10x_iwdg.o
    0x08014808   0x08014808   0x0000000c   Code   RO         5759    i.IWDG_SetReload    stm32f10x_iwdg.o
    0x08014814   0x08014814   0x0000000c   Code   RO         5760    i.IWDG_WriteAccessCmd  stm32f10x_iwdg.o
    0x08014820   0x08014820   0x00000070   Code   RO         6882    i.In0_Process       usb_core.o
    0x08014890   0x08014890   0x0000004c   Code   RO         1815    i.InitAimPara       aimlib.o
    0x080148dc   0x080148dc   0x00000020   Code   RO         1816    i.InitAimRebarParaCH1  aimlib.o
    0x080148fc   0x080148fc   0x00000020   Code   RO         1817    i.InitAimRebarParaCH2  aimlib.o
    0x0801491c   0x0801491c   0x00000020   Code   RO         1818    i.InitAimRebarParaCH3  aimlib.o
    0x0801493c   0x0801493c   0x00000030   Code   RO         1819    i.InitAimRebarResult  aimlib.o
    0x0801496c   0x0801496c   0x00000214   Code   RO          620    i.InitSysPara       oppara.o
    0x08014b80   0x08014b80   0x0000003e   Code   RO         7437    i.IntToUnicode      hw_config.o
    0x08014bbe   0x08014bbe   0x00000002   PAD
    0x08014bc0   0x08014bc0   0x000000b8   Code   RO         1282    i.IsRebarHege       ui_sampjgj.o
    0x08014c78   0x08014c78   0x00000040   Code   RO         1283    i.IsRebarTested     ui_sampjgj.o
    0x08014cb8   0x08014cb8   0x00000030   Code   RO         1422    i.IsViewAbleFun     ui_sampblock.o
    0x08014ce8   0x08014ce8   0x0000005c   Code   RO         2597    i.Is_DesignArea_Slide  touch.o
    0x08014d44   0x08014d44   0x0000005c   Code   RO         2598    i.Is_DesignArea_Touch  touch.o
    0x08014da0   0x08014da0   0x00000298   Code   RO         1547    i.JGJDataOrig       ui_browse10.o
    0x08015038   0x08015038   0x00000834   Code   RO         1548    i.JGJDataOrigRefresh  ui_browse10.o
    0x0801586c   0x0801586c   0x000000a4   Code   RO         1549    i.JGJDataViewFun    ui_browse10.o
    0x08015910   0x08015910   0x00000478   Code   RO         1550    i.JGJDataViewInit   ui_browse10.o
    0x08015d88   0x08015d88   0x000003d4   Code   RO         1551    i.JGJPreView        ui_browse10.o
    0x0801615c   0x0801615c   0x00000084   Code   RO         2267    i.Key_Init          key.o
    0x080161e0   0x080161e0   0x000000c4   Code   RO         2268    i.Key_Scan          key.o
    0x080162a4   0x080162a4   0x00000016   Code   RO         2292    i.LCD_Clear         lcd.o
    0x080162ba   0x080162ba   0x000000e0   Code   RO         2294    i.LCD_DrawLine      lcd.o
    0x0801639a   0x0801639a   0x00000002   PAD
    0x0801639c   0x0801639c   0x000001b4   Code   RO         2295    i.LCD_DrawLineDotted  lcd.o
    0x08016550   0x08016550   0x00000064   Code   RO         2296    i.LCD_DrawPoint     lcd.o
    0x080165b4   0x080165b4   0x0000006e   Code   RO         2297    i.LCD_DrawRect      lcd.o
    0x08016622   0x08016622   0x00000002   PAD
    0x08016624   0x08016624   0x000000bc   Code   RO         2298    i.LCD_FillRect      lcd.o
    0x080166e0   0x080166e0   0x000000e0   Code   RO         2299    i.LCD_FillRectMZJ   lcd.o
    0x080167c0   0x080167c0   0x00000104   Code   RO         2300    i.LCD_Init          lcd.o
    0x080168c4   0x080168c4   0x0000005a   Code   RO         2301    i.LCD_ReadPoint     lcd.o
    0x0801691e   0x0801691e   0x000000f8   Code   RO         2302    i.LCD_ReadRect      lcd.o
    0x08016a16   0x08016a16   0x00000002   PAD
    0x08016a18   0x08016a18   0x00000014   Code   RO         2303    i.LCD_SetColor      lcd.o
    0x08016a2c   0x08016a2c   0x000001f0   Code   RO         2304    i.LCD_ShowASC       lcd.o
    0x08016c1c   0x08016c1c   0x000001c0   Code   RO         2305    i.LCD_ShowASC_NBK   lcd.o
    0x08016ddc   0x08016ddc   0x000001bc   Code   RO         2306    i.LCD_ShowBMP       lcd.o
    0x08016f98   0x08016f98   0x00000148   Code   RO         2307    i.LCD_ShowCh        lcd.o
    0x080170e0   0x080170e0   0x0000011c   Code   RO         2308    i.LCD_ShowCh_NBK    lcd.o
    0x080171fc   0x080171fc   0x0000011c   Code   RO         2309    i.LCD_ShowChinese   lcd.o
    0x08017318   0x08017318   0x00000090   Code   RO         2311    i.LCD_ShowNnNums    lcd.o
    0x080173a8   0x080173a8   0x0000025c   Code   RO         2312    i.LCD_ShowNum       lcd.o
    0x08017604   0x08017604   0x00000228   Code   RO         2313    i.LCD_ShowNum_NBK   lcd.o
    0x0801782c   0x0801782c   0x00000064   Code   RO         2314    i.LCD_ShowNums      lcd.o
    0x08017890   0x08017890   0x00000148   Code   RO         2315    i.LCD_ShowNums_Center  lcd.o
    0x080179d8   0x080179d8   0x00000084   Code   RO         2316    i.LCD_ShowPicture   lcd.o
    0x08017a5c   0x08017a5c   0x0000004a   Code   RO         2317    i.LCD_ShowString    lcd.o
    0x08017aa6   0x08017aa6   0x00000002   PAD
    0x08017aa8   0x08017aa8   0x00000174   Code   RO         2318    i.LCD_ShowText      lcd.o
    0x08017c1c   0x08017c1c   0x00000130   Code   RO         2319    i.LCD_ShowText_Center  lcd.o
    0x08017d4c   0x08017d4c   0x00000038   Code   RO         2320    i.LCD_ShowZimo      lcd.o
    0x08017d84   0x08017d84   0x0000014c   Code   RO         2321    i.LCD_ShowZimo_BK   lcd.o
    0x08017ed0   0x08017ed0   0x00000120   Code   RO         2322    i.LCD_ShowZimo_NBK  lcd.o
    0x08017ff0   0x08017ff0   0x00000114   Code   RO         2076    i.LED_Ctrl          ledbeep.o
    0x08018104   0x08018104   0x000001e0   Code   RO         2323    i.Lcd_Config        lcd.o
    0x080182e4   0x080182e4   0x0000010c   Code   RO         2077    i.Led_Beep_Init     ledbeep.o
    0x080183f0   0x080183f0   0x0000001e   Code   RO         7501    i.MAL_GetStatus     mass_mal.o
    0x0801840e   0x0801840e   0x0000002e   Code   RO         7503    i.MAL_Read          mass_mal.o
    0x0801843c   0x0801843c   0x0000002e   Code   RO         7504    i.MAL_Write         mass_mal.o
    0x0801846a   0x0801846a   0x00000002   PAD
    0x0801846c   0x0801846c   0x00000060   Code   RO         7673    i.MASS_Data_Setup   usb_prop.o
    0x080184cc   0x080184cc   0x00000014   Code   RO         7674    i.MASS_GetConfigDescriptor  usb_prop.o
    0x080184e0   0x080184e0   0x00000014   Code   RO         7675    i.MASS_GetDeviceDescriptor  usb_prop.o
    0x080184f4   0x080184f4   0x00000028   Code   RO         7676    i.MASS_GetStringDescriptor  usb_prop.o
    0x0801851c   0x0801851c   0x00000016   Code   RO         7677    i.MASS_Get_Interface_Setting  usb_prop.o
    0x08018532   0x08018532   0x00000002   PAD
    0x08018534   0x08018534   0x0000005c   Code   RO         7678    i.MASS_NoData_Setup  usb_prop.o
    0x08018590   0x08018590   0x000000ec   Code   RO         7679    i.MASS_Reset        usb_prop.o
    0x0801867c   0x0801867c   0x00000002   Code   RO         7680    i.MASS_Status_In    usb_prop.o
    0x0801867e   0x0801867e   0x00000002   Code   RO         7681    i.MASS_Status_Out   usb_prop.o
    0x08018680   0x08018680   0x00000028   Code   RO         7682    i.MASS_init         usb_prop.o
    0x080186a8   0x080186a8   0x00000098   Code   RO         1820    i.MZKAimFunc        aimlib.o
    0x08018740   0x08018740   0x0000001c   Code   RO         7683    i.Mass_Storage_ClearFeature  usb_prop.o
    0x0801875c   0x0801875c   0x00000074   Code   RO         7578    i.Mass_Storage_In   usb_bot.o
    0x080187d0   0x080187d0   0x00000090   Code   RO         7579    i.Mass_Storage_Out  usb_bot.o
    0x08018860   0x08018860   0x00000030   Code   RO         7684    i.Mass_Storage_SetConfiguration  usb_prop.o
    0x08018890   0x08018890   0x0000000c   Code   RO         7685    i.Mass_Storage_SetDeviceAddress  usb_prop.o
    0x0801889c   0x0801889c   0x00000004   Code   RO         5949    i.MemManage_Handler  stm32f10x_it.o
    0x080188a0   0x080188a0   0x00000002   Code   RO         5950    i.NMI_Handler       stm32f10x_it.o
    0x080188a2   0x080188a2   0x00000002   Code   RO         6883    i.NOP_Process       usb_core.o
    0x080188a4   0x080188a4   0x00000070   Code   RO         3855    i.NVIC_Init         misc.o
    0x08018914   0x08018914   0x00000014   Code   RO         3856    i.NVIC_PriorityGroupConfig  misc.o
    0x08018928   0x08018928   0x00000138   Code   RO         6884    i.NoData_Setup0     usb_core.o
    0x08018a60   0x08018a60   0x00000578   Code   RO          850    i.NumSetDialog      ui_dialog.o
    0x08018fd8   0x08018fd8   0x00000050   Code   RO         6885    i.Out0_Process      usb_core.o
    0x08019028   0x08019028   0x00000028   Code   RO         7057    i.PMAToUserBufferCopy  usb_mem.o
    0x08019050   0x08019050   0x0000000c   Code   RO         5797    i.PWR_BackupAccessCmd  stm32f10x_pwr.o
    0x0801905c   0x0801905c   0x00000044   Code   RO          652    i.ParaTableDefault  optable.o
    0x080190a0   0x080190a0   0x00000040   Code   RO          653    i.ParaTableDefaultAll  optable.o
    0x080190e0   0x080190e0   0x00000002   Code   RO         5951    i.PendSV_Handler    stm32f10x_it.o
    0x080190e2   0x080190e2   0x00000002   PAD
    0x080190e4   0x080190e4   0x00000048   Code   RO         6886    i.Post0_Process     usb_core.o
    0x0801912c   0x0801912c   0x0000000c   Code   RO         2654    i.PowerOffCnt_Reset  systic.o
    0x08019138   0x08019138   0x00000040   Code   RO         7778    i.PowerOn           usb_pwr.o
    0x08019178   0x08019178   0x000000a4   Code   RO         2227    i.Power_Init        power.o
    0x0801921c   0x0801921c   0x00000444   Code   RO          851    i.PromptDialog      ui_dialog.o
    0x08019660   0x08019660   0x0000002c   Code   RO         2078    i.PromptTone_Once   ledbeep.o
    0x0801968c   0x0801968c   0x00000002   Code   RO         2228    i.PwrOffFunc        power.o
    0x0801968e   0x0801968e   0x00000002   PAD
    0x08019690   0x08019690   0x00000020   Code   RO         2229    i.PwrOnFunc         power.o
    0x080196b0   0x080196b0   0x00000018   Code   RO         5483    i.RCC_ADCCLKConfig  stm32f10x_rcc.o
    0x080196c8   0x080196c8   0x00000020   Code   RO         5484    i.RCC_AHBPeriphClockCmd  stm32f10x_rcc.o
    0x080196e8   0x080196e8   0x00000020   Code   RO         5485    i.RCC_APB1PeriphClockCmd  stm32f10x_rcc.o
    0x08019708   0x08019708   0x00000020   Code   RO         5486    i.RCC_APB1PeriphResetCmd  stm32f10x_rcc.o
    0x08019728   0x08019728   0x00000020   Code   RO         5487    i.RCC_APB2PeriphClockCmd  stm32f10x_rcc.o
    0x08019748   0x08019748   0x00000020   Code   RO         5488    i.RCC_APB2PeriphResetCmd  stm32f10x_rcc.o
    0x08019768   0x08019768   0x000000d4   Code   RO         5495    i.RCC_GetClocksFreq  stm32f10x_rcc.o
    0x0801983c   0x0801983c   0x00000034   Code   RO         5503    i.RCC_LSEConfig     stm32f10x_rcc.o
    0x08019870   0x08019870   0x0000000c   Code   RO         5513    i.RCC_USBCLKConfig  stm32f10x_rcc.o
    0x0801987c   0x0801987c   0x0000000a   Code   RO         2765    i.RX8010_Delay      rx8010.o
    0x08019886   0x08019886   0x00000002   PAD
    0x08019888   0x08019888   0x00000040   Code   RO         2766    i.RX8010_IIC_NAck   rx8010.o
    0x080198c8   0x080198c8   0x00000060   Code   RO         2767    i.RX8010_IIC_Read_Byte  rx8010.o
    0x08019928   0x08019928   0x00000068   Code   RO         2768    i.RX8010_IIC_Send_Byte  rx8010.o
    0x08019990   0x08019990   0x00000040   Code   RO         2769    i.RX8010_IIC_Start  rx8010.o
    0x080199d0   0x080199d0   0x00000038   Code   RO         2770    i.RX8010_IIC_Stop   rx8010.o
    0x08019a08   0x08019a08   0x00000060   Code   RO         2771    i.RX8010_IIC_Wait_Ack  rx8010.o
    0x08019a68   0x08019a68   0x00000016   Code   RO         2772    i.RX8010_IIC_delay_us  rx8010.o
    0x08019a7e   0x08019a7e   0x00000002   PAD
    0x08019a80   0x08019a80   0x00000074   Code   RO         2773    i.RX8010_Init       rx8010.o
    0x08019af4   0x08019af4   0x0000003c   Code   RO         2774    i.RX8010_RD_Reg     rx8010.o
    0x08019b30   0x08019b30   0x0000014a   Code   RO         2775    i.RX8010_ReadTime   rx8010.o
    0x08019c7a   0x08019c7a   0x00000002   PAD
    0x08019c7c   0x08019c7c   0x00000024   Code   RO         2776    i.RX8010_SDA_IN     rx8010.o
    0x08019ca0   0x08019ca0   0x00000024   Code   RO         2777    i.RX8010_SDA_OUT    rx8010.o
    0x08019cc4   0x08019cc4   0x00000188   Code   RO         2778    i.RX8010_SetTime    rx8010.o
    0x08019e4c   0x08019e4c   0x00000038   Code   RO         2779    i.RX8010_TimeRst    rx8010.o
    0x08019e84   0x08019e84   0x00000032   Code   RO         2780    i.RX8010_WR_Reg     rx8010.o
    0x08019eb6   0x08019eb6   0x00000002   PAD
    0x08019eb8   0x08019eb8   0x000000a8   Code   RO         1700    i.RadioButtonDisp   ui_paraset10.o
    0x08019f60   0x08019f60   0x00000494   Code   RO         1552    i.ReadFileData      ui_browse10.o
    0x0801a3f4   0x0801a3f4   0x0000007c   Code   RO         1553    i.ReadFileHead      ui_browse10.o
    0x0801a470   0x0801a470   0x00000028   Code   RO          621    i.ReadSysPara       oppara.o
    0x0801a498   0x0801a498   0x00000108   Code   RO         7537    i.Read_Memory       memory.o
    0x0801a5a0   0x0801a5a0   0x0000000c   Code   RO         1821    i.ReflashRedDot     aimlib.o
    0x0801a5ac   0x0801a5ac   0x0000008c   Code   RO         7819    i.SCSI_Address_Management  usb_scsi.o
    0x0801a638   0x0801a638   0x00000030   Code   RO         7820    i.SCSI_Format_Cmd   usb_scsi.o
    0x0801a668   0x0801a668   0x00000048   Code   RO         7821    i.SCSI_Inquiry_Cmd  usb_scsi.o
    0x0801a6b0   0x0801a6b0   0x00000044   Code   RO         7822    i.SCSI_Invalid_Cmd  usb_scsi.o
    0x0801a6f4   0x0801a6f4   0x00000014   Code   RO         7823    i.SCSI_ModeSense10_Cmd  usb_scsi.o
    0x0801a708   0x0801a708   0x00000014   Code   RO         7824    i.SCSI_ModeSense6_Cmd  usb_scsi.o
    0x0801a71c   0x0801a71c   0x00000078   Code   RO         7825    i.SCSI_Read10_Cmd   usb_scsi.o
    0x0801a794   0x0801a794   0x0000009c   Code   RO         7826    i.SCSI_ReadCapacity10_Cmd  usb_scsi.o
    0x0801a830   0x0801a830   0x00000088   Code   RO         7827    i.SCSI_ReadFormatCapacity_Cmd  usb_scsi.o
    0x0801a8b8   0x0801a8b8   0x00000028   Code   RO         7828    i.SCSI_RequestSense_Cmd  usb_scsi.o
    0x0801a8e0   0x0801a8e0   0x0000000e   Code   RO         7829    i.SCSI_Start_Stop_Unit_Cmd  usb_scsi.o
    0x0801a8ee   0x0801a8ee   0x00000002   PAD
    0x0801a8f0   0x0801a8f0   0x00000038   Code   RO         7830    i.SCSI_TestUnitReady_Cmd  usb_scsi.o
    0x0801a928   0x0801a928   0x00000040   Code   RO         7832    i.SCSI_Verify10_Cmd  usb_scsi.o
    0x0801a968   0x0801a968   0x00000080   Code   RO         7833    i.SCSI_Write10_Cmd  usb_scsi.o
    0x0801a9e8   0x0801a9e8   0x0000002c   Code   RO         3349    i.SDA_IN            ft6336u.o
    0x0801aa14   0x0801aa14   0x0000002c   Code   RO         3350    i.SDA_OUT           ft6336u.o
    0x0801aa40   0x0801aa40   0x00000018   Code   RO         5344    i.SPI_Cmd           stm32f10x_spi.o
    0x0801aa58   0x0801aa58   0x00000012   Code   RO         5352    i.SPI_I2S_GetFlagStatus  stm32f10x_spi.o
    0x0801aa6a   0x0801aa6a   0x00000006   Code   RO         5355    i.SPI_I2S_ReceiveData  stm32f10x_spi.o
    0x0801aa70   0x0801aa70   0x00000004   Code   RO         5356    i.SPI_I2S_SendData  stm32f10x_spi.o
    0x0801aa74   0x0801aa74   0x0000003c   Code   RO         5357    i.SPI_Init          stm32f10x_spi.o
    0x0801aab0   0x0801aab0   0x00000054   Code   RO         6471    i.SPI_ReadWriteByte  w25qxx.o
    0x0801ab04   0x0801ab04   0x00000002   Code   RO         5952    i.SVC_Handler       stm32f10x_it.o
    0x0801ab06   0x0801ab06   0x00000016   Code   RO         3132    i.SWDelay_us        ct1711.o
    0x0801ab1c   0x0801ab1c   0x0000006c   Code   RO         3134    i.SWire_Read_Bit    ct1711.o
    0x0801ab88   0x0801ab88   0x0000001e   Code   RO         3135    i.SWire_Read_Byte   ct1711.o
    0x0801aba6   0x0801aba6   0x00000002   PAD
    0x0801aba8   0x0801aba8   0x0000003c   Code   RO         3136    i.SWire_Rst         ct1711.o
    0x0801abe4   0x0801abe4   0x000003f8   Code   RO         1029    i.SampParaOptions   ui_sampset.o
    0x0801afdc   0x0801afdc   0x00000180   Code   RO         1030    i.SampParaSet_Init  ui_sampset.o
    0x0801b15c   0x0801b15c   0x00000430   Code   RO         1167    i.SampleDataView_Fun  ui_analyze.o
    0x0801b58c   0x0801b58c   0x0000042c   Code   RO         1284    i.SampleJGJ_Init    ui_sampjgj.o
    0x0801b9b8   0x0801b9b8   0x000010bc   Code   RO         1822    i.SaveAdcDataBuf    aimlib.o
    0x0801ca74   0x0801ca74   0x00000048   Code   RO         1423    i.SaveBlockData     ui_sampblock.o
    0x0801cabc   0x0801cabc   0x000002a8   Code   RO         1424    i.SaveBlockFile     ui_sampblock.o
    0x0801cd64   0x0801cd64   0x0000003c   Code   RO          381    i.SaveDotData       opdata.o
    0x0801cda0   0x0801cda0   0x00000190   Code   RO         1285    i.SaveJGJFile       ui_sampjgj.o
    0x0801cf30   0x0801cf30   0x00000384   Code   RO          982    i.SaveSampFile      ui_sample10.o
    0x0801d2b4   0x0801d2b4   0x000001ec   Code   RO         1823    i.SaveSourceDataFile  aimlib.o
    0x0801d4a0   0x0801d4a0   0x00000048   Code   RO          622    i.SaveSysPara       oppara.o
    0x0801d4e8   0x0801d4e8   0x00000050   Code   RO          573    i.Scan_FileCount    opfile.o
    0x0801d538   0x0801d538   0x00000064   Code   RO          574    i.Scan_FileIndex    opfile.o
    0x0801d59c   0x0801d59c   0x00000224   Code   RO          575    i.Scan_OnePageFiles  opfile.o
    0x0801d7c0   0x0801d7c0   0x00000600   Code   RO          852    i.SelectDialog      ui_dialog.o
    0x0801ddc0   0x0801ddc0   0x00000140   Code   RO         1554    i.SelectFileOpt     ui_browse10.o
    0x0801df00   0x0801df00   0x0000005c   Code   RO         1555    i.SelectFileRefresh  ui_browse10.o
    0x0801df5c   0x0801df5c   0x00000048   Code   RO          679    i.SendUiNo          config_ui.o
    0x0801dfa4   0x0801dfa4   0x00000010   Code   RO         7105    i.SetBTABLE         usb_regs.o
    0x0801dfb4   0x0801dfb4   0x00000024   Code   RO         2560    i.SetBkLedPercent   bkled.o
    0x0801dfd8   0x0801dfd8   0x00000050   Code   RO         6887    i.SetDeviceAddress  usb_core.o
    0x0801e028   0x0801e028   0x00000072   Code   RO         2325    i.SetDispArea       lcd.o
    0x0801e09a   0x0801e09a   0x00000002   PAD
    0x0801e09c   0x0801e09c   0x00000024   Code   RO         7119    i.SetEPRxAddr       usb_regs.o
    0x0801e0c0   0x0801e0c0   0x0000004c   Code   RO         7120    i.SetEPRxCount      usb_regs.o
    0x0801e10c   0x0801e10c   0x00000040   Code   RO         7121    i.SetEPRxStatus     usb_regs.o
    0x0801e14c   0x0801e14c   0x00000034   Code   RO         7122    i.SetEPRxValid      usb_regs.o
    0x0801e180   0x0801e180   0x00000020   Code   RO         7123    i.SetEPTxAddr       usb_regs.o
    0x0801e1a0   0x0801e1a0   0x0000001c   Code   RO         7124    i.SetEPTxCount      usb_regs.o
    0x0801e1bc   0x0801e1bc   0x00000040   Code   RO         7125    i.SetEPTxStatus     usb_regs.o
    0x0801e1fc   0x0801e1fc   0x00000024   Code   RO         7127    i.SetEPType         usb_regs.o
    0x0801e220   0x0801e220   0x00000048   Code   RO         1286    i.SetJGJHegeCnt     ui_sampjgj.o
    0x0801e268   0x0801e268   0x00000072   Code   RO         2326    i.SetReadArea       lcd.o
    0x0801e2da   0x0801e2da   0x00000008   Code   RO         6025    i.SetSysClock       system_stm32f10x.o
    0x0801e2e2   0x0801e2e2   0x00000002   PAD
    0x0801e2e4   0x0801e2e4   0x000000e0   Code   RO         6026    i.SetSysClockTo48   system_stm32f10x.o
    0x0801e3c4   0x0801e3c4   0x0000003c   Code   RO         7580    i.Set_CSW           usb_bot.o
    0x0801e400   0x0801e400   0x0000000c   Code   RO         7834    i.Set_Scsi_Sense_Data  usb_scsi.o
    0x0801e40c   0x0801e40c   0x00000012   Code   RO         7441    i.Set_USBClock      hw_config.o
    0x0801e41e   0x0801e41e   0x00000002   PAD
    0x0801e420   0x0801e420   0x000000b8   Code   RO         6888    i.Setup0_Process    usb_core.o
    0x0801e4d8   0x0801e4d8   0x0000007e   Code   RO         3838    i.Show_Text         pytext.o
    0x0801e556   0x0801e556   0x0000001a   Code   RO         2206    i.Sleep_ms          delay.o
    0x0801e570   0x0801e570   0x00000016   Code   RO         2207    i.Sleep_us          delay.o
    0x0801e586   0x0801e586   0x00000002   PAD
    0x0801e588   0x0801e588   0x00000140   Code   RO         1824    i.SourceBufAddData  aimlib.o
    0x0801e6c8   0x0801e6c8   0x00000090   Code   RO         1825    i.SourceBufGetData  aimlib.o
    0x0801e758   0x0801e758   0x0000016c   Code   RO         6889    i.Standard_ClearFeature  usb_core.o
    0x0801e8c4   0x0801e8c4   0x0000002c   Code   RO         6890    i.Standard_GetConfiguration  usb_core.o
    0x0801e8f0   0x0801e8f0   0x00000024   Code   RO         6891    i.Standard_GetDescriptorData  usb_core.o
    0x0801e914   0x0801e914   0x0000002c   Code   RO         6892    i.Standard_GetInterface  usb_core.o
    0x0801e940   0x0801e940   0x00000100   Code   RO         6893    i.Standard_GetStatus  usb_core.o
    0x0801ea40   0x0801ea40   0x00000048   Code   RO         6894    i.Standard_SetConfiguration  usb_core.o
    0x0801ea88   0x0801ea88   0x00000028   Code   RO         6895    i.Standard_SetDeviceFeature  usb_core.o
    0x0801eab0   0x0801eab0   0x000000d0   Code   RO         6896    i.Standard_SetEndPointFeature  usb_core.o
    0x0801eb80   0x0801eb80   0x0000006c   Code   RO         6897    i.Standard_SetInterface  usb_core.o
    0x0801ebec   0x0801ebec   0x0000050a   Code   RO         1826    i.SubAimFunc        aimlib.o
    0x0801f0f6   0x0801f0f6   0x00000048   Code   RO         1827    i.SubCoverModify    aimlib.o
    0x0801f13e   0x0801f13e   0x00000002   PAD
    0x0801f140   0x0801f140   0x0000029c   Code   RO         1701    i.SysParaOpt        ui_paraset10.o
    0x0801f3dc   0x0801f3dc   0x000000e4   Code   RO         1702    i.SysParaOptRes     ui_paraset10.o
    0x0801f4c0   0x0801f4c0   0x00000078   Code   RO         1703    i.SysParaSet_Init   ui_paraset10.o
    0x0801f538   0x0801f538   0x00000138   Code   RO         2656    i.SysTick_Handler   systic.o
    0x0801f670   0x0801f670   0x000000c0   Code   RO         2657    i.SysTick_Init      systic.o
    0x0801f730   0x0801f730   0x00000060   Code   RO         6028    i.SystemInit        system_stm32f10x.o
    0x0801f790   0x0801f790   0x0000001a   Code   RO         2109    i.TIM2_IRQHandler   timer.o
    0x0801f7aa   0x0801f7aa   0x00000058   Code   RO         2110    i.TIM2_Int_Init     timer.o
    0x0801f802   0x0801f802   0x00000002   PAD
    0x0801f804   0x0801f804   0x00000048   Code   RO         2111    i.TIM4_IRQHandler   timer.o
    0x0801f84c   0x0801f84c   0x00000060   Code   RO         2112    i.TIM4_Int_Init     timer.o
    0x0801f8ac   0x0801f8ac   0x00000006   Code   RO         4622    i.TIM_ClearITPendingBit  stm32f10x_tim.o
    0x0801f8b2   0x0801f8b2   0x00000018   Code   RO         4627    i.TIM_Cmd           stm32f10x_tim.o
    0x0801f8ca   0x0801f8ca   0x00000022   Code   RO         4648    i.TIM_GetITStatus   stm32f10x_tim.o
    0x0801f8ec   0x0801f8ec   0x00000012   Code   RO         4652    i.TIM_ITConfig      stm32f10x_tim.o
    0x0801f8fe   0x0801f8fe   0x00000002   PAD
    0x0801f900   0x0801f900   0x000000a0   Code   RO         4666    i.TIM_OC3Init       stm32f10x_tim.o
    0x0801f9a0   0x0801f9a0   0x00000012   Code   RO         4669    i.TIM_OC3PreloadConfig  stm32f10x_tim.o
    0x0801f9b2   0x0801f9b2   0x00000004   Code   RO         4690    i.TIM_SetCompare3   stm32f10x_tim.o
    0x0801f9b6   0x0801f9b6   0x00000002   PAD
    0x0801f9b8   0x0801f9b8   0x000000a4   Code   RO         4698    i.TIM_TimeBaseInit  stm32f10x_tim.o
    0x0801fa5c   0x0801fa5c   0x00000070   Code   RO         3351    i.TP_INT_EXTI_Init  ft6336u.o
    0x0801facc   0x0801facc   0x00000058   Code   RO         3354    i.TP_RD_Reg         ft6336u.o
    0x0801fb24   0x0801fb24   0x00000034   Code   RO         3355    i.TP_RST_Init       ft6336u.o
    0x0801fb58   0x0801fb58   0x00000088   Code   RO         3356    i.TP_Scan           ft6336u.o
    0x0801fbe0   0x0801fbe0   0x0000001a   Code   RO         3358    i.TP_delay_ms       ft6336u.o
    0x0801fbfa   0x0801fbfa   0x00000016   Code   RO         3359    i.TP_delay_us       ft6336u.o
    0x0801fc10   0x0801fc10   0x000013e0   Code   RO          853    i.TextSetDialog     ui_dialog.o
    0x08020ff0   0x08020ff0   0x0000071c   Code   RO          854    i.TimeSetDialog     ui_dialog.o
    0x0802170c   0x0802170c   0x00000024   Code   RO         2113    i.Touch_Beep_Off    timer.o
    0x08021730   0x08021730   0x00000038   Code   RO         2114    i.Touch_Beep_On     timer.o
    0x08021768   0x08021768   0x00000258   Code   RO         2599    i.Touch_Scan        touch.o
    0x080219c0   0x080219c0   0x00000038   Code   RO         7581    i.Transfer_Data_Request  usb_bot.o
    0x080219f8   0x080219f8   0x00000060   Code   RO         2700    i.UART4_IRQHandler  uart.o
    0x08021a58   0x08021a58   0x000000b4   Code   RO         3531    i.USART1_IRQHandler  hcbt20.o
    0x08021b0c   0x08021b0c   0x000000a0   Code   RO         2703    i.USART2_Init       uart.o
    0x08021bac   0x08021bac   0x000000f8   Code   RO         2704    i.USART2_RX_DMA_Init  uart.o
    0x08021ca4   0x08021ca4   0x00000060   Code   RO         3231    i.USART3_IRQHandler  gps.o
    0x08021d04   0x08021d04   0x0000001e   Code   RO         5160    i.USART_ClearITPendingBit  stm32f10x_usart.o
    0x08021d22   0x08021d22   0x00000018   Code   RO         5163    i.USART_Cmd         stm32f10x_usart.o
    0x08021d3a   0x08021d3a   0x00000012   Code   RO         5164    i.USART_DMACmd      stm32f10x_usart.o
    0x08021d4c   0x08021d4c   0x0000009c   Code   RO         5165    i.USART_DeInit      stm32f10x_usart.o
    0x08021de8   0x08021de8   0x00000054   Code   RO         5167    i.USART_GetITStatus  stm32f10x_usart.o
    0x08021e3c   0x08021e3c   0x0000004a   Code   RO         5169    i.USART_ITConfig    stm32f10x_usart.o
    0x08021e86   0x08021e86   0x00000002   PAD
    0x08021e88   0x08021e88   0x000000d8   Code   RO         5170    i.USART_Init        stm32f10x_usart.o
    0x08021f60   0x08021f60   0x0000000a   Code   RO         5177    i.USART_ReceiveData  stm32f10x_usart.o
    0x08021f6a   0x08021f6a   0x00000008   Code   RO         5180    i.USART_SendData    stm32f10x_usart.o
    0x08021f72   0x08021f72   0x00000002   Code   RO         7442    i.USB_Cable_Config  hw_config.o
    0x08021f74   0x08021f74   0x00000008   Code   RO         5953    i.USB_HP_CAN1_TX_IRQHandler  stm32f10x_it.o
    0x08021f7c   0x08021f7c   0x0000003c   Code   RO         6998    i.USB_Init          usb_init.o
    0x08021fb8   0x08021fb8   0x00000044   Code   RO         7443    i.USB_Interrupts_Config  hw_config.o
    0x08021ffc   0x08021ffc   0x00000050   Code   RO         7654    i.USB_Istr          usb_istr.o
    0x0802204c   0x0802204c   0x0000001c   Code   RO         5954    i.USB_LP_CAN1_RX0_IRQHandler  stm32f10x_it.o
    0x08022068   0x08022068   0x00000080   Code   RO         6999    i.USB_Memery_Init_AK  usb_init.o
    0x080220e8   0x080220e8   0x00000024   Code   RO         6855    i.USB_SIL_Init      usb_sil.o
    0x0802210c   0x0802210c   0x0000002e   Code   RO         6856    i.USB_SIL_Read      usb_sil.o
    0x0802213a   0x0802213a   0x0000002e   Code   RO         6857    i.USB_SIL_Write     usb_sil.o
    0x08022168   0x08022168   0x00000050   Code   RO          680    i.UiInit            config_ui.o
    0x080221b8   0x080221b8   0x00000044   Code   RO          681    i.UiSchedule        config_ui.o
    0x080221fc   0x080221fc   0x0000021c   Code   RO          382    i.UpdateMZK         opdata.o
    0x08022418   0x08022418   0x00000004   Code   RO         5955    i.UsageFault_Handler  stm32f10x_it.o
    0x0802241c   0x0802241c   0x00000038   Code   RO         7058    i.UserToPMABufferCopy  usb_mem.o
    0x08022454   0x08022454   0x00000058   Code   RO         6473    i.W25QXX_Erase_Sector  w25qxx.o
    0x080224ac   0x080224ac   0x0000013c   Code   RO         6474    i.W25QXX_Init       w25qxx.o
    0x080225e8   0x080225e8   0x00000064   Code   RO         6476    i.W25QXX_Read       w25qxx.o
    0x0802264c   0x0802264c   0x00000048   Code   RO         6477    i.W25QXX_ReadID     w25qxx.o
    0x08022694   0x08022694   0x00000050   Code   RO         6478    i.W25QXX_ReadSR     w25qxx.o
    0x080226e4   0x080226e4   0x00000014   Code   RO         6480    i.W25QXX_Wait_Busy  w25qxx.o
    0x080226f8   0x080226f8   0x000000dc   Code   RO         6481    i.W25QXX_Write      w25qxx.o
    0x080227d4   0x080227d4   0x00000020   Code   RO         6483    i.W25QXX_Write_Enable  w25qxx.o
    0x080227f4   0x080227f4   0x00000046   Code   RO         6484    i.W25QXX_Write_NoCheck  w25qxx.o
    0x0802283a   0x0802283a   0x00000002   PAD
    0x0802283c   0x0802283c   0x0000006c   Code   RO         6485    i.W25QXX_Write_Page  w25qxx.o
    0x080228a8   0x080228a8   0x00000040   Code   RO         6487    i.W25Qxx_Enable4ByteAddr  w25qxx.o
    0x080228e8   0x080228e8   0x0000013c   Code   RO          951    i.Water_Light       ui_main.o
    0x08022a24   0x08022a24   0x000002ac   Code   RO         1287    i.WriteJGJCurDot    ui_sampjgj.o
    0x08022cd0   0x08022cd0   0x00000128   Code   RO         7538    i.Write_Memory      memory.o
    0x08022df8   0x08022df8   0x00000028   Code   RO         8284    i.__ARM_fpclassify  m_ws.l(fpclassify.o)
    0x08022e20   0x08022e20   0x00000388   Code   RO         8196    i.__ieee754_rem_pio2  m_ws.l(rred.o)
    0x080231a8   0x080231a8   0x000000fc   Code   RO         8168    i.__kernel_cos      m_ws.l(cos_i.o)
    0x080232a4   0x080232a4   0x000000aa   Code   RO         8286    i.__kernel_poly     m_ws.l(poly.o)
    0x0802334e   0x0802334e   0x00000002   PAD
    0x08023350   0x08023350   0x000000ec   Code   RO         8201    i.__kernel_sin      m_ws.l(sin_i.o)
    0x0802343c   0x0802343c   0x00000010   Code   RO         8171    i.__mathlib_dbl_divzero  m_ws.l(dunder.o)
    0x0802344c   0x0802344c   0x00000006   Code   RO         8172    i.__mathlib_dbl_infnan  m_ws.l(dunder.o)
    0x08023452   0x08023452   0x00000004   Code   RO         8173    i.__mathlib_dbl_infnan2  m_ws.l(dunder.o)
    0x08023456   0x08023456   0x0000000c   Code   RO         8174    i.__mathlib_dbl_invalid  m_ws.l(dunder.o)
    0x08023462   0x08023462   0x0000000e   Code   RO         8175    i.__mathlib_dbl_overflow  m_ws.l(dunder.o)
    0x08023470   0x08023470   0x00000010   Code   RO         8177    i.__mathlib_dbl_underflow  m_ws.l(dunder.o)
    0x08023480   0x08023480   0x00000010   Code   RO         8369    i.__mathlib_narrow  m_ws.l(narrow.o)
    0x08023490   0x08023490   0x00000088   Code   RO         8370    i.__mathlib_tofloat  m_ws.l(narrow.o)
    0x08023518   0x08023518   0x00000016   Code   RO         8408    i.__support_ldexp   m_ws.l(ldexp.o)
    0x0802352e   0x0802352e   0x0000000e   Code   RO         7958    i._is_digit         c_w.l(__printf_wp.o)
    0x0802353c   0x0802353c   0x00000004   Code   RO         2705    i._sys_exit         uart.o
    0x08023540   0x08023540   0x00000220   Code   RO         8159    i.atan              m_ws.l(atan.o)
    0x08023760   0x08023760   0x00000180   Code   RO         8069    i.atan2             m_ws.l(atan2.o)
    0x080238e0   0x080238e0   0x0000002a   Code   RO         8077    i.atof              m_ws.l(atof.o)
    0x0802390a   0x0802390a   0x00000002   PAD
    0x0802390c   0x0802390c   0x00000090   Code   RO         6130    i.check_fs          ff.o
    0x0802399c   0x0802399c   0x00000014   Code   RO         6131    i.chk_chr           ff.o
    0x080239b0   0x080239b0   0x00000032   Code   RO         6132    i.clmt_clust        ff.o
    0x080239e2   0x080239e2   0x0000001a   Code   RO         6133    i.clust2sect        ff.o
    0x080239fc   0x080239fc   0x00000090   Code   RO         6134    i.cmp_lfn           ff.o
    0x08023a8c   0x08023a8c   0x0000009c   Code   RO         8081    i.cos               m_ws.l(cos.o)
    0x08023b28   0x08023b28   0x000000d6   Code   RO         6135    i.create_chain      ff.o
    0x08023bfe   0x08023bfe   0x00000002   PAD
    0x08023c00   0x08023c00   0x00000270   Code   RO         6136    i.create_name       ff.o
    0x08023e70   0x08023e70   0x0000001a   Code   RO         2327    i.delayms           lcd.o
    0x08023e8a   0x08023e8a   0x0000005c   Code   RO         6137    i.dir_alloc         ff.o
    0x08023ee6   0x08023ee6   0x000000ea   Code   RO         6138    i.dir_find          ff.o
    0x08023fd0   0x08023fd0   0x0000010e   Code   RO         6139    i.dir_next          ff.o
    0x080240de   0x080240de   0x000000c6   Code   RO         6140    i.dir_read          ff.o
    0x080241a4   0x080241a4   0x0000012a   Code   RO         6141    i.dir_register      ff.o
    0x080242ce   0x080242ce   0x0000006a   Code   RO         6142    i.dir_remove        ff.o
    0x08024338   0x08024338   0x0000009e   Code   RO         6143    i.dir_sdi           ff.o
    0x080243d6   0x080243d6   0x00000002   PAD
    0x080243d8   0x080243d8   0x0000007c   Code   RO         6066    i.disk_initialize   diskio.o
    0x08024454   0x08024454   0x00000044   Code   RO         6067    i.disk_ioctl        diskio.o
    0x08024498   0x08024498   0x00000054   Code   RO         6068    i.disk_read         diskio.o
    0x080244ec   0x080244ec   0x00000006   Code   RO         6069    i.disk_status       diskio.o
    0x080244f2   0x080244f2   0x00000054   Code   RO         6070    i.disk_write        diskio.o
    0x08024546   0x08024546   0x0000004a   Code   RO         6659    i.exf_getfree       exfuns.o
    0x08024590   0x08024590   0x00000068   Code   RO         6660    i.exfuns_init       exfuns.o
    0x080245f8   0x080245f8   0x00000524   Code   RO          855    i.fNumInputDialog   ui_dialog.o
    0x08024b1c   0x08024b1c   0x00000020   Code   RO         6145    i.f_close           ff.o
    0x08024b3c   0x08024b3c   0x00000016   Code   RO         6146    i.f_closedir        ff.o
    0x08024b52   0x08024b52   0x00000102   Code   RO         6147    i.f_getfree         ff.o
    0x08024c54   0x08024c54   0x000002ac   Code   RO         6150    i.f_lseek           ff.o
    0x08024f00   0x08024f00   0x00000162   Code   RO         6151    i.f_mkdir           ff.o
    0x08025062   0x08025062   0x00000002   PAD
    0x08025064   0x08025064   0x00000644   Code   RO         6152    i.f_mkfs            ff.o
    0x080256a8   0x080256a8   0x0000005c   Code   RO         6153    i.f_mount           ff.o
    0x08025704   0x08025704   0x00000168   Code   RO         6154    i.f_open            ff.o
    0x0802586c   0x0802586c   0x00000072   Code   RO         6155    i.f_opendir         ff.o
    0x080258de   0x080258de   0x000001b0   Code   RO         6159    i.f_read            ff.o
    0x08025a8e   0x08025a8e   0x00000060   Code   RO         6160    i.f_readdir         ff.o
    0x08025aee   0x08025aee   0x000000b0   Code   RO         6164    i.f_sync            ff.o
    0x08025b9e   0x08025b9e   0x000000aa   Code   RO         6166    i.f_unlink          ff.o
    0x08025c48   0x08025c48   0x000001ea   Code   RO         6168    i.f_write           ff.o
    0x08025e32   0x08025e32   0x00000002   PAD
    0x08025e34   0x08025e34   0x00000088   Code   RO         6700    i.ff_convert        cc936.o
    0x08025ebc   0x08025ebc   0x00000038   Code   RO         6701    i.ff_wtoupper       cc936.o
    0x08025ef4   0x08025ef4   0x00000394   Code   RO         6169    i.find_volume       ff.o
    0x08026288   0x08026288   0x00000080   Code   RO         6170    i.fit_lfn           ff.o
    0x08026308   0x08026308   0x00000090   Code   RO         6171    i.follow_path       ff.o
    0x08026398   0x08026398   0x00000044   Code   RO         3738    i.font_init         fontupd.o
    0x080263dc   0x080263dc   0x00000058   Code   RO         8391    i.frexp             m_ws.l(frexp.o)
    0x08026434   0x08026434   0x000000b8   Code   RO         3739    i.fupd_prog         fontupd.o
    0x080264ec   0x080264ec   0x00000130   Code   RO         3232    i.gcj2bd            gps.o
    0x0802661c   0x0802661c   0x000000cc   Code   RO         6172    i.gen_numname       ff.o
    0x080266e8   0x080266e8   0x000000f2   Code   RO         6173    i.get_fat           ff.o
    0x080267da   0x080267da   0x00000002   PAD
    0x080267dc   0x080267dc   0x00000040   Code   RO         6073    i.get_fattime       diskio.o
    0x0802681c   0x0802681c   0x00000110   Code   RO         6174    i.get_fileinfo      ff.o
    0x0802692c   0x0802692c   0x00000048   Code   RO         6175    i.get_ldnumber      ff.o
    0x08026974   0x08026974   0x00000084   Code   RO         3796    i.get_matched_pymb  pyinput.o
    0x080269f8   0x080269f8   0x00000014   Code   RO         3797    i.get_pymb          pyinput.o
    0x08026a0c   0x08026a0c   0x00000518   Code   RO          856    i.iNumInputDialog   ui_dialog.o
    0x08026f24   0x08026f24   0x00000020   Code   RO         6176    i.ld_clust          ff.o
    0x08026f44   0x08026f44   0x00000074   Code   RO         8409    i.ldexp             m_ws.l(ldexp.o)
    0x08026fb8   0x08026fb8   0x0000035c   Code   RO         8186    i.log               m_ws.l(log.o)
    0x08027314   0x08027314   0x000000e4   Code   RO         8089    i.log10             m_ws.l(log10.o)
    0x080273f8   0x080273f8   0x0000015c   Code   RO            1    i.main              main.o
    0x08027554   0x08027554   0x00000026   Code   RO         6177    i.mem_cmp           ff.o
    0x0802757a   0x0802757a   0x0000001a   Code   RO         6178    i.mem_cpy           ff.o
    0x08027594   0x08027594   0x00000014   Code   RO         6179    i.mem_set           ff.o
    0x080275a8   0x080275a8   0x00000034   Code   RO         6180    i.move_window       ff.o
    0x080275dc   0x080275dc   0x0000006c   Code   RO         6588    i.my_mem_free       malloc.o
    0x08027648   0x08027648   0x00000044   Code   RO         6589    i.my_mem_init       malloc.o
    0x0802768c   0x0802768c   0x000000a8   Code   RO         6590    i.my_mem_malloc     malloc.o
    0x08027734   0x08027734   0x00000040   Code   RO         6591    i.my_mem_perused    malloc.o
    0x08027774   0x08027774   0x00000024   Code   RO         6592    i.myfree            malloc.o
    0x08027798   0x08027798   0x00000028   Code   RO         6593    i.mymalloc          malloc.o
    0x080277c0   0x080277c0   0x00000014   Code   RO         6595    i.mymemset          malloc.o
    0x080277d4   0x080277d4   0x00000074   Code   RO         3233    i.outOfChina        gps.o
    0x08027848   0x08027848   0x00000074   Code   RO         6181    i.pick_lfn          ff.o
    0x080278bc   0x080278bc   0x00000142   Code   RO         6182    i.put_fat           ff.o
    0x080279fe   0x080279fe   0x00000002   PAD
    0x08027a00   0x08027a00   0x0000000c   Code   RO         2329    i.read_data         lcd.o
    0x08027a0c   0x08027a0c   0x0000006c   Code   RO         6184    i.remove_chain      ff.o
    0x08027a78   0x08027a78   0x000000a0   Code   RO         8097    i.sin               m_ws.l(sin.o)
    0x08027b18   0x08027b18   0x0000004c   Code   RO         8105    i.sqrt              m_ws.l(sqrt.o)
    0x08027b64   0x08027b64   0x00000010   Code   RO         6185    i.st_clust          ff.o
    0x08027b74   0x08027b74   0x00000028   Code   RO         3798    i.str_match         pyinput.o
    0x08027b9c   0x08027b9c   0x00000020   Code   RO         6186    i.sum_sfn           ff.o
    0x08027bbc   0x08027bbc   0x000000c8   Code   RO         6187    i.sync_fs           ff.o
    0x08027c84   0x08027c84   0x00000052   Code   RO         6188    i.sync_window       ff.o
    0x08027cd6   0x08027cd6   0x00000002   PAD
    0x08027cd8   0x08027cd8   0x000002a4   Code   RO         3234    i.transformLat      gps.o
    0x08027f7c   0x08027f7c   0x00000294   Code   RO         3235    i.transformLon      gps.o
    0x08028210   0x08028210   0x0000025c   Code   RO          710    i.ui_AllButtonReaction  kongjian.o
    0x0802846c   0x0802846c   0x000003bc   Code   RO         1168    i.ui_Analyze_InitDisp  ui_analyze.o
    0x08028828   0x08028828   0x000004bc   Code   RO         1169    i.ui_Analyze_Run    ui_analyze.o
    0x08028ce4   0x08028ce4   0x000002f4   Code   RO         1196    i.ui_Biaoding_InitDisp  ui_biaoding.o
    0x08028fd8   0x08028fd8   0x00000298   Code   RO         1197    i.ui_Biaoding_Run   ui_biaoding.o
    0x08029270   0x08029270   0x000002b0   Code   RO         1556    i.ui_Browse10_InitDisp  ui_browse10.o
    0x08029520   0x08029520   0x00000bfc   Code   RO         1557    i.ui_Browse10_Run   ui_browse10.o
    0x0802a11c   0x0802a11c   0x00000140   Code   RO          750    i.ui_BrushMenuOneBtn  ui_public.o
    0x0802a25c   0x0802a25c   0x0000006c   Code   RO          711    i.ui_ButtonTask     kongjian.o
    0x0802a2c8   0x0802a2c8   0x000001cc   Code   RO         1108    i.ui_Condition_InitDisp  ui_condition.o
    0x0802a494   0x0802a494   0x00000450   Code   RO         1109    i.ui_Condition_Run  ui_condition.o
    0x0802a8e4   0x0802a8e4   0x000008d8   Code   RO          751    i.ui_DispBattery    ui_public.o
    0x0802b1bc   0x0802b1bc   0x00000098   Code   RO          752    i.ui_DispBluetooth  ui_public.o
    0x0802b254   0x0802b254   0x00000068   Code   RO          753    i.ui_DispDate       ui_public.o
    0x0802b2bc   0x0802b2bc   0x00000042   Code   RO          754    i.ui_DispGJName     ui_public.o
    0x0802b2fe   0x0802b2fe   0x00000002   PAD
    0x0802b300   0x0802b300   0x00000100   Code   RO          755    i.ui_DispGPSIcon    ui_public.o
    0x0802b400   0x0802b400   0x0000021c   Code   RO          756    i.ui_DispMenuBtn    ui_public.o
    0x0802b61c   0x0802b61c   0x00000060   Code   RO          757    i.ui_DispTempera    ui_public.o
    0x0802b67c   0x0802b67c   0x000000b8   Code   RO          758    i.ui_DispTime       ui_public.o
    0x0802b734   0x0802b734   0x00000084   Code   RO          759    i.ui_DispTitleBar   ui_public.o
    0x0802b7b8   0x0802b7b8   0x0000041c   Code   RO         1226    i.ui_Gain_InitDisp  ui_gain.o
    0x0802bbd4   0x0802bbd4   0x000002d4   Code   RO         1227    i.ui_Gain_Run       ui_gain.o
    0x0802bea8   0x0802bea8   0x00000024   Code   RO          760    i.ui_GetTempera     ui_public.o
    0x0802becc   0x0802becc   0x00000458   Code   RO         1247    i.ui_Heat_InitDisp  ui_heat.o
    0x0802c324   0x0802c324   0x000003a4   Code   RO         1248    i.ui_Heat_Run       ui_heat.o
    0x0802c6c8   0x0802c6c8   0x00000078   Code   RO          712    i.ui_KeyTask        kongjian.o
    0x0802c740   0x0802c740   0x00000270   Code   RO          952    i.ui_Main_InitDisp  ui_main.o
    0x0802c9b0   0x0802c9b0   0x00000e50   Code   RO          953    i.ui_Main_Run       ui_main.o
    0x0802d800   0x0802d800   0x00000238   Code   RO          713    i.ui_OneButtonReaction  kongjian.o
    0x0802da38   0x0802da38   0x0000016c   Code   RO          714    i.ui_OneButtonReactionXY  kongjian.o
    0x0802dba4   0x0802dba4   0x00000014   Code   RO         1704    i.ui_Paraset10_InitDisp  ui_paraset10.o
    0x0802dbb8   0x0802dbb8   0x000002fc   Code   RO         1705    i.ui_Paraset10_Run  ui_paraset10.o
    0x0802deb4   0x0802deb4   0x000000ac   Code   RO         1425    i.ui_SampBlock_InitDisp  ui_sampblock.o
    0x0802df60   0x0802df60   0x00000e60   Code   RO         1426    i.ui_SampBlock_Run  ui_sampblock.o
    0x0802edc0   0x0802edc0   0x000000fc   Code   RO         1288    i.ui_SampJGJ_InitDisp  ui_sampjgj.o
    0x0802eebc   0x0802eebc   0x00000828   Code   RO         1289    i.ui_SampJGJ_Run    ui_sampjgj.o
    0x0802f6e4   0x0802f6e4   0x0000024c   Code   RO         1078    i.ui_Sampdisp_InitDisp  ui_sampdisp.o
    0x0802f930   0x0802f930   0x00000710   Code   RO         1079    i.ui_Sampdisp_Run   ui_sampdisp.o
    0x08030040   0x08030040   0x00000320   Code   RO          983    i.ui_Sample10_InitDisp  ui_sample10.o
    0x08030360   0x08030360   0x0000089c   Code   RO          984    i.ui_Sample10_Run   ui_sample10.o
    0x08030bfc   0x08030bfc   0x00000014   Code   RO         1031    i.ui_Sampset_InitDisp  ui_sampset.o
    0x08030c10   0x08030c10   0x00000324   Code   RO         1032    i.ui_Sampset_Run    ui_sampset.o
    0x08030f34   0x08030f34   0x000000e8   Code   RO          761    i.ui_SetGJNameNext  ui_public.o
    0x0803101c   0x0803101c   0x00000188   Code   RO          932    i.ui_Start_InitDisp  ui_start.o
    0x080311a4   0x080311a4   0x0000018c   Code   RO          933    i.ui_Start_Run      ui_start.o
    0x08031330   0x08031330   0x00000210   Code   RO         1669    i.ui_Verify_InitDisp  ui_verify.o
    0x08031540   0x08031540   0x0000068c   Code   RO         1670    i.ui_Verify_Run     ui_verify.o
    0x08031bcc   0x08031bcc   0x000000c0   Code   RO          911    i.ui_View_InitDisp  ui_view.o
    0x08031c8c   0x08031c8c   0x00000368   Code   RO          912    i.ui_View_Run       ui_view.o
    0x08031ff4   0x08031ff4   0x00000048   Code   RO         3740    i.unioem_init       fontupd.o
    0x0803203c   0x0803203c   0x00000150   Code   RO         3741    i.updata_fontx      fontupd.o
    0x0803218c   0x0803218c   0x00000398   Code   RO         3742    i.update_font       fontupd.o
    0x08032524   0x08032524   0x00000344   Code   RO         3743    i.update_unioem     fontupd.o
    0x08032868   0x08032868   0x00000036   Code   RO         6189    i.validate          ff.o
    0x0803289e   0x0803289e   0x00000048   Code   RO         3236    i.wgs2bd            gps.o
    0x080328e6   0x080328e6   0x00000002   PAD
    0x080328e8   0x080328e8   0x000001d8   Code   RO         3237    i.wgs2gcj           gps.o
    0x08032ac0   0x08032ac0   0x00000008   Code   RO         2330    i.write_cmd         lcd.o
    0x08032ac8   0x08032ac8   0x0000000c   Code   RO         2331    i.write_data        lcd.o
    0x08032ad4   0x08032ad4   0x0000002c   Code   RO         8274    locale$$code        c_w.l(lc_numeric_c.o)
    0x08032b00   0x08032b00   0x0000002c   Code   RO         8295    locale$$code        c_w.l(lc_ctype_c.o)
    0x08032b2c   0x08032b2c   0x00000062   Code   RO         8000    x$fpl$d2f           fz_ws.l(d2f.o)
    0x08032b8e   0x08032b8e   0x00000002   PAD
    0x08032b90   0x08032b90   0x00000150   Code   RO         8002    x$fpl$dadd          fz_ws.l(daddsub_clz.o)
    0x08032ce0   0x08032ce0   0x00000010   Code   RO         8276    x$fpl$dcheck1       fz_ws.l(dcheck1.o)
    0x08032cf0   0x08032cf0   0x00000018   Code   RO         8141    x$fpl$dcmpinf       fz_ws.l(dcmpi.o)
    0x08032d08   0x08032d08   0x000002b0   Code   RO         8009    x$fpl$ddiv          fz_ws.l(ddiv.o)
    0x08032fb8   0x08032fb8   0x00000078   Code   RO         8278    x$fpl$deqf          fz_ws.l(deqf.o)
    0x08033030   0x08033030   0x0000005e   Code   RO         8012    x$fpl$dfix          fz_ws.l(dfix.o)
    0x0803308e   0x0803308e   0x00000002   PAD
    0x08033090   0x08033090   0x0000005a   Code   RO         8016    x$fpl$dfixu         fz_ws.l(dfixu.o)
    0x080330ea   0x080330ea   0x0000002e   Code   RO         8021    x$fpl$dflt          fz_ws.l(dflt_clz.o)
    0x08033118   0x08033118   0x00000026   Code   RO         8020    x$fpl$dfltu         fz_ws.l(dflt_clz.o)
    0x0803313e   0x0803313e   0x00000002   PAD
    0x08033140   0x08033140   0x00000078   Code   RO         8026    x$fpl$dleqf         fz_ws.l(dleqf.o)
    0x080331b8   0x080331b8   0x00000154   Code   RO         8028    x$fpl$dmul          fz_ws.l(dmul.o)
    0x0803330c   0x0803330c   0x0000009c   Code   RO         8143    x$fpl$dnaninf       fz_ws.l(dnaninf.o)
    0x080333a8   0x080333a8   0x0000000c   Code   RO         8145    x$fpl$dretinf       fz_ws.l(dretinf.o)
    0x080333b4   0x080333b4   0x0000006c   Code   RO         8030    x$fpl$drleqf        fz_ws.l(drleqf.o)
    0x08033420   0x08033420   0x00000016   Code   RO         8003    x$fpl$drsb          fz_ws.l(daddsub_clz.o)
    0x08033436   0x08033436   0x00000002   PAD
    0x08033438   0x08033438   0x000001cc   Code   RO         8147    x$fpl$dsqrt         fz_ws.l(dsqrt_noumaal.o)
    0x08033604   0x08033604   0x000001d4   Code   RO         8004    x$fpl$dsub          fz_ws.l(daddsub_clz.o)
    0x080337d8   0x080337d8   0x00000056   Code   RO         8032    x$fpl$f2d           fz_ws.l(f2d.o)
    0x0803382e   0x0803382e   0x00000002   PAD
    0x08033830   0x08033830   0x000000c4   Code   RO         8034    x$fpl$fadd          fz_ws.l(faddsub_clz.o)
    0x080338f4   0x080338f4   0x00000018   Code   RO         8149    x$fpl$fcmpinf       fz_ws.l(fcmpi.o)
    0x0803390c   0x0803390c   0x00000184   Code   RO         8041    x$fpl$fdiv          fz_ws.l(fdiv.o)
    0x08033a90   0x08033a90   0x00000068   Code   RO         8044    x$fpl$feqf          fz_ws.l(feqf.o)
    0x08033af8   0x08033af8   0x00000036   Code   RO         8046    x$fpl$ffix          fz_ws.l(ffix.o)
    0x08033b2e   0x08033b2e   0x00000002   PAD
    0x08033b30   0x08033b30   0x0000003e   Code   RO         8050    x$fpl$ffixu         fz_ws.l(ffixu.o)
    0x08033b6e   0x08033b6e   0x00000002   PAD
    0x08033b70   0x08033b70   0x00000030   Code   RO         8055    x$fpl$fflt          fz_ws.l(fflt_clz.o)
    0x08033ba0   0x08033ba0   0x00000026   Code   RO         8054    x$fpl$ffltu         fz_ws.l(fflt_clz.o)
    0x08033bc6   0x08033bc6   0x00000002   PAD
    0x08033bc8   0x08033bc8   0x00000068   Code   RO         8060    x$fpl$fleqf         fz_ws.l(fleqf.o)
    0x08033c30   0x08033c30   0x00000102   Code   RO         8062    x$fpl$fmul          fz_ws.l(fmul.o)
    0x08033d32   0x08033d32   0x0000008c   Code   RO         8151    x$fpl$fnaninf       fz_ws.l(fnaninf.o)
    0x08033dbe   0x08033dbe   0x0000000a   Code   RO         8153    x$fpl$fretinf       fz_ws.l(fretinf.o)
    0x08033dc8   0x08033dc8   0x00000062   Code   RO         8064    x$fpl$frleqf        fz_ws.l(frleqf.o)
    0x08033e2a   0x08033e2a   0x00000002   PAD
    0x08033e2c   0x08033e2c   0x000000ea   Code   RO         8036    x$fpl$fsub          fz_ws.l(faddsub_clz.o)
    0x08033f16   0x08033f16   0x00000004   Code   RO         8066    x$fpl$printf1       fz_ws.l(printf1.o)
    0x08033f1a   0x08033f1a   0x00000064   Code   RO         8350    x$fpl$retnan        fz_ws.l(retnan.o)
    0x08033f7e   0x08033f7e   0x0000005c   Code   RO         8155    x$fpl$scalbn        fz_ws.l(scalbn.o)
    0x08033fda   0x08033fda   0x00000004   Code   RO         8282    x$fpl$scanf1        fz_ws.l(scanf1.o)
    0x08033fde   0x08033fde   0x00000008   Code   RO         8361    x$fpl$scanf2        fz_ws.l(scanf2.o)
    0x08033fe6   0x08033fe6   0x00000030   Code   RO         8367    x$fpl$trapveneer    fz_ws.l(trapv.o)
    0x08034016   0x08034016   0x00000000   Code   RO         8157    x$fpl$usenofp       fz_ws.l(usenofp.o)
    0x08034016   0x08034016   0x00000002   PAD
    0x08034018   0x08034018   0x00004b38   Data   RO          384    .constdata          opdata.o
    0x08038b50   0x08038b50   0x00000300   Data   RO          624    .constdata          oppara.o
    0x08038e50   0x08038e50   0x00000fe0   Data   RO          655    .constdata          optable.o
    0x08039e30   0x08039e30   0x000000cc   Data   RO          682    .constdata          config_ui.o
    0x08039efc   0x08039efc   0x000003dc   Data   RO          857    .constdata          ui_dialog.o
    0x0803a2d8   0x0803a2d8   0x0000000a   Data   RO          934    .constdata          ui_start.o
    0x0803a2e2   0x0803a2e2   0x00000002   PAD
    0x0803a2e4   0x0803a2e4   0x00000046   Data   RO          954    .constdata          ui_main.o
    0x0803a32a   0x0803a32a   0x00000002   PAD
    0x0803a32c   0x0803a32c   0x000000c0   Data   RO          986    .constdata          ui_sample10.o
    0x0803a3ec   0x0803a3ec   0x000001f8   Data   RO         1033    .constdata          ui_sampset.o
    0x0803a5e4   0x0803a5e4   0x000001ce   Data   RO         1080    .constdata          ui_sampdisp.o
    0x0803a7b2   0x0803a7b2   0x00000002   PAD
    0x0803a7b4   0x0803a7b4   0x00000292   Data   RO         1110    .constdata          ui_condition.o
    0x0803aa46   0x0803aa46   0x00000002   PAD
    0x0803aa48   0x0803aa48   0x000000f2   Data   RO         1170    .constdata          ui_analyze.o
    0x0803ab3a   0x0803ab3a   0x00000002   PAD
    0x0803ab3c   0x0803ab3c   0x00000240   Data   RO         1198    .constdata          ui_biaoding.o
    0x0803ad7c   0x0803ad7c   0x00000168   Data   RO         1228    .constdata          ui_gain.o
    0x0803aee4   0x0803aee4   0x000001f0   Data   RO         1249    .constdata          ui_heat.o
    0x0803b0d4   0x0803b0d4   0x000000c8   Data   RO         1291    .constdata          ui_sampjgj.o
    0x0803b19c   0x0803b19c   0x000001b6   Data   RO         1428    .constdata          ui_sampblock.o
    0x0803b352   0x0803b352   0x00000002   PAD
    0x0803b354   0x0803b354   0x000001e6   Data   RO         1559    .constdata          ui_browse10.o
    0x0803b53a   0x0803b53a   0x00000002   PAD
    0x0803b53c   0x0803b53c   0x0000007e   Data   RO         1671    .constdata          ui_verify.o
    0x0803b5ba   0x0803b5ba   0x00000002   PAD
    0x0803b5bc   0x0803b5bc   0x000000ec   Data   RO         1706    .constdata          ui_paraset10.o
    0x0803b6a8   0x0803b6a8   0x00003c34   Data   RO         1829    .constdata          aimlib.o
    0x0803f2dc   0x0803f2dc   0x00000098   Data   RO         2162    .constdata          batadc.o
    0x0803f374   0x0803f374   0x00033cd0   Data   RO         2582    .constdata          font.o
    0x08073044   0x08073044   0x00000014   Data   RO         3533    .constdata          hcbt20.o
    0x08073058   0x08073058   0x00000014   Data   RO         3745    .constdata          fontupd.o
    0x0807306c   0x0807306c   0x00004c4c   Data   RO         3800    .constdata          pyinput.o
    0x08077cb8   0x08077cb8   0x0000003a   Data   RO         6190    .constdata          ff.o
    0x08077cf2   0x08077cf2   0x00000002   PAD
    0x08077cf4   0x08077cf4   0x00000018   Data   RO         6600    .constdata          malloc.o
    0x08077d0c   0x08077d0c   0x000003c0   Data   RO         6702    .constdata          cc936.o
    0x080780cc   0x080780cc   0x00000092   Data   RO         7623    .constdata          usb_desc.o
    0x0807815e   0x0807815e   0x00000011   Data   RO         7966    .constdata          c_w.l(__printf_flags_ss_wp.o)
    0x0807816f   0x0807816f   0x00000001   PAD
    0x08078170   0x08078170   0x00000098   Data   RO         8160    .constdata          m_ws.l(atan.o)
    0x08078208   0x08078208   0x00000030   Data   RO         8169    .constdata          m_ws.l(cos_i.o)
    0x08078238   0x08078238   0x00000038   Data   RO         8187    .constdata          m_ws.l(log.o)
    0x08078270   0x08078270   0x00000008   Data   RO         8195    .constdata          m_ws.l(qnan.o)
    0x08078278   0x08078278   0x000000c8   Data   RO         8198    .constdata          m_ws.l(rred.o)
    0x08078340   0x08078340   0x00000028   Data   RO         8202    .constdata          m_ws.l(sin_i.o)
    0x08078368   0x08078368   0x00000094   Data   RO         8245    .constdata          c_w.l(bigflt0.o)
    0x080783fc   0x080783fc   0x0000000b   Data   RO          385    .conststring        opdata.o
    0x08078407   0x08078407   0x00000001   PAD
    0x08078408   0x08078408   0x00000008   Data   RO          656    .conststring        optable.o
    0x08078410   0x08078410   0x0000017d   Data   RO          858    .conststring        ui_dialog.o
    0x0807858d   0x0807858d   0x00000003   PAD
    0x08078590   0x08078590   0x00000041   Data   RO          955    .conststring        ui_main.o
    0x080785d1   0x080785d1   0x00000003   PAD
    0x080785d4   0x080785d4   0x00000067   Data   RO          987    .conststring        ui_sample10.o
    0x0807863b   0x0807863b   0x00000001   PAD
    0x0807863c   0x0807863c   0x00000017   Data   RO         1034    .conststring        ui_sampset.o
    0x08078653   0x08078653   0x00000001   PAD
    0x08078654   0x08078654   0x00000057   Data   RO         1081    .conststring        ui_sampdisp.o
    0x080786ab   0x080786ab   0x00000001   PAD
    0x080786ac   0x080786ac   0x00000051   Data   RO         1111    .conststring        ui_condition.o
    0x080786fd   0x080786fd   0x00000003   PAD
    0x08078700   0x08078700   0x00000015   Data   RO         1199    .conststring        ui_biaoding.o
    0x08078715   0x08078715   0x00000003   PAD
    0x08078718   0x08078718   0x00000023   Data   RO         1429    .conststring        ui_sampblock.o
    0x0807873b   0x0807873b   0x00000001   PAD
    0x0807873c   0x0807873c   0x00000027   Data   RO         1560    .conststring        ui_browse10.o
    0x08078763   0x08078763   0x00000001   PAD
    0x08078764   0x08078764   0x0000000b   Data   RO         1707    .conststring        ui_paraset10.o
    0x0807876f   0x0807876f   0x00000001   PAD
    0x08078770   0x08078770   0x0000005c   Data   RO         3746    .conststring        fontupd.o
    0x080787cc   0x080787cc   0x00000d49   Data   RO         3801    .conststring        pyinput.o
    0x08079515   0x08079515   0x00000003   PAD
    0x08079518   0x08079518   0x00000020   Data   RO         8466    Region$$Table       anon$$obj.o
    0x08079538   0x08079538   0x00000008   Data   RO         8356    c$$dinf             fz_ws.l(fpconst.o)
    0x08079540   0x08079540   0x0000001c   Data   RO         8273    locale$$data        c_w.l(lc_numeric_c.o)
    0x0807955c   0x0807955c   0x00000110   Data   RO         8294    locale$$data        c_w.l(lc_ctype_c.o)


    Execution Region RW_IRAM1 (Exec base: 0x20000000, Load base: 0x0807966c, Size: 0x00016710, Max: 0x00018000, ABSOLUTE, COMPRESSED[0x00000884])

    Exec Addr    Load Addr    Size         Type   Attr      Idx    E Section Name        Object

    0x20000000   COMPRESSED   0x00000002   Data   RW            3    .data               main.o
    0x20000002   COMPRESSED   0x00000002   PAD
    0x20000004   COMPRESSED   0x000000b6   Data   RW          386    .data               opdata.o
    0x200000ba   COMPRESSED   0x00000002   PAD
    0x200000bc   COMPRESSED   0x0000001c   Data   RW          625    .data               oppara.o
    0x200000d8   COMPRESSED   0x00000bec   Data   RW          657    .data               optable.o
    0x20000cc4   COMPRESSED   0x00000008   Data   RW          683    .data               config_ui.o
    0x20000ccc   COMPRESSED   0x0000000e   Data   RW          762    .data               ui_public.o
    0x20000cda   COMPRESSED   0x00000002   PAD
    0x20000cdc   COMPRESSED   0x00000138   Data   RW          859    .data               ui_dialog.o
    0x20000e14   COMPRESSED   0x0000000b   Data   RW          913    .data               ui_view.o
    0x20000e1f   COMPRESSED   0x00000001   PAD
    0x20000e20   COMPRESSED   0x000000c4   Data   RW          956    .data               ui_main.o
    0x20000ee4   COMPRESSED   0x000000d8   Data   RW          988    .data               ui_sample10.o
    0x20000fbc   COMPRESSED   0x0000000c   Data   RW         1035    .data               ui_sampset.o
    0x20000fc8   COMPRESSED   0x000000a8   Data   RW         1082    .data               ui_sampdisp.o
    0x20001070   COMPRESSED   0x00000068   Data   RW         1112    .data               ui_condition.o
    0x200010d8   COMPRESSED   0x00000001   Data   RW         1251    .data               ui_heat.o
    0x200010d9   COMPRESSED   0x00000003   PAD
    0x200010dc   COMPRESSED   0x00000011   Data   RW         1293    .data               ui_sampjgj.o
    0x200010ed   COMPRESSED   0x00000003   PAD
    0x200010f0   COMPRESSED   0x00000074   Data   RW         1430    .data               ui_sampblock.o
    0x20001164   COMPRESSED   0x0000001c   Data   RW         1561    .data               ui_browse10.o
    0x20001180   COMPRESSED   0x00000007   Data   RW         1673    .data               ui_verify.o
    0x20001187   COMPRESSED   0x00000001   PAD
    0x20001188   COMPRESSED   0x00000014   Data   RW         1708    .data               ui_paraset10.o
    0x2000119c   COMPRESSED   0x000000ee   Data   RW         1830    .data               aimlib.o
    0x2000128a   COMPRESSED   0x00000002   PAD
    0x2000128c   COMPRESSED   0x00000004   Data   RW         2115    .data               timer.o
    0x20001290   COMPRESSED   0x00000004   Data   RW         2230    .data               power.o
    0x20001294   COMPRESSED   0x00000008   Data   RW         2269    .data               key.o
    0x2000129c   COMPRESSED   0x00000004   Data   RW         2333    .data               lcd.o
    0x200012a0   COMPRESSED   0x00000028   Data   RW         2601    .data               touch.o
    0x200012c8   COMPRESSED   0x00000024   Data   RW         2658    .data               systic.o
    0x200012ec   COMPRESSED   0x00000008   Data   RW         2708    .data               uart.o
    0x200012f4   COMPRESSED   0x00000008   Data   RW         2781    .data               rx8010.o
    0x200012fc   COMPRESSED   0x0000000c   Data   RW         3138    .data               ct1711.o
    0x20001308   COMPRESSED   0x00000074   Data   RW         3239    .data               gps.o
    0x2000137c   COMPRESSED   0x00000006   Data   RW         3361    .data               ft6336u.o
    0x20001382   COMPRESSED   0x00000002   PAD
    0x20001384   COMPRESSED   0x0000000c   Data   RW         3534    .data               hcbt20.o
    0x20001390   COMPRESSED   0x0000002c   Data   RW         3802    .data               pyinput.o
    0x200013bc   COMPRESSED   0x00000014   Data   RW         5515    .data               stm32f10x_rcc.o
    0x200013d0   COMPRESSED   0x00000014   Data   RW         6029    .data               system_stm32f10x.o
    0x200013e4   COMPRESSED   0x00000002   Data   RW         6074    .data               diskio.o
    0x200013e6   COMPRESSED   0x00000002   PAD
    0x200013e8   COMPRESSED   0x00000006   Data   RW         6191    .data               ff.o
    0x200013ee   COMPRESSED   0x00000002   PAD
    0x200013f0   COMPRESSED   0x00000008   Data   RW         6488    .data               w25qxx.o
    0x200013f8   COMPRESSED   0x0000001c   Data   RW         6601    .data               malloc.o
    0x20001414   COMPRESSED   0x00000018   Data   RW         6665    .data               exfuns.o
    0x2000142c   COMPRESSED   0x00000003   Data   RW         6898    .data               usb_core.o
    0x2000142f   COMPRESSED   0x00000001   PAD
    0x20001430   COMPRESSED   0x00000014   Data   RW         7001    .data               usb_init.o
    0x20001444   COMPRESSED   0x00000004   Data   RW         7029    .data               usb_int.o
    0x20001448   COMPRESSED   0x0000001c   Data   RW         7505    .data               mass_mal.o
    0x20001464   COMPRESSED   0x00000024   Data   RW         7540    .data               memory.o
    0x20001488   COMPRESSED   0x0000007f   Data   RW         7564    .data               scsi_data.o
    0x20001507   COMPRESSED   0x00000001   PAD
    0x20001508   COMPRESSED   0x0000000c   Data   RW         7583    .data               usb_bot.o
    0x20001514   COMPRESSED   0x0000001a   Data   RW         7624    .data               usb_desc.o
    0x2000152e   COMPRESSED   0x00000002   PAD
    0x20001530   COMPRESSED   0x0000003c   Data   RW         7655    .data               usb_istr.o
    0x2000156c   COMPRESSED   0x00000094   Data   RW         7686    .data               usb_prop.o
    0x20001600   COMPRESSED   0x00000007   Data   RW         7782    .data               usb_pwr.o
    0x20001607   COMPRESSED   0x00000001   PAD
    0x20001608   COMPRESSED   0x00000002   Data   RW         7835    .data               usb_scsi.o
    0x2000160a   COMPRESSED   0x00000002   PAD
    0x2000160c        -       0x00001884   Zero   RW          383    .bss                opdata.o
    0x20002e90        -       0x00001488   Zero   RW          578    .bss                opfile.o
    0x20004318        -       0x00000478   Zero   RW          623    .bss                oppara.o
    0x20004790        -       0x00000038   Zero   RW          654    .bss                optable.o
    0x200047c8        -       0x0000002c   Zero   RW          985    .bss                ui_sample10.o
    0x200047f4        -       0x00000078   Zero   RW         1290    .bss                ui_sampjgj.o
    0x2000486c        -       0x00000020   Zero   RW         1427    .bss                ui_sampblock.o
    0x2000488c        -       0x0000002a   Zero   RW         1558    .bss                ui_browse10.o
    0x200048b6   COMPRESSED   0x00000002   PAD
    0x200048b8        -       0x00007840   Zero   RW         1828    .bss                aimlib.o
    0x2000c0f8        -       0x000000a4   Zero   RW         2161    .bss                batadc.o
    0x2000c19c        -       0x0000020a   Zero   RW         2600    .bss                touch.o
    0x2000c3a6        -       0x00000096   Zero   RW         2707    .bss                uart.o
    0x2000c43c   COMPRESSED   0x00000004   PAD
    0x2000c440        -       0x000002b0   Zero   RW         3238    .bss                gps.o
    0x2000c6f0        -       0x000014ec   Zero   RW         3532    .bss                hcbt20.o
    0x2000dbdc        -       0x00000030   Zero   RW         3744    .bss                fontupd.o
    0x2000dc0c   COMPRESSED   0x00000014   PAD
    0x2000dc20        -       0x00006600   Zero   RW         6599    .bss                malloc.o
    0x20014220        -       0x0000001c   Zero   RW         7000    .bss                usb_init.o
    0x2001423c        -       0x00001000   Zero   RW         7539    .bss                memory.o
    0x2001523c        -       0x00000070   Zero   RW         7582    .bss                usb_bot.o
    0x200152ac        -       0x00000060   Zero   RW         8208    .bss                c_w.l(libspace.o)
    0x2001530c   COMPRESSED   0x00000004   PAD
    0x20015310        -       0x00000400   Zero   RW         6060    HEAP                startup_stm32f10x_xl.o
    0x20015710        -       0x00001000   Zero   RW         6059    STACK               startup_stm32f10x_xl.o



  Load Region LR$$.ARM.__AT_0x68000000 (Base: 0x68000000, Size: 0x00000000, Max: 0x00019000, ABSOLUTE)

    Execution Region ER$$.ARM.__AT_0x68000000 (Exec base: 0x68000000, Load base: 0x68000000, Size: 0x00019000, Max: 0x00019000, ABSOLUTE, UNINIT)

    Exec Addr    Load Addr    Size         Type   Attr      Idx    E Section Name        Object

    0x68000000        -       0x00019000   Zero   RW         6597    .ARM.__AT_0x68000000  malloc.o



  Load Region LR$$.ARM.__AT_0x68019000 (Base: 0x68019000, Size: 0x00000000, Max: 0x00001900, ABSOLUTE)

    Execution Region ER$$.ARM.__AT_0x68019000 (Exec base: 0x68019000, Load base: 0x68019000, Size: 0x00001900, Max: 0x00001900, ABSOLUTE, UNINIT)

    Exec Addr    Load Addr    Size         Type   Attr      Idx    E Section Name        Object

    0x68019000        -       0x00001900   Zero   RW         6598    .ARM.__AT_0x68019000  malloc.o


==============================================================================

Image component sizes


      Code (inc. data)   RO Data    RW Data    ZI Data      Debug   Object Name

     20062       1156      15412        238      30784      49350   aimlib.o
       680         48        152          0        164       4421   batadc.o
       216         22          0          0          0       1583   bkled.o
       192         16        960          0          0       1827   cc936.o
       220         38        204          8          0       2070   config_ui.o
         0          0          0          0          0         32   core_cm3.o
       692         88          0         12          0       5069   ct1711.o
        48          0          0          0          0        950   delay.o
       430         18          0          2          0       5217   diskio.o
       178         18          0         24          0       2136   exfuns.o
     10538        138         58          6          0      41377   ff.o
         0          0     212176          0          0       4295   font.o
      2416        298        112          0         48      10349   fontupd.o
      1228        132          0          6          0      10525   ft6336u.o
      3866        314          0        116        688      12340   gps.o
      6828       1612         20         12       5356      23641   hcbt20.o
       202         10          0          0          0       3098   hw_config.o
        44          0          0          0          0        948   iwdog.o
       328         46          0          8          0       1475   key.o
      1764         50          0          0          0       4604   kongjian.o
      8258        358          0          4          0      34083   lcd.o
       588         60          0          0          0       1837   ledbeep.o
       348         52          0          2          0     314133   main.o
       504         60         24         28     134912       5841   malloc.o
       122          0          0         28          0       2826   mass_mal.o
       560         80          0         36       4096       2655   memory.o
       132         22          0          0          0       1467   misc.o
     12372        608      19267        182       6276      31371   opdata.o
       728         28          0          0       5256       5171   opfile.o
       644        156        768         28       1144       5601   oppara.o
       132         12       4072       3052         56       3797   optable.o
       398         46          0          4          0       2381   power.o
       192         12      22933         44          0      22101   pyinput.o
       334          4          0          0          0       2108   pytext.o
      1588         50          0          8          0      10015   rx8010.o
         0          0          0        127          0       1042   scsi_data.o
        64         26        304          0       5120        784   startup_stm32f10x_xl.o
       486         24          0          0          0       8346   stm32f10x_adc.o
        12          6          0          0          0        483   stm32f10x_bkp.o
       590         44          0          0          0       7165   stm32f10x_dma.o
       200         18          0          0          0       2024   stm32f10x_exti.o
       570         48          0          0          0       5683   stm32f10x_flash.o
       282          6          0          0          0       1749   stm32f10x_fsmc.o
       512         10          0          0          0       4972   stm32f10x_gpio.o
        64          6          0          0          0       4561   stm32f10x_it.o
        68         30          0          0          0       2374   stm32f10x_iwdg.o
        12          6          0          0          0        490   stm32f10x_pwr.o
       460         68          0         20          0       7498   stm32f10x_rcc.o
       112          0          0          0          0       3710   stm32f10x_spi.o
       428         52          0          0          0       5209   stm32f10x_tim.o
       620         28          0          0          0       7175   stm32f10x_usart.o
       328         28          0         20          0       2057   system_stm32f10x.o
       528        118          0         36          0      19744   systic.o
       374         42          0          4          0       3250   timer.o
      2104        162          0         40        522       7719   touch.o
       672         74          0          8        150       5023   uart.o
      3240        336        242          0          0       3068   ui_analyze.o
      2804        288        597          0          0       3900   ui_biaoding.o
     15252       1338        525         28         42      18933   ui_browse10.o
      8240       1124        739        104          0       9416   ui_condition.o
     14520        566       1369        312          0      13694   ui_dialog.o
      1776         92        360          0          0       2041   ui_gain.o
      2044        104        496          1          0       2341   ui_heat.o
      4604        150        135        196          0       3905   ui_main.o
      6516        794        247         20          0      11577   ui_paraset10.o
      4774        236          0         14          0      11758   ui_public.o
     13596       1082        473        116         32      20539   ui_sampblock.o
      2396        114        549        168          0       2712   ui_sampdisp.o
      8226        612        200         17        120      15318   ui_sampjgj.o
      4120        284        295        216         44       7031   ui_sample10.o
      3180        246        527         12          0       6929   ui_sampset.o
       788         88         10          0          0       1339   ui_start.o
      2204        212        126          7          0       2891   ui_verify.o
      1064        102          0         11          0       1831   ui_view.o
      1148        108          0         12        112       4435   usb_bot.o
      3058        288          0          3          0      13727   usb_core.o
         0          0        146         26          0        944   usb_desc.o
        16          0          0          0          0        909   usb_endp.o
       188         40          0         20         28       4555   usb_init.o
       848         58          0          4          0       2137   usb_int.o
        80         18          0         60          0       1284   usb_istr.o
        96         10          0          0          0       1652   usb_mem.o
       686        120          0        148          0      11162   usb_prop.o
        64         10          0          7          0       1841   usb_pwr.o
       660         96          0          0          0       8596   usb_regs.o
      1094        134          0          2          0       9550   usb_scsi.o
       128          8          0          0          0       1998   usb_sil.o
      1254         94          0          8          0       7784   w25qxx.o

    ----------------------------------------------------------------------
    194082      15100     283570       5644     194976     941549   Object Totals
         0          0         32          0          0          0   (incl. Generated)
       100          0         40         29         26          0   (incl. Padding)

    ----------------------------------------------------------------------

      Code (inc. data)   RO Data    RW Data    ZI Data      Debug   Library Member Name

       100          0          0          0          0          0   __dclz77c.o
         8          0          0          0          0         68   __main.o
       392          4         17          0          0         92   __printf_flags_ss_wp.o
        14          0          0          0          0         68   __printf_wp.o
         0          0          0          0          0          0   __rtentry.o
        12          0          0          0          0          0   __rtentry2.o
         6          0          0          0          0          0   __rtentry4.o
        52          8          0          0          0          0   __scatter.o
        28          0          0          0          0          0   __scatter_zi.o
        28          0          0          0          0         68   _chval.o
        44          0          0          0          0        108   _printf_char.o
        48          6          0          0          0         96   _printf_char_common.o
         6          0          0          0          0          0   _printf_d.o
       120         16          0          0          0         92   _printf_dec.o
         6          0          0          0          0          0   _printf_f.o
      1050          0          0          0          0        216   _printf_fp_dec.o
       128         16          0          0          0         84   _printf_fp_infnan.o
       178          0          0          0          0         88   _printf_intcommon.o
        78          0          0          0          0        108   _printf_pad.o
         0          0          0          0          0          0   _printf_percent.o
         4          0          0          0          0          0   _printf_percent_end.o
         6          0          0          0          0          0   _printf_s.o
        82          0          0          0          0         80   _printf_str.o
        22          0          0          0          0        100   _rserrno.o
        64          0          0          0          0         84   _sgetc.o
        10          0          0          0          0         68   _sputc.o
       158          0          0          0          0         92   _strtoul.o
        16          0          0          0          0         68   aeabi_memset.o
        26          0          0          0          0         80   atoi.o
       220          4        148          0          0         96   bigflt0.o
      2074        132          0          0          0        940   btod.o
        18          0          0          0          0         80   exit.o
         6          0          0          0          0        152   heapauxi.o
        18          0          0          0          0         76   isspace.o
        44         10        272          0          0         76   lc_ctype_c.o
        44         10         28          0          0         76   lc_numeric_c.o
         2          0          0          0          0          0   libinit.o
        30          0          0          0          0          0   libinit2.o
         2          0          0          0          0          0   libshutdown.o
         2          0          0          0          0          0   libshutdown2.o
         8          4          0          0         96         68   libspace.o
        38          0          0          0          0         68   llshl.o
       138          0          0          0          0         80   lludiv10.o
        40          6          0          0          0         84   noretval__2sprintf.o
        16          4          0          0          0         76   rt_ctype_table.o
         8          4          0          0          0         68   rt_errno_addr_intlibspace.o
         8          4          0          0          0         68   rt_locale_intlibspace.o
        68          0          0          0          0         68   rt_memclr.o
        78          0          0          0          0         80   rt_memclr_w.o
       138          0          0          0          0         68   rt_memcpy_v6.o
       100          0          0          0          0         80   rt_memcpy_w.o
         2          0          0          0          0          0   rtexit.o
        10          0          0          0          0          0   rtexit2.o
      1188         12          0          0          0        148   scanf_fp.o
       792         14          0          0          0        100   scanf_hexfp.o
       308         16          0          0          0        100   scanf_infnan.o
        24          0          0          0          0         68   strcat.o
       128          0          0          0          0         68   strcmpv7m.o
        72          0          0          0          0         80   strcpy.o
        62          0          0          0          0         76   strlen.o
        36          0          0          0          0         80   strstr.o
       160         12          0          0          0        120   strtod.o
       112          0          0          0          0         88   strtol.o
        74          0          0          0          0         80   sys_stackheap_outer.o
         2          0          0          0          0         68   use_no_semi.o
         2          0          0          0          0         68   use_no_semi_2.o
        98          4          0          0          0         92   d2f.o
       826         16          0          0          0        348   daddsub_clz.o
        16          4          0          0          0         68   dcheck1.o
        24          0          0          0          0         68   dcmpi.o
       688        140          0          0          0        208   ddiv.o
       120          4          0          0          0         92   deqf.o
        94          4          0          0          0         92   dfix.o
        90          4          0          0          0         92   dfixu.o
        84          0          0          0          0        136   dflt_clz.o
       120          4          0          0          0         92   dleqf.o
       340         12          0          0          0        104   dmul.o
       156          4          0          0          0         92   dnaninf.o
        12          0          0          0          0         68   dretinf.o
       108          0          0          0          0         80   drleqf.o
       460         56          0          0          0        120   dsqrt_noumaal.o
        86          4          0          0          0         84   f2d.o
       430          8          0          0          0        168   faddsub_clz.o
        24          0          0          0          0         68   fcmpi.o
       388         76          0          0          0         96   fdiv.o
       104          4          0          0          0         84   feqf.o
        54          4          0          0          0         84   ffix.o
        62          4          0          0          0         84   ffixu.o
        86          0          0          0          0        136   fflt_clz.o
       104          4          0          0          0         84   fleqf.o
       258          4          0          0          0         84   fmul.o
       140          4          0          0          0         84   fnaninf.o
         0          0          8          0          0          0   fpconst.o
        10          0          0          0          0         68   fretinf.o
        98          0          0          0          0         68   frleqf.o
         4          0          0          0          0         68   printf1.o
       100          0          0          0          0         68   retnan.o
        92          0          0          0          0         68   scalbn.o
         4          0          0          0          0         68   scanf1.o
         8          0          0          0          0         84   scanf2.o
        48          0          0          0          0         68   trapv.o
         0          0          0          0          0          0   usenofp.o
       544         70        152          0          0        124   atan.o
       384         38          0          0          0        144   atan2.o
        42          0          0          0          0         84   atof.o
       156          8          0          0          0        104   cos.o
       252         22         48          0          0        124   cos_i.o
        68         10          0          0          0        408   dunder.o
        40          0          0          0          0         68   fpclassify.o
        88          8          0          0          0         76   frexp.o
       138          0          0          0          0        160   ldexp.o
       860         52         56          0          0        256   log.o
       228         30          0          0          0        120   log10.o
       152          4          0          0          0        168   narrow.o
       170          0          0          0          0         96   poly.o
         0          0          8          0          0          0   qnan.o
       904         76        200          0          0        140   rred.o
       160         10          0          0          0        108   sin.o
       236         12         40          0          0        128   sin_i.o
        76          0          0          0          0         84   sqrt.o

    ----------------------------------------------------------------------
     18630        988        978          0        100      10868   Library Totals
        38          2          1          0          4          0   (incl. Padding)

    ----------------------------------------------------------------------

      Code (inc. data)   RO Data    RW Data    ZI Data      Debug   Library Name

      8758        282        465          0         96       5108   c_w.l
      5336        364          8          0          0       3368   fz_ws.l
      4498        340        504          0          0       2392   m_ws.l

    ----------------------------------------------------------------------
     18630        988        978          0        100      10868   Library Totals

    ----------------------------------------------------------------------

==============================================================================


      Code (inc. data)   RO Data    RW Data    ZI Data      Debug   

    212712      16088     284548       5644     195076     911125   Grand Totals
    212712      16088     284548       2180     195076     911125   ELF Image Totals (compressed)
    212712      16088     284548       2180          0          0   ROM Totals

==============================================================================

    Total RO  Size (Code + RO Data)               497260 ( 485.61kB)
    Total RW  Size (RW Data + ZI Data)            200720 ( 196.02kB)
    Total ROM Size (Code + RO Data + RW Data)     499440 ( 487.73kB)

==============================================================================

