<!doctype html public "-//w3c//dtd html 4.0 transitional//en">
<html><head>
<title>Static Call Graph - [.\Objects\GY91APP.axf]</title></head>
<body><HR>
<H1>Static Call Graph for image .\Objects\GY91APP.axf</H1><HR>
<BR><P>#&#060CALLGRAPH&#062# ARM Linker, 5060061: Last Updated: Wed Aug 02 20:11:50 2023
<BR><P>
<H3>Maximum Stack Usage =      10288 bytes + Unknown(Functions without stacksize, Cycles, Untraceable Function Pointers)</H3><H3>
Call chain for Maximum Stack Depth:</H3>
ui_Heat_Run &rArr; ui_Heat_InitDisp &rArr; BrushHeatMap &rArr; ColorConverter2 &rArr; __aeabi_fmul
<P>
<H3>
Functions with no stack information
</H3><UL>
 <LI><a href="#[d7]">__user_initial_stackheap</a>
</UL>
</UL>
<P>
<H3>
Mutually Recursive functions
</H3> <LI><a href="#[33]">ADC1_2_IRQHandler</a>&nbsp;&nbsp;&nbsp;&rArr;&nbsp;&nbsp;&nbsp;<a href="#[33]">ADC1_2_IRQHandler</a><BR>
</UL>
<P>
<H3>
Function Pointers
</H3><UL>
 <LI><a href="#[33]">ADC1_2_IRQHandler</a> from startup_stm32f10x_xl.o(.text) referenced from startup_stm32f10x_xl.o(RESET)
 <LI><a href="#[50]">ADC3_IRQHandler</a> from startup_stm32f10x_xl.o(.text) referenced from startup_stm32f10x_xl.o(RESET)
 <LI><a href="#[1b]">BusFault_Handler</a> from stm32f10x_it.o(i.BusFault_Handler) referenced from startup_stm32f10x_xl.o(RESET)
 <LI><a href="#[36]">CAN1_RX1_IRQHandler</a> from startup_stm32f10x_xl.o(.text) referenced from startup_stm32f10x_xl.o(RESET)
 <LI><a href="#[37]">CAN1_SCE_IRQHandler</a> from startup_stm32f10x_xl.o(.text) referenced from startup_stm32f10x_xl.o(RESET)
 <LI><a href="#[2c]">DMA1_Channel1_IRQHandler</a> from startup_stm32f10x_xl.o(.text) referenced from startup_stm32f10x_xl.o(RESET)
 <LI><a href="#[2d]">DMA1_Channel2_IRQHandler</a> from startup_stm32f10x_xl.o(.text) referenced from startup_stm32f10x_xl.o(RESET)
 <LI><a href="#[2e]">DMA1_Channel3_IRQHandler</a> from gps.o(i.DMA1_Channel3_IRQHandler) referenced from startup_stm32f10x_xl.o(RESET)
 <LI><a href="#[2f]">DMA1_Channel4_IRQHandler</a> from startup_stm32f10x_xl.o(.text) referenced from startup_stm32f10x_xl.o(RESET)
 <LI><a href="#[30]">DMA1_Channel5_IRQHandler</a> from hcbt20.o(i.DMA1_Channel5_IRQHandler) referenced from startup_stm32f10x_xl.o(RESET)
 <LI><a href="#[31]">DMA1_Channel6_IRQHandler</a> from uart.o(i.DMA1_Channel6_IRQHandler) referenced from startup_stm32f10x_xl.o(RESET)
 <LI><a href="#[32]">DMA1_Channel7_IRQHandler</a> from startup_stm32f10x_xl.o(.text) referenced from startup_stm32f10x_xl.o(RESET)
 <LI><a href="#[59]">DMA2_Channel1_IRQHandler</a> from startup_stm32f10x_xl.o(.text) referenced from startup_stm32f10x_xl.o(RESET)
 <LI><a href="#[5a]">DMA2_Channel2_IRQHandler</a> from startup_stm32f10x_xl.o(.text) referenced from startup_stm32f10x_xl.o(RESET)
 <LI><a href="#[5b]">DMA2_Channel3_IRQHandler</a> from startup_stm32f10x_xl.o(.text) referenced from startup_stm32f10x_xl.o(RESET)
 <LI><a href="#[5c]">DMA2_Channel4_5_IRQHandler</a> from startup_stm32f10x_xl.o(.text) referenced from startup_stm32f10x_xl.o(RESET)
 <LI><a href="#[1e]">DebugMon_Handler</a> from stm32f10x_it.o(i.DebugMon_Handler) referenced from startup_stm32f10x_xl.o(RESET)
 <LI><a href="#[7]">EP1_IN_Callback</a> from usb_endp.o(i.EP1_IN_Callback) referenced 2 times from usb_istr.o(.data)
 <LI><a href="#[9]">EP2_OUT_Callback</a> from usb_endp.o(i.EP2_OUT_Callback) referenced 2 times from usb_istr.o(.data)
 <LI><a href="#[72]">ERROR_Answer</a> from hcbt20.o(i.ERROR_Answer) referenced from hcbt20.o(i.BT_CmdList_Init)
 <LI><a href="#[27]">EXTI0_IRQHandler</a> from startup_stm32f10x_xl.o(.text) referenced from startup_stm32f10x_xl.o(RESET)
 <LI><a href="#[49]">EXTI15_10_IRQHandler</a> from startup_stm32f10x_xl.o(.text) referenced from startup_stm32f10x_xl.o(RESET)
 <LI><a href="#[28]">EXTI1_IRQHandler</a> from ft6336u.o(i.EXTI1_IRQHandler) referenced from startup_stm32f10x_xl.o(RESET)
 <LI><a href="#[29]">EXTI2_IRQHandler</a> from startup_stm32f10x_xl.o(.text) referenced from startup_stm32f10x_xl.o(RESET)
 <LI><a href="#[2a]">EXTI3_IRQHandler</a> from startup_stm32f10x_xl.o(.text) referenced from startup_stm32f10x_xl.o(RESET)
 <LI><a href="#[2b]">EXTI4_IRQHandler</a> from startup_stm32f10x_xl.o(.text) referenced from startup_stm32f10x_xl.o(RESET)
 <LI><a href="#[38]">EXTI9_5_IRQHandler</a> from startup_stm32f10x_xl.o(.text) referenced from startup_stm32f10x_xl.o(RESET)
 <LI><a href="#[25]">FLASH_IRQHandler</a> from startup_stm32f10x_xl.o(.text) referenced from startup_stm32f10x_xl.o(RESET)
 <LI><a href="#[51]">FSMC_IRQHandler</a> from startup_stm32f10x_xl.o(.text) referenced from startup_stm32f10x_xl.o(RESET)
 <LI><a href="#[76]">Get_Max_Lun</a> from usb_prop.o(i.Get_Max_Lun) referenced from usb_prop.o(i.MASS_Data_Setup)
 <LI><a href="#[6b]">HC_AUTOSEND_Answer</a> from hcbt20.o(i.HC_AUTOSEND_Answer) referenced from hcbt20.o(i.BT_CmdList_Init)
 <LI><a href="#[66]">HC_BAT_Answer</a> from hcbt20.o(i.HC_BAT_Answer) referenced from hcbt20.o(i.BT_CmdList_Init)
 <LI><a href="#[6c]">HC_CTRL_Answer</a> from hcbt20.o(i.HC_CTRL_Answer) referenced from hcbt20.o(i.BT_CmdList_Init)
 <LI><a href="#[69]">HC_DIR_Answer</a> from hcbt20.o(i.HC_DIR_Answer) referenced from hcbt20.o(i.BT_CmdList_Init)
 <LI><a href="#[65]">HC_INFO_Answer</a> from hcbt20.o(i.HC_INFO_Answer) referenced from hcbt20.o(i.BT_CmdList_Init)
 <LI><a href="#[71]">HC_JGJHIST_Answer</a> from hcbt20.o(i.HC_JGJHIST_Answer) referenced from hcbt20.o(i.BT_CmdList_Init)
 <LI><a href="#[70]">HC_JGJRT_Answer</a> from hcbt20.o(i.HC_JGJRT_Answer) referenced from hcbt20.o(i.BT_CmdList_Init)
 <LI><a href="#[67]">HC_MEM_Answer</a> from hcbt20.o(i.HC_MEM_Answer) referenced from hcbt20.o(i.BT_CmdList_Init)
 <LI><a href="#[6f]">HC_QUICKHIST_Answer</a> from hcbt20.o(i.HC_QUICKHIST_Answer) referenced from hcbt20.o(i.BT_CmdList_Init)
 <LI><a href="#[6e]">HC_QUICKRT_Answer</a> from hcbt20.o(i.HC_QUICKRT_Answer) referenced from hcbt20.o(i.BT_CmdList_Init)
 <LI><a href="#[6a]">HC_RDFILE_Answer</a> from hcbt20.o(i.HC_RDFILE_Answer) referenced from hcbt20.o(i.BT_CmdList_Init)
 <LI><a href="#[6d]">HC_SYSPARA_Answer</a> from hcbt20.o(i.HC_SYSPARA_Answer) referenced from hcbt20.o(i.BT_CmdList_Init)
 <LI><a href="#[68]">HC_TEMP_Answer</a> from hcbt20.o(i.HC_TEMP_Answer) referenced from hcbt20.o(i.BT_CmdList_Init)
 <LI><a href="#[19]">HardFault_Handler</a> from stm32f10x_it.o(i.HardFault_Handler) referenced from startup_stm32f10x_xl.o(RESET)
 <LI><a href="#[41]">I2C1_ER_IRQHandler</a> from startup_stm32f10x_xl.o(.text) referenced from startup_stm32f10x_xl.o(RESET)
 <LI><a href="#[40]">I2C1_EV_IRQHandler</a> from startup_stm32f10x_xl.o(.text) referenced from startup_stm32f10x_xl.o(RESET)
 <LI><a href="#[43]">I2C2_ER_IRQHandler</a> from startup_stm32f10x_xl.o(.text) referenced from startup_stm32f10x_xl.o(RESET)
 <LI><a href="#[42]">I2C2_EV_IRQHandler</a> from startup_stm32f10x_xl.o(.text) referenced from startup_stm32f10x_xl.o(RESET)
 <LI><a href="#[e]">MASS_Data_Setup</a> from usb_prop.o(i.MASS_Data_Setup) referenced 2 times from usb_prop.o(.data)
 <LI><a href="#[12]">MASS_GetConfigDescriptor</a> from usb_prop.o(i.MASS_GetConfigDescriptor) referenced 2 times from usb_prop.o(.data)
 <LI><a href="#[11]">MASS_GetDeviceDescriptor</a> from usb_prop.o(i.MASS_GetDeviceDescriptor) referenced 2 times from usb_prop.o(.data)
 <LI><a href="#[13]">MASS_GetStringDescriptor</a> from usb_prop.o(i.MASS_GetStringDescriptor) referenced 2 times from usb_prop.o(.data)
 <LI><a href="#[10]">MASS_Get_Interface_Setting</a> from usb_prop.o(i.MASS_Get_Interface_Setting) referenced 2 times from usb_prop.o(.data)
 <LI><a href="#[f]">MASS_NoData_Setup</a> from usb_prop.o(i.MASS_NoData_Setup) referenced 2 times from usb_prop.o(.data)
 <LI><a href="#[b]">MASS_Reset</a> from usb_prop.o(i.MASS_Reset) referenced 2 times from usb_prop.o(.data)
 <LI><a href="#[c]">MASS_Status_In</a> from usb_prop.o(i.MASS_Status_In) referenced 2 times from usb_prop.o(.data)
 <LI><a href="#[d]">MASS_Status_Out</a> from usb_prop.o(i.MASS_Status_Out) referenced 2 times from usb_prop.o(.data)
 <LI><a href="#[a]">MASS_init</a> from usb_prop.o(i.MASS_init) referenced 2 times from usb_prop.o(.data)
 <LI><a href="#[15]">Mass_Storage_ClearFeature</a> from usb_prop.o(i.Mass_Storage_ClearFeature) referenced 2 times from usb_prop.o(.data)
 <LI><a href="#[14]">Mass_Storage_SetConfiguration</a> from usb_prop.o(i.Mass_Storage_SetConfiguration) referenced 2 times from usb_prop.o(.data)
 <LI><a href="#[16]">Mass_Storage_SetDeviceAddress</a> from usb_prop.o(i.Mass_Storage_SetDeviceAddress) referenced 2 times from usb_prop.o(.data)
 <LI><a href="#[1a]">MemManage_Handler</a> from stm32f10x_it.o(i.MemManage_Handler) referenced from startup_stm32f10x_xl.o(RESET)
 <LI><a href="#[18]">NMI_Handler</a> from stm32f10x_it.o(i.NMI_Handler) referenced from startup_stm32f10x_xl.o(RESET)
 <LI><a href="#[8]">NOP_Process</a> from usb_core.o(i.NOP_Process) referenced 36 times from usb_istr.o(.data)
 <LI><a href="#[22]">PVD_IRQHandler</a> from startup_stm32f10x_xl.o(.text) referenced from startup_stm32f10x_xl.o(RESET)
 <LI><a href="#[1f]">PendSV_Handler</a> from stm32f10x_it.o(i.PendSV_Handler) referenced from startup_stm32f10x_xl.o(RESET)
 <LI><a href="#[26]">RCC_IRQHandler</a> from startup_stm32f10x_xl.o(.text) referenced from startup_stm32f10x_xl.o(RESET)
 <LI><a href="#[4a]">RTCAlarm_IRQHandler</a> from startup_stm32f10x_xl.o(.text) referenced from startup_stm32f10x_xl.o(RESET)
 <LI><a href="#[24]">RTC_IRQHandler</a> from startup_stm32f10x_xl.o(.text) referenced from startup_stm32f10x_xl.o(RESET)
 <LI><a href="#[17]">Reset_Handler</a> from startup_stm32f10x_xl.o(.text) referenced from startup_stm32f10x_xl.o(RESET)
 <LI><a href="#[52]">SDIO_IRQHandler</a> from startup_stm32f10x_xl.o(.text) referenced from startup_stm32f10x_xl.o(RESET)
 <LI><a href="#[44]">SPI1_IRQHandler</a> from startup_stm32f10x_xl.o(.text) referenced from startup_stm32f10x_xl.o(RESET)
 <LI><a href="#[45]">SPI2_IRQHandler</a> from startup_stm32f10x_xl.o(.text) referenced from startup_stm32f10x_xl.o(RESET)
 <LI><a href="#[54]">SPI3_IRQHandler</a> from startup_stm32f10x_xl.o(.text) referenced from startup_stm32f10x_xl.o(RESET)
 <LI><a href="#[1d]">SVC_Handler</a> from stm32f10x_it.o(i.SVC_Handler) referenced from startup_stm32f10x_xl.o(RESET)
 <LI><a href="#[74]">Standard_GetConfiguration</a> from usb_core.o(i.Standard_GetConfiguration) referenced from usb_core.o(i.Data_Setup0)
 <LI><a href="#[75]">Standard_GetInterface</a> from usb_core.o(i.Standard_GetInterface) referenced from usb_core.o(i.Data_Setup0)
 <LI><a href="#[73]">Standard_GetStatus</a> from usb_core.o(i.Standard_GetStatus) referenced from usb_core.o(i.Data_Setup0)
 <LI><a href="#[20]">SysTick_Handler</a> from systic.o(i.SysTick_Handler) referenced from startup_stm32f10x_xl.o(RESET)
 <LI><a href="#[5d]">SystemInit</a> from system_stm32f10x.o(i.SystemInit) referenced from startup_stm32f10x_xl.o(.text)
 <LI><a href="#[23]">TAMPER_IRQHandler</a> from startup_stm32f10x_xl.o(.text) referenced from startup_stm32f10x_xl.o(RESET)
 <LI><a href="#[39]">TIM1_BRK_TIM9_IRQHandler</a> from startup_stm32f10x_xl.o(.text) referenced from startup_stm32f10x_xl.o(RESET)
 <LI><a href="#[3c]">TIM1_CC_IRQHandler</a> from startup_stm32f10x_xl.o(.text) referenced from startup_stm32f10x_xl.o(RESET)
 <LI><a href="#[3b]">TIM1_TRG_COM_TIM11_IRQHandler</a> from startup_stm32f10x_xl.o(.text) referenced from startup_stm32f10x_xl.o(RESET)
 <LI><a href="#[3a]">TIM1_UP_TIM10_IRQHandler</a> from startup_stm32f10x_xl.o(.text) referenced from startup_stm32f10x_xl.o(RESET)
 <LI><a href="#[3d]">TIM2_IRQHandler</a> from timer.o(i.TIM2_IRQHandler) referenced from startup_stm32f10x_xl.o(RESET)
 <LI><a href="#[3e]">TIM3_IRQHandler</a> from startup_stm32f10x_xl.o(.text) referenced from startup_stm32f10x_xl.o(RESET)
 <LI><a href="#[3f]">TIM4_IRQHandler</a> from timer.o(i.TIM4_IRQHandler) referenced from startup_stm32f10x_xl.o(RESET)
 <LI><a href="#[53]">TIM5_IRQHandler</a> from startup_stm32f10x_xl.o(.text) referenced from startup_stm32f10x_xl.o(RESET)
 <LI><a href="#[57]">TIM6_IRQHandler</a> from startup_stm32f10x_xl.o(.text) referenced from startup_stm32f10x_xl.o(RESET)
 <LI><a href="#[58]">TIM7_IRQHandler</a> from startup_stm32f10x_xl.o(.text) referenced from startup_stm32f10x_xl.o(RESET)
 <LI><a href="#[4c]">TIM8_BRK_TIM12_IRQHandler</a> from startup_stm32f10x_xl.o(.text) referenced from startup_stm32f10x_xl.o(RESET)
 <LI><a href="#[4f]">TIM8_CC_IRQHandler</a> from startup_stm32f10x_xl.o(.text) referenced from startup_stm32f10x_xl.o(RESET)
 <LI><a href="#[4e]">TIM8_TRG_COM_TIM14_IRQHandler</a> from startup_stm32f10x_xl.o(.text) referenced from startup_stm32f10x_xl.o(RESET)
 <LI><a href="#[4d]">TIM8_UP_TIM13_IRQHandler</a> from startup_stm32f10x_xl.o(.text) referenced from startup_stm32f10x_xl.o(RESET)
 <LI><a href="#[55]">UART4_IRQHandler</a> from uart.o(i.UART4_IRQHandler) referenced from startup_stm32f10x_xl.o(RESET)
 <LI><a href="#[56]">UART5_IRQHandler</a> from startup_stm32f10x_xl.o(.text) referenced from startup_stm32f10x_xl.o(RESET)
 <LI><a href="#[46]">USART1_IRQHandler</a> from hcbt20.o(i.USART1_IRQHandler) referenced from startup_stm32f10x_xl.o(RESET)
 <LI><a href="#[47]">USART2_IRQHandler</a> from startup_stm32f10x_xl.o(.text) referenced from startup_stm32f10x_xl.o(RESET)
 <LI><a href="#[48]">USART3_IRQHandler</a> from gps.o(i.USART3_IRQHandler) referenced from startup_stm32f10x_xl.o(RESET)
 <LI><a href="#[4b]">USBWakeUp_IRQHandler</a> from startup_stm32f10x_xl.o(.text) referenced from startup_stm32f10x_xl.o(RESET)
 <LI><a href="#[34]">USB_HP_CAN1_TX_IRQHandler</a> from stm32f10x_it.o(i.USB_HP_CAN1_TX_IRQHandler) referenced from startup_stm32f10x_xl.o(RESET)
 <LI><a href="#[35]">USB_LP_CAN1_RX0_IRQHandler</a> from stm32f10x_it.o(i.USB_LP_CAN1_RX0_IRQHandler) referenced from startup_stm32f10x_xl.o(RESET)
 <LI><a href="#[1c]">UsageFault_Handler</a> from stm32f10x_it.o(i.UsageFault_Handler) referenced from startup_stm32f10x_xl.o(RESET)
 <LI><a href="#[21]">WWDG_IRQHandler</a> from startup_stm32f10x_xl.o(.text) referenced from startup_stm32f10x_xl.o(RESET)
 <LI><a href="#[97]">__main</a> from __main.o(!!!main) referenced from startup_stm32f10x_xl.o(.text)
 <LI><a href="#[64]">_get_lc_ctype</a> from lc_ctype_c.o(locale$$code) referenced from rt_ctype_table.o(.text)
 <LI><a href="#[60]">_printf_input_char</a> from _printf_char_common.o(.text) referenced from _printf_char_common.o(.text)
 <LI><a href="#[62]">_sbackspace</a> from _sgetc.o(.text) referenced from strtod.o(.text)
 <LI><a href="#[61]">_sgetc</a> from _sgetc.o(.text) referenced from strtod.o(.text)
 <LI><a href="#[5f]">_sputc</a> from _sputc.o(.text) referenced from noretval__2sprintf.o(.text)
 <LI><a href="#[4]">get_pymb</a> from pyinput.o(i.get_pymb) referenced 2 times from pyinput.o(.data)
 <LI><a href="#[63]">isspace</a> from isspace.o(.text) referenced from strtod.o(.text)
 <LI><a href="#[5]">my_mem_init</a> from malloc.o(i.my_mem_init) referenced 2 times from malloc.o(.data)
 <LI><a href="#[6]">my_mem_perused</a> from malloc.o(i.my_mem_perused) referenced 2 times from malloc.o(.data)
 <LI><a href="#[89]">ui_Analyze_InitDisp</a> from ui_analyze.o(i.ui_Analyze_InitDisp) referenced from config_ui.o(.constdata)
 <LI><a href="#[8a]">ui_Analyze_Run</a> from ui_analyze.o(i.ui_Analyze_Run) referenced from config_ui.o(.constdata)
 <LI><a href="#[8f]">ui_Biaoding_InitDisp</a> from ui_biaoding.o(i.ui_Biaoding_InitDisp) referenced from config_ui.o(.constdata)
 <LI><a href="#[90]">ui_Biaoding_Run</a> from ui_biaoding.o(i.ui_Biaoding_Run) referenced from config_ui.o(.constdata)
 <LI><a href="#[81]">ui_Browse10_InitDisp</a> from ui_browse10.o(i.ui_Browse10_InitDisp) referenced from config_ui.o(.constdata)
 <LI><a href="#[82]">ui_Browse10_Run</a> from ui_browse10.o(i.ui_Browse10_Run) referenced from config_ui.o(.constdata)
 <LI><a href="#[8d]">ui_Condition_InitDisp</a> from ui_condition.o(i.ui_Condition_InitDisp) referenced from config_ui.o(.constdata)
 <LI><a href="#[8e]">ui_Condition_Run</a> from ui_condition.o(i.ui_Condition_Run) referenced from config_ui.o(.constdata)
 <LI><a href="#[91]">ui_Gain_InitDisp</a> from ui_gain.o(i.ui_Gain_InitDisp) referenced from config_ui.o(.constdata)
 <LI><a href="#[92]">ui_Gain_Run</a> from ui_gain.o(i.ui_Gain_Run) referenced from config_ui.o(.constdata)
 <LI><a href="#[93]">ui_Heat_InitDisp</a> from ui_heat.o(i.ui_Heat_InitDisp) referenced from config_ui.o(.constdata)
 <LI><a href="#[94]">ui_Heat_Run</a> from ui_heat.o(i.ui_Heat_Run) referenced from config_ui.o(.constdata)
 <LI><a href="#[79]">ui_Main_InitDisp</a> from ui_main.o(i.ui_Main_InitDisp) referenced from config_ui.o(.constdata)
 <LI><a href="#[7a]">ui_Main_Run</a> from ui_main.o(i.ui_Main_Run) referenced from config_ui.o(.constdata)
 <LI><a href="#[85]">ui_Paraset10_InitDisp</a> from ui_paraset10.o(i.ui_Paraset10_InitDisp) referenced from config_ui.o(.constdata)
 <LI><a href="#[86]">ui_Paraset10_Run</a> from ui_paraset10.o(i.ui_Paraset10_Run) referenced from config_ui.o(.constdata)
 <LI><a href="#[7f]">ui_SampBlock_InitDisp</a> from ui_sampblock.o(i.ui_SampBlock_InitDisp) referenced from config_ui.o(.constdata)
 <LI><a href="#[80]">ui_SampBlock_Run</a> from ui_sampblock.o(i.ui_SampBlock_Run) referenced from config_ui.o(.constdata)
 <LI><a href="#[7d]">ui_SampJGJ_InitDisp</a> from ui_sampjgj.o(i.ui_SampJGJ_InitDisp) referenced from config_ui.o(.constdata)
 <LI><a href="#[7e]">ui_SampJGJ_Run</a> from ui_sampjgj.o(i.ui_SampJGJ_Run) referenced from config_ui.o(.constdata)
 <LI><a href="#[8b]">ui_Sampdisp_InitDisp</a> from ui_sampdisp.o(i.ui_Sampdisp_InitDisp) referenced from config_ui.o(.constdata)
 <LI><a href="#[8c]">ui_Sampdisp_Run</a> from ui_sampdisp.o(i.ui_Sampdisp_Run) referenced from config_ui.o(.constdata)
 <LI><a href="#[7b]">ui_Sample10_InitDisp</a> from ui_sample10.o(i.ui_Sample10_InitDisp) referenced from config_ui.o(.constdata)
 <LI><a href="#[7c]">ui_Sample10_Run</a> from ui_sample10.o(i.ui_Sample10_Run) referenced from config_ui.o(.constdata)
 <LI><a href="#[87]">ui_Sampset_InitDisp</a> from ui_sampset.o(i.ui_Sampset_InitDisp) referenced from config_ui.o(.constdata)
 <LI><a href="#[88]">ui_Sampset_Run</a> from ui_sampset.o(i.ui_Sampset_Run) referenced from config_ui.o(.constdata)
 <LI><a href="#[77]">ui_Start_InitDisp</a> from ui_start.o(i.ui_Start_InitDisp) referenced from config_ui.o(.constdata)
 <LI><a href="#[78]">ui_Start_Run</a> from ui_start.o(i.ui_Start_Run) referenced from config_ui.o(.constdata)
 <LI><a href="#[83]">ui_Verify_InitDisp</a> from ui_verify.o(i.ui_Verify_InitDisp) referenced from config_ui.o(.constdata)
 <LI><a href="#[84]">ui_Verify_Run</a> from ui_verify.o(i.ui_Verify_Run) referenced from config_ui.o(.constdata)
 <LI><a href="#[95]">ui_View_InitDisp</a> from ui_view.o(i.ui_View_InitDisp) referenced from config_ui.o(.constdata)
 <LI><a href="#[96]">ui_View_Run</a> from ui_view.o(i.ui_View_Run) referenced from config_ui.o(.constdata)
</UL>
<P>
<H3>
Global Symbols
</H3>
<P><STRONG><a name="[97]"></a>__main</STRONG> (Thumb, 8 bytes, Stack size 0 bytes, __main.o(!!!main))
<BR><BR>[Calls]<UL><LI><a href="#[99]">&gt;&gt;</a>&nbsp;&nbsp;&nbsp;__rt_entry
<LI><a href="#[98]">&gt;&gt;</a>&nbsp;&nbsp;&nbsp;__scatterload
</UL>

<P><STRONG><a name="[98]"></a>__scatterload</STRONG> (Thumb, 0 bytes, Stack size unknown bytes, __scatter.o(!!!scatter))
<BR><BR>[Called By]<UL><LI><a href="#[97]">&gt;&gt;</a>&nbsp;&nbsp;&nbsp;__main
</UL>

<P><STRONG><a name="[9a]"></a>__scatterload_rt2</STRONG> (Thumb, 44 bytes, Stack size unknown bytes, __scatter.o(!!!scatter), UNUSED)
<BR><BR>[Calls]<UL><LI><a href="#[99]">&gt;&gt;</a>&nbsp;&nbsp;&nbsp;__rt_entry
</UL>

<P><STRONG><a name="[392]"></a>__scatterload_rt2_thumb_only</STRONG> (Thumb, 0 bytes, Stack size unknown bytes, __scatter.o(!!!scatter), UNUSED)

<P><STRONG><a name="[393]"></a>__scatterload_null</STRONG> (Thumb, 0 bytes, Stack size unknown bytes, __scatter.o(!!!scatter), UNUSED)

<P><STRONG><a name="[394]"></a>__decompress</STRONG> (Thumb, 100 bytes, Stack size unknown bytes, __dclz77c.o(!!dclz77c), UNUSED)

<P><STRONG><a name="[395]"></a>__decompress2</STRONG> (Thumb, 0 bytes, Stack size unknown bytes, __dclz77c.o(!!dclz77c), UNUSED)

<P><STRONG><a name="[396]"></a>__scatterload_zeroinit</STRONG> (Thumb, 28 bytes, Stack size unknown bytes, __scatter_zi.o(!!handler_zi), UNUSED)

<P><STRONG><a name="[9b]"></a>_printf_f</STRONG> (Thumb, 0 bytes, Stack size unknown bytes, _printf_f.o(.ARM.Collect$$_printf_percent$$00000003))
<BR><BR>[Stack]<UL><LI>Max Depth = 320 + Unknown Stack Size
<LI>Call Chain = _printf_f &rArr; _printf_fp_dec &rArr; _printf_fp_dec_real &rArr; _fp_digits &rArr; _btod_etento &rArr; _btod_emul &rArr; _e2e
</UL>
<BR>[Calls]<UL><LI><a href="#[9c]">&gt;&gt;</a>&nbsp;&nbsp;&nbsp;_printf_fp_dec
</UL>

<P><STRONG><a name="[b9]"></a>_printf_percent</STRONG> (Thumb, 0 bytes, Stack size unknown bytes, _printf_percent.o(.ARM.Collect$$_printf_percent$$00000000))
<BR><BR>[Called By]<UL><LI><a href="#[b7]">&gt;&gt;</a>&nbsp;&nbsp;&nbsp;__printf
</UL>

<P><STRONG><a name="[9d]"></a>_printf_d</STRONG> (Thumb, 0 bytes, Stack size unknown bytes, _printf_d.o(.ARM.Collect$$_printf_percent$$00000009))
<BR><BR>[Stack]<UL><LI>Max Depth = 72 + Unknown Stack Size
<LI>Call Chain = _printf_d &rArr; _printf_int_dec &rArr; _printf_int_common &rArr; _printf_post_padding
</UL>
<BR>[Calls]<UL><LI><a href="#[9e]">&gt;&gt;</a>&nbsp;&nbsp;&nbsp;_printf_int_dec
</UL>

<P><STRONG><a name="[9f]"></a>_printf_s</STRONG> (Thumb, 0 bytes, Stack size unknown bytes, _printf_s.o(.ARM.Collect$$_printf_percent$$00000014))
<BR><BR>[Stack]<UL><LI>Max Depth = 40 + Unknown Stack Size
<LI>Call Chain = _printf_s &rArr; _printf_string &rArr; _printf_cs_common &rArr; _printf_str &rArr; _printf_post_padding
</UL>
<BR>[Calls]<UL><LI><a href="#[a0]">&gt;&gt;</a>&nbsp;&nbsp;&nbsp;_printf_string
</UL>

<P><STRONG><a name="[397]"></a>_printf_percent_end</STRONG> (Thumb, 0 bytes, Stack size unknown bytes, _printf_percent_end.o(.ARM.Collect$$_printf_percent$$00000017))

<P><STRONG><a name="[a9]"></a>__rt_lib_init</STRONG> (Thumb, 0 bytes, Stack size unknown bytes, libinit.o(.ARM.Collect$$libinit$$00000000))
<BR><BR>[Called By]<UL><LI><a href="#[a8]">&gt;&gt;</a>&nbsp;&nbsp;&nbsp;__rt_entry_li
</UL>

<P><STRONG><a name="[398]"></a>__rt_lib_init_fp_1</STRONG> (Thumb, 0 bytes, Stack size unknown bytes, libinit2.o(.ARM.Collect$$libinit$$00000002))

<P><STRONG><a name="[399]"></a>__rt_lib_init_heap_1</STRONG> (Thumb, 0 bytes, Stack size unknown bytes, libinit2.o(.ARM.Collect$$libinit$$0000000A))

<P><STRONG><a name="[a1]"></a>__rt_lib_init_lc_common</STRONG> (Thumb, 0 bytes, Stack size unknown bytes, libinit2.o(.ARM.Collect$$libinit$$0000000F))
<BR><BR>[Calls]<UL><LI><a href="#[a2]">&gt;&gt;</a>&nbsp;&nbsp;&nbsp;__rt_locale
</UL>

<P><STRONG><a name="[39a]"></a>__rt_lib_init_preinit_1</STRONG> (Thumb, 0 bytes, Stack size unknown bytes, libinit2.o(.ARM.Collect$$libinit$$00000004))

<P><STRONG><a name="[39b]"></a>__rt_lib_init_rand_1</STRONG> (Thumb, 0 bytes, Stack size unknown bytes, libinit2.o(.ARM.Collect$$libinit$$0000000E))

<P><STRONG><a name="[39c]"></a>__rt_lib_init_user_alloc_1</STRONG> (Thumb, 0 bytes, Stack size unknown bytes, libinit2.o(.ARM.Collect$$libinit$$0000000C))

<P><STRONG><a name="[39d]"></a>__rt_lib_init_lc_collate_1</STRONG> (Thumb, 0 bytes, Stack size unknown bytes, libinit2.o(.ARM.Collect$$libinit$$00000011))

<P><STRONG><a name="[a3]"></a>__rt_lib_init_lc_ctype_2</STRONG> (Thumb, 0 bytes, Stack size unknown bytes, libinit2.o(.ARM.Collect$$libinit$$00000012))
<BR><BR>[Stack]<UL><LI>Max Depth = 8 + Unknown Stack Size
<LI>Call Chain = __rt_lib_init_lc_ctype_2 &rArr; _get_lc_ctype
</UL>
<BR>[Calls]<UL><LI><a href="#[64]">&gt;&gt;</a>&nbsp;&nbsp;&nbsp;_get_lc_ctype
</UL>

<P><STRONG><a name="[39e]"></a>__rt_lib_init_lc_ctype_1</STRONG> (Thumb, 0 bytes, Stack size unknown bytes, libinit2.o(.ARM.Collect$$libinit$$00000013))

<P><STRONG><a name="[39f]"></a>__rt_lib_init_lc_monetary_1</STRONG> (Thumb, 0 bytes, Stack size unknown bytes, libinit2.o(.ARM.Collect$$libinit$$00000015))

<P><STRONG><a name="[a4]"></a>__rt_lib_init_lc_numeric_2</STRONG> (Thumb, 0 bytes, Stack size unknown bytes, libinit2.o(.ARM.Collect$$libinit$$00000016))
<BR><BR>[Stack]<UL><LI>Max Depth = 8 + Unknown Stack Size
<LI>Call Chain = __rt_lib_init_lc_numeric_2 &rArr; _get_lc_numeric
</UL>
<BR>[Calls]<UL><LI><a href="#[a5]">&gt;&gt;</a>&nbsp;&nbsp;&nbsp;_get_lc_numeric
</UL>

<P><STRONG><a name="[3a0]"></a>__rt_lib_init_alloca_1</STRONG> (Thumb, 0 bytes, Stack size unknown bytes, libinit2.o(.ARM.Collect$$libinit$$0000002E))

<P><STRONG><a name="[3a1]"></a>__rt_lib_init_argv_1</STRONG> (Thumb, 0 bytes, Stack size unknown bytes, libinit2.o(.ARM.Collect$$libinit$$0000002C))

<P><STRONG><a name="[3a2]"></a>__rt_lib_init_atexit_1</STRONG> (Thumb, 0 bytes, Stack size unknown bytes, libinit2.o(.ARM.Collect$$libinit$$0000001B))

<P><STRONG><a name="[3a3]"></a>__rt_lib_init_clock_1</STRONG> (Thumb, 0 bytes, Stack size unknown bytes, libinit2.o(.ARM.Collect$$libinit$$00000021))

<P><STRONG><a name="[3a4]"></a>__rt_lib_init_cpp_1</STRONG> (Thumb, 0 bytes, Stack size unknown bytes, libinit2.o(.ARM.Collect$$libinit$$00000032))

<P><STRONG><a name="[3a5]"></a>__rt_lib_init_exceptions_1</STRONG> (Thumb, 0 bytes, Stack size unknown bytes, libinit2.o(.ARM.Collect$$libinit$$00000030))

<P><STRONG><a name="[3a6]"></a>__rt_lib_init_fp_trap_1</STRONG> (Thumb, 0 bytes, Stack size unknown bytes, libinit2.o(.ARM.Collect$$libinit$$0000001F))

<P><STRONG><a name="[3a7]"></a>__rt_lib_init_getenv_1</STRONG> (Thumb, 0 bytes, Stack size unknown bytes, libinit2.o(.ARM.Collect$$libinit$$00000023))

<P><STRONG><a name="[3a8]"></a>__rt_lib_init_lc_numeric_1</STRONG> (Thumb, 0 bytes, Stack size unknown bytes, libinit2.o(.ARM.Collect$$libinit$$00000017))

<P><STRONG><a name="[3a9]"></a>__rt_lib_init_lc_time_1</STRONG> (Thumb, 0 bytes, Stack size unknown bytes, libinit2.o(.ARM.Collect$$libinit$$00000019))

<P><STRONG><a name="[3aa]"></a>__rt_lib_init_return</STRONG> (Thumb, 0 bytes, Stack size unknown bytes, libinit2.o(.ARM.Collect$$libinit$$00000033))

<P><STRONG><a name="[3ab]"></a>__rt_lib_init_signal_1</STRONG> (Thumb, 0 bytes, Stack size unknown bytes, libinit2.o(.ARM.Collect$$libinit$$0000001D))

<P><STRONG><a name="[3ac]"></a>__rt_lib_init_stdio_1</STRONG> (Thumb, 0 bytes, Stack size unknown bytes, libinit2.o(.ARM.Collect$$libinit$$00000025))

<P><STRONG><a name="[ae]"></a>__rt_lib_shutdown</STRONG> (Thumb, 0 bytes, Stack size unknown bytes, libshutdown.o(.ARM.Collect$$libshutdown$$00000000))
<BR><BR>[Called By]<UL><LI><a href="#[ad]">&gt;&gt;</a>&nbsp;&nbsp;&nbsp;__rt_exit_ls
</UL>

<P><STRONG><a name="[3ad]"></a>__rt_lib_shutdown_cpp_1</STRONG> (Thumb, 0 bytes, Stack size unknown bytes, libshutdown2.o(.ARM.Collect$$libshutdown$$00000002))

<P><STRONG><a name="[3ae]"></a>__rt_lib_shutdown_fp_trap_1</STRONG> (Thumb, 0 bytes, Stack size unknown bytes, libshutdown2.o(.ARM.Collect$$libshutdown$$00000007))

<P><STRONG><a name="[3af]"></a>__rt_lib_shutdown_heap_1</STRONG> (Thumb, 0 bytes, Stack size unknown bytes, libshutdown2.o(.ARM.Collect$$libshutdown$$0000000F))

<P><STRONG><a name="[3b0]"></a>__rt_lib_shutdown_return</STRONG> (Thumb, 0 bytes, Stack size unknown bytes, libshutdown2.o(.ARM.Collect$$libshutdown$$00000010))

<P><STRONG><a name="[3b1]"></a>__rt_lib_shutdown_signal_1</STRONG> (Thumb, 0 bytes, Stack size unknown bytes, libshutdown2.o(.ARM.Collect$$libshutdown$$0000000A))

<P><STRONG><a name="[3b2]"></a>__rt_lib_shutdown_stdio_1</STRONG> (Thumb, 0 bytes, Stack size unknown bytes, libshutdown2.o(.ARM.Collect$$libshutdown$$00000004))

<P><STRONG><a name="[3b3]"></a>__rt_lib_shutdown_user_alloc_1</STRONG> (Thumb, 0 bytes, Stack size unknown bytes, libshutdown2.o(.ARM.Collect$$libshutdown$$0000000C))

<P><STRONG><a name="[99]"></a>__rt_entry</STRONG> (Thumb, 0 bytes, Stack size unknown bytes, __rtentry.o(.ARM.Collect$$rtentry$$00000000))
<BR><BR>[Called By]<UL><LI><a href="#[97]">&gt;&gt;</a>&nbsp;&nbsp;&nbsp;__main
<LI><a href="#[9a]">&gt;&gt;</a>&nbsp;&nbsp;&nbsp;__scatterload_rt2
</UL>

<P><STRONG><a name="[3b4]"></a>__rt_entry_presh_1</STRONG> (Thumb, 0 bytes, Stack size unknown bytes, __rtentry2.o(.ARM.Collect$$rtentry$$00000002))

<P><STRONG><a name="[a6]"></a>__rt_entry_sh</STRONG> (Thumb, 0 bytes, Stack size unknown bytes, __rtentry4.o(.ARM.Collect$$rtentry$$00000004))
<BR><BR>[Stack]<UL><LI>Max Depth = 8 + Unknown Stack Size
<LI>Call Chain = __rt_entry_sh &rArr; __user_setup_stackheap
</UL>
<BR>[Calls]<UL><LI><a href="#[a7]">&gt;&gt;</a>&nbsp;&nbsp;&nbsp;__user_setup_stackheap
</UL>

<P><STRONG><a name="[a8]"></a>__rt_entry_li</STRONG> (Thumb, 0 bytes, Stack size unknown bytes, __rtentry2.o(.ARM.Collect$$rtentry$$0000000A))
<BR><BR>[Calls]<UL><LI><a href="#[a9]">&gt;&gt;</a>&nbsp;&nbsp;&nbsp;__rt_lib_init
</UL>

<P><STRONG><a name="[3b5]"></a>__rt_entry_postsh_1</STRONG> (Thumb, 0 bytes, Stack size unknown bytes, __rtentry2.o(.ARM.Collect$$rtentry$$00000009))

<P><STRONG><a name="[aa]"></a>__rt_entry_main</STRONG> (Thumb, 0 bytes, Stack size unknown bytes, __rtentry2.o(.ARM.Collect$$rtentry$$0000000D))
<BR><BR>[Stack]<UL><LI>Max Depth = 4800 + Unknown Stack Size
<LI>Call Chain = __rt_entry_main &rArr; main &rArr; f_mkdir &rArr; dir_register &rArr; dir_find &rArr; dir_next &rArr; create_chain &rArr; put_fat &rArr; move_window &rArr; sync_window &rArr; disk_write &rArr; W25QXX_Write &rArr; W25QXX_Write_NoCheck &rArr; W25QXX_Write_Page &rArr; W25QXX_Wait_Busy &rArr; W25QXX_ReadSR &rArr; SPI_ReadWriteByte
</UL>
<BR>[Calls]<UL><LI><a href="#[ab]">&gt;&gt;</a>&nbsp;&nbsp;&nbsp;main
<LI><a href="#[ac]">&gt;&gt;</a>&nbsp;&nbsp;&nbsp;exit
</UL>

<P><STRONG><a name="[3b6]"></a>__rt_entry_postli_1</STRONG> (Thumb, 0 bytes, Stack size unknown bytes, __rtentry2.o(.ARM.Collect$$rtentry$$0000000C))

<P><STRONG><a name="[df]"></a>__rt_exit</STRONG> (Thumb, 0 bytes, Stack size unknown bytes, rtexit.o(.ARM.Collect$$rtexit$$00000000))
<BR><BR>[Called By]<UL><LI><a href="#[ac]">&gt;&gt;</a>&nbsp;&nbsp;&nbsp;exit
</UL>

<P><STRONG><a name="[ad]"></a>__rt_exit_ls</STRONG> (Thumb, 0 bytes, Stack size unknown bytes, rtexit2.o(.ARM.Collect$$rtexit$$00000003))
<BR><BR>[Calls]<UL><LI><a href="#[ae]">&gt;&gt;</a>&nbsp;&nbsp;&nbsp;__rt_lib_shutdown
</UL>

<P><STRONG><a name="[3b7]"></a>__rt_exit_prels_1</STRONG> (Thumb, 0 bytes, Stack size unknown bytes, rtexit2.o(.ARM.Collect$$rtexit$$00000002))

<P><STRONG><a name="[af]"></a>__rt_exit_exit</STRONG> (Thumb, 0 bytes, Stack size unknown bytes, rtexit2.o(.ARM.Collect$$rtexit$$00000004))
<BR><BR>[Calls]<UL><LI><a href="#[b0]">&gt;&gt;</a>&nbsp;&nbsp;&nbsp;_sys_exit
</UL>

<P><STRONG><a name="[17]"></a>Reset_Handler</STRONG> (Thumb, 8 bytes, Stack size 0 bytes, startup_stm32f10x_xl.o(.text))
<BR>[Address Reference Count : 1]<UL><LI> startup_stm32f10x_xl.o(RESET)
</UL>
<P><STRONG><a name="[33]"></a>ADC1_2_IRQHandler</STRONG> (Thumb, 0 bytes, Stack size 0 bytes, startup_stm32f10x_xl.o(.text))
<BR><BR>[Calls]<UL><LI><a href="#[33]">&gt;&gt;</a>&nbsp;&nbsp;&nbsp;ADC1_2_IRQHandler
</UL>
<BR>[Called By]<UL><LI><a href="#[33]">&gt;&gt;</a>&nbsp;&nbsp;&nbsp;ADC1_2_IRQHandler
</UL>
<BR>[Address Reference Count : 1]<UL><LI> startup_stm32f10x_xl.o(RESET)
</UL>
<P><STRONG><a name="[50]"></a>ADC3_IRQHandler</STRONG> (Thumb, 0 bytes, Stack size 0 bytes, startup_stm32f10x_xl.o(.text))
<BR>[Address Reference Count : 1]<UL><LI> startup_stm32f10x_xl.o(RESET)
</UL>
<P><STRONG><a name="[36]"></a>CAN1_RX1_IRQHandler</STRONG> (Thumb, 0 bytes, Stack size 0 bytes, startup_stm32f10x_xl.o(.text))
<BR>[Address Reference Count : 1]<UL><LI> startup_stm32f10x_xl.o(RESET)
</UL>
<P><STRONG><a name="[37]"></a>CAN1_SCE_IRQHandler</STRONG> (Thumb, 0 bytes, Stack size 0 bytes, startup_stm32f10x_xl.o(.text))
<BR>[Address Reference Count : 1]<UL><LI> startup_stm32f10x_xl.o(RESET)
</UL>
<P><STRONG><a name="[2c]"></a>DMA1_Channel1_IRQHandler</STRONG> (Thumb, 0 bytes, Stack size 0 bytes, startup_stm32f10x_xl.o(.text))
<BR>[Address Reference Count : 1]<UL><LI> startup_stm32f10x_xl.o(RESET)
</UL>
<P><STRONG><a name="[2d]"></a>DMA1_Channel2_IRQHandler</STRONG> (Thumb, 0 bytes, Stack size 0 bytes, startup_stm32f10x_xl.o(.text))
<BR>[Address Reference Count : 1]<UL><LI> startup_stm32f10x_xl.o(RESET)
</UL>
<P><STRONG><a name="[2f]"></a>DMA1_Channel4_IRQHandler</STRONG> (Thumb, 0 bytes, Stack size 0 bytes, startup_stm32f10x_xl.o(.text))
<BR>[Address Reference Count : 1]<UL><LI> startup_stm32f10x_xl.o(RESET)
</UL>
<P><STRONG><a name="[32]"></a>DMA1_Channel7_IRQHandler</STRONG> (Thumb, 0 bytes, Stack size 0 bytes, startup_stm32f10x_xl.o(.text))
<BR>[Address Reference Count : 1]<UL><LI> startup_stm32f10x_xl.o(RESET)
</UL>
<P><STRONG><a name="[59]"></a>DMA2_Channel1_IRQHandler</STRONG> (Thumb, 0 bytes, Stack size 0 bytes, startup_stm32f10x_xl.o(.text))
<BR>[Address Reference Count : 1]<UL><LI> startup_stm32f10x_xl.o(RESET)
</UL>
<P><STRONG><a name="[5a]"></a>DMA2_Channel2_IRQHandler</STRONG> (Thumb, 0 bytes, Stack size 0 bytes, startup_stm32f10x_xl.o(.text))
<BR>[Address Reference Count : 1]<UL><LI> startup_stm32f10x_xl.o(RESET)
</UL>
<P><STRONG><a name="[5b]"></a>DMA2_Channel3_IRQHandler</STRONG> (Thumb, 0 bytes, Stack size 0 bytes, startup_stm32f10x_xl.o(.text))
<BR>[Address Reference Count : 1]<UL><LI> startup_stm32f10x_xl.o(RESET)
</UL>
<P><STRONG><a name="[5c]"></a>DMA2_Channel4_5_IRQHandler</STRONG> (Thumb, 0 bytes, Stack size 0 bytes, startup_stm32f10x_xl.o(.text))
<BR>[Address Reference Count : 1]<UL><LI> startup_stm32f10x_xl.o(RESET)
</UL>
<P><STRONG><a name="[27]"></a>EXTI0_IRQHandler</STRONG> (Thumb, 0 bytes, Stack size 0 bytes, startup_stm32f10x_xl.o(.text))
<BR>[Address Reference Count : 1]<UL><LI> startup_stm32f10x_xl.o(RESET)
</UL>
<P><STRONG><a name="[49]"></a>EXTI15_10_IRQHandler</STRONG> (Thumb, 0 bytes, Stack size 0 bytes, startup_stm32f10x_xl.o(.text))
<BR>[Address Reference Count : 1]<UL><LI> startup_stm32f10x_xl.o(RESET)
</UL>
<P><STRONG><a name="[29]"></a>EXTI2_IRQHandler</STRONG> (Thumb, 0 bytes, Stack size 0 bytes, startup_stm32f10x_xl.o(.text))
<BR>[Address Reference Count : 1]<UL><LI> startup_stm32f10x_xl.o(RESET)
</UL>
<P><STRONG><a name="[2a]"></a>EXTI3_IRQHandler</STRONG> (Thumb, 0 bytes, Stack size 0 bytes, startup_stm32f10x_xl.o(.text))
<BR>[Address Reference Count : 1]<UL><LI> startup_stm32f10x_xl.o(RESET)
</UL>
<P><STRONG><a name="[2b]"></a>EXTI4_IRQHandler</STRONG> (Thumb, 0 bytes, Stack size 0 bytes, startup_stm32f10x_xl.o(.text))
<BR>[Address Reference Count : 1]<UL><LI> startup_stm32f10x_xl.o(RESET)
</UL>
<P><STRONG><a name="[38]"></a>EXTI9_5_IRQHandler</STRONG> (Thumb, 0 bytes, Stack size 0 bytes, startup_stm32f10x_xl.o(.text))
<BR>[Address Reference Count : 1]<UL><LI> startup_stm32f10x_xl.o(RESET)
</UL>
<P><STRONG><a name="[25]"></a>FLASH_IRQHandler</STRONG> (Thumb, 0 bytes, Stack size 0 bytes, startup_stm32f10x_xl.o(.text))
<BR>[Address Reference Count : 1]<UL><LI> startup_stm32f10x_xl.o(RESET)
</UL>
<P><STRONG><a name="[51]"></a>FSMC_IRQHandler</STRONG> (Thumb, 0 bytes, Stack size 0 bytes, startup_stm32f10x_xl.o(.text))
<BR>[Address Reference Count : 1]<UL><LI> startup_stm32f10x_xl.o(RESET)
</UL>
<P><STRONG><a name="[41]"></a>I2C1_ER_IRQHandler</STRONG> (Thumb, 0 bytes, Stack size 0 bytes, startup_stm32f10x_xl.o(.text))
<BR>[Address Reference Count : 1]<UL><LI> startup_stm32f10x_xl.o(RESET)
</UL>
<P><STRONG><a name="[40]"></a>I2C1_EV_IRQHandler</STRONG> (Thumb, 0 bytes, Stack size 0 bytes, startup_stm32f10x_xl.o(.text))
<BR>[Address Reference Count : 1]<UL><LI> startup_stm32f10x_xl.o(RESET)
</UL>
<P><STRONG><a name="[43]"></a>I2C2_ER_IRQHandler</STRONG> (Thumb, 0 bytes, Stack size 0 bytes, startup_stm32f10x_xl.o(.text))
<BR>[Address Reference Count : 1]<UL><LI> startup_stm32f10x_xl.o(RESET)
</UL>
<P><STRONG><a name="[42]"></a>I2C2_EV_IRQHandler</STRONG> (Thumb, 0 bytes, Stack size 0 bytes, startup_stm32f10x_xl.o(.text))
<BR>[Address Reference Count : 1]<UL><LI> startup_stm32f10x_xl.o(RESET)
</UL>
<P><STRONG><a name="[22]"></a>PVD_IRQHandler</STRONG> (Thumb, 0 bytes, Stack size 0 bytes, startup_stm32f10x_xl.o(.text))
<BR>[Address Reference Count : 1]<UL><LI> startup_stm32f10x_xl.o(RESET)
</UL>
<P><STRONG><a name="[26]"></a>RCC_IRQHandler</STRONG> (Thumb, 0 bytes, Stack size 0 bytes, startup_stm32f10x_xl.o(.text))
<BR>[Address Reference Count : 1]<UL><LI> startup_stm32f10x_xl.o(RESET)
</UL>
<P><STRONG><a name="[4a]"></a>RTCAlarm_IRQHandler</STRONG> (Thumb, 0 bytes, Stack size 0 bytes, startup_stm32f10x_xl.o(.text))
<BR>[Address Reference Count : 1]<UL><LI> startup_stm32f10x_xl.o(RESET)
</UL>
<P><STRONG><a name="[24]"></a>RTC_IRQHandler</STRONG> (Thumb, 0 bytes, Stack size 0 bytes, startup_stm32f10x_xl.o(.text))
<BR>[Address Reference Count : 1]<UL><LI> startup_stm32f10x_xl.o(RESET)
</UL>
<P><STRONG><a name="[52]"></a>SDIO_IRQHandler</STRONG> (Thumb, 0 bytes, Stack size 0 bytes, startup_stm32f10x_xl.o(.text))
<BR>[Address Reference Count : 1]<UL><LI> startup_stm32f10x_xl.o(RESET)
</UL>
<P><STRONG><a name="[44]"></a>SPI1_IRQHandler</STRONG> (Thumb, 0 bytes, Stack size 0 bytes, startup_stm32f10x_xl.o(.text))
<BR>[Address Reference Count : 1]<UL><LI> startup_stm32f10x_xl.o(RESET)
</UL>
<P><STRONG><a name="[45]"></a>SPI2_IRQHandler</STRONG> (Thumb, 0 bytes, Stack size 0 bytes, startup_stm32f10x_xl.o(.text))
<BR>[Address Reference Count : 1]<UL><LI> startup_stm32f10x_xl.o(RESET)
</UL>
<P><STRONG><a name="[54]"></a>SPI3_IRQHandler</STRONG> (Thumb, 0 bytes, Stack size 0 bytes, startup_stm32f10x_xl.o(.text))
<BR>[Address Reference Count : 1]<UL><LI> startup_stm32f10x_xl.o(RESET)
</UL>
<P><STRONG><a name="[23]"></a>TAMPER_IRQHandler</STRONG> (Thumb, 0 bytes, Stack size 0 bytes, startup_stm32f10x_xl.o(.text))
<BR>[Address Reference Count : 1]<UL><LI> startup_stm32f10x_xl.o(RESET)
</UL>
<P><STRONG><a name="[39]"></a>TIM1_BRK_TIM9_IRQHandler</STRONG> (Thumb, 0 bytes, Stack size 0 bytes, startup_stm32f10x_xl.o(.text))
<BR>[Address Reference Count : 1]<UL><LI> startup_stm32f10x_xl.o(RESET)
</UL>
<P><STRONG><a name="[3c]"></a>TIM1_CC_IRQHandler</STRONG> (Thumb, 0 bytes, Stack size 0 bytes, startup_stm32f10x_xl.o(.text))
<BR>[Address Reference Count : 1]<UL><LI> startup_stm32f10x_xl.o(RESET)
</UL>
<P><STRONG><a name="[3b]"></a>TIM1_TRG_COM_TIM11_IRQHandler</STRONG> (Thumb, 0 bytes, Stack size 0 bytes, startup_stm32f10x_xl.o(.text))
<BR>[Address Reference Count : 1]<UL><LI> startup_stm32f10x_xl.o(RESET)
</UL>
<P><STRONG><a name="[3a]"></a>TIM1_UP_TIM10_IRQHandler</STRONG> (Thumb, 0 bytes, Stack size 0 bytes, startup_stm32f10x_xl.o(.text))
<BR>[Address Reference Count : 1]<UL><LI> startup_stm32f10x_xl.o(RESET)
</UL>
<P><STRONG><a name="[3e]"></a>TIM3_IRQHandler</STRONG> (Thumb, 0 bytes, Stack size 0 bytes, startup_stm32f10x_xl.o(.text))
<BR>[Address Reference Count : 1]<UL><LI> startup_stm32f10x_xl.o(RESET)
</UL>
<P><STRONG><a name="[53]"></a>TIM5_IRQHandler</STRONG> (Thumb, 0 bytes, Stack size 0 bytes, startup_stm32f10x_xl.o(.text))
<BR>[Address Reference Count : 1]<UL><LI> startup_stm32f10x_xl.o(RESET)
</UL>
<P><STRONG><a name="[57]"></a>TIM6_IRQHandler</STRONG> (Thumb, 0 bytes, Stack size 0 bytes, startup_stm32f10x_xl.o(.text))
<BR>[Address Reference Count : 1]<UL><LI> startup_stm32f10x_xl.o(RESET)
</UL>
<P><STRONG><a name="[58]"></a>TIM7_IRQHandler</STRONG> (Thumb, 0 bytes, Stack size 0 bytes, startup_stm32f10x_xl.o(.text))
<BR>[Address Reference Count : 1]<UL><LI> startup_stm32f10x_xl.o(RESET)
</UL>
<P><STRONG><a name="[4c]"></a>TIM8_BRK_TIM12_IRQHandler</STRONG> (Thumb, 0 bytes, Stack size 0 bytes, startup_stm32f10x_xl.o(.text))
<BR>[Address Reference Count : 1]<UL><LI> startup_stm32f10x_xl.o(RESET)
</UL>
<P><STRONG><a name="[4f]"></a>TIM8_CC_IRQHandler</STRONG> (Thumb, 0 bytes, Stack size 0 bytes, startup_stm32f10x_xl.o(.text))
<BR>[Address Reference Count : 1]<UL><LI> startup_stm32f10x_xl.o(RESET)
</UL>
<P><STRONG><a name="[4e]"></a>TIM8_TRG_COM_TIM14_IRQHandler</STRONG> (Thumb, 0 bytes, Stack size 0 bytes, startup_stm32f10x_xl.o(.text))
<BR>[Address Reference Count : 1]<UL><LI> startup_stm32f10x_xl.o(RESET)
</UL>
<P><STRONG><a name="[4d]"></a>TIM8_UP_TIM13_IRQHandler</STRONG> (Thumb, 0 bytes, Stack size 0 bytes, startup_stm32f10x_xl.o(.text))
<BR>[Address Reference Count : 1]<UL><LI> startup_stm32f10x_xl.o(RESET)
</UL>
<P><STRONG><a name="[56]"></a>UART5_IRQHandler</STRONG> (Thumb, 0 bytes, Stack size 0 bytes, startup_stm32f10x_xl.o(.text))
<BR>[Address Reference Count : 1]<UL><LI> startup_stm32f10x_xl.o(RESET)
</UL>
<P><STRONG><a name="[47]"></a>USART2_IRQHandler</STRONG> (Thumb, 0 bytes, Stack size 0 bytes, startup_stm32f10x_xl.o(.text))
<BR>[Address Reference Count : 1]<UL><LI> startup_stm32f10x_xl.o(RESET)
</UL>
<P><STRONG><a name="[4b]"></a>USBWakeUp_IRQHandler</STRONG> (Thumb, 0 bytes, Stack size 0 bytes, startup_stm32f10x_xl.o(.text))
<BR>[Address Reference Count : 1]<UL><LI> startup_stm32f10x_xl.o(RESET)
</UL>
<P><STRONG><a name="[21]"></a>WWDG_IRQHandler</STRONG> (Thumb, 0 bytes, Stack size 0 bytes, startup_stm32f10x_xl.o(.text))
<BR>[Address Reference Count : 1]<UL><LI> startup_stm32f10x_xl.o(RESET)
</UL>
<P><STRONG><a name="[d7]"></a>__user_initial_stackheap</STRONG> (Thumb, 0 bytes, Stack size unknown bytes, startup_stm32f10x_xl.o(.text))
<BR><BR>[Called By]<UL><LI><a href="#[a7]">&gt;&gt;</a>&nbsp;&nbsp;&nbsp;__user_setup_stackheap
</UL>

<P><STRONG><a name="[3b8]"></a>__use_no_semihosting</STRONG> (Thumb, 2 bytes, Stack size 0 bytes, use_no_semi_2.o(.text), UNUSED)

<P><STRONG><a name="[b1]"></a>__2sprintf</STRONG> (Thumb, 34 bytes, Stack size 32 bytes, noretval__2sprintf.o(.text))
<BR><BR>[Stack]<UL><LI>Max Depth = 136 + Unknown Stack Size
<LI>Call Chain = __2sprintf &rArr; _printf_char_common &rArr; __printf
</UL>
<BR>[Calls]<UL><LI><a href="#[5f]">&gt;&gt;</a>&nbsp;&nbsp;&nbsp;_sputc
<LI><a href="#[b2]">&gt;&gt;</a>&nbsp;&nbsp;&nbsp;_printf_char_common
</UL>
<BR>[Called By]<UL><LI><a href="#[2c1]">&gt;&gt;</a>&nbsp;&nbsp;&nbsp;Scan_OnePageFiles
<LI><a href="#[ef]">&gt;&gt;</a>&nbsp;&nbsp;&nbsp;LCD_ShowChinese
<LI><a href="#[200]">&gt;&gt;</a>&nbsp;&nbsp;&nbsp;Get_Adc_Data
<LI><a href="#[1ea]">&gt;&gt;</a>&nbsp;&nbsp;&nbsp;DispSaveDataCnt
<LI><a href="#[1e0]">&gt;&gt;</a>&nbsp;&nbsp;&nbsp;DispCarDist
<LI><a href="#[1dc]">&gt;&gt;</a>&nbsp;&nbsp;&nbsp;DeletePouMian
<LI><a href="#[1d6]">&gt;&gt;</a>&nbsp;&nbsp;&nbsp;DeleteBoXing
<LI><a href="#[188]">&gt;&gt;</a>&nbsp;&nbsp;&nbsp;BrushPouMianPage
<LI><a href="#[199]">&gt;&gt;</a>&nbsp;&nbsp;&nbsp;BrushPouMian
<LI><a href="#[181]">&gt;&gt;</a>&nbsp;&nbsp;&nbsp;BrushBoXingPage
<LI><a href="#[17c]">&gt;&gt;</a>&nbsp;&nbsp;&nbsp;BrushBoXing
<LI><a href="#[24f]">&gt;&gt;</a>&nbsp;&nbsp;&nbsp;InitSysPara
<LI><a href="#[18c]">&gt;&gt;</a>&nbsp;&nbsp;&nbsp;LCD_ShowNums_Center
<LI><a href="#[2ad]">&gt;&gt;</a>&nbsp;&nbsp;&nbsp;SampleDataView_Fun
<LI><a href="#[238]">&gt;&gt;</a>&nbsp;&nbsp;&nbsp;SampParaOptions
<LI><a href="#[2b7]">&gt;&gt;</a>&nbsp;&nbsp;&nbsp;SaveSourceDataFile
<LI><a href="#[146]">&gt;&gt;</a>&nbsp;&nbsp;&nbsp;BT_RealSendFile
<LI><a href="#[2b6]">&gt;&gt;</a>&nbsp;&nbsp;&nbsp;SaveSampFile
<LI><a href="#[fb]">&gt;&gt;</a>&nbsp;&nbsp;&nbsp;GPS_Location_Data
<LI><a href="#[120]">&gt;&gt;</a>&nbsp;&nbsp;&nbsp;LCD_ShowNums
<LI><a href="#[268]">&gt;&gt;</a>&nbsp;&nbsp;&nbsp;LCD_ShowBMP
<LI><a href="#[16a]">&gt;&gt;</a>&nbsp;&nbsp;&nbsp;LCD_ShowNnNums
<LI><a href="#[123]">&gt;&gt;</a>&nbsp;&nbsp;&nbsp;iNumInputDialog
<LI><a href="#[1c2]">&gt;&gt;</a>&nbsp;&nbsp;&nbsp;fNumInputDialog
<LI><a href="#[237]">&gt;&gt;</a>&nbsp;&nbsp;&nbsp;TextSetDialog
<LI><a href="#[28b]">&gt;&gt;</a>&nbsp;&nbsp;&nbsp;PromptDialog
<LI><a href="#[235]">&gt;&gt;</a>&nbsp;&nbsp;&nbsp;NumSetDialog
<LI><a href="#[f2]">&gt;&gt;</a>&nbsp;&nbsp;&nbsp;LCD_ShowText
<LI><a href="#[365]">&gt;&gt;</a>&nbsp;&nbsp;&nbsp;ui_SetGJNameNext
<LI><a href="#[35f]">&gt;&gt;</a>&nbsp;&nbsp;&nbsp;ui_DispTime
<LI><a href="#[35e]">&gt;&gt;</a>&nbsp;&nbsp;&nbsp;ui_DispTempera
<LI><a href="#[35c]">&gt;&gt;</a>&nbsp;&nbsp;&nbsp;ui_DispDate
<LI><a href="#[359]">&gt;&gt;</a>&nbsp;&nbsp;&nbsp;ui_DispBattery
<LI><a href="#[1e7]">&gt;&gt;</a>&nbsp;&nbsp;&nbsp;GetNameShort
<LI><a href="#[96]">&gt;&gt;</a>&nbsp;&nbsp;&nbsp;ui_View_Run
<LI><a href="#[95]">&gt;&gt;</a>&nbsp;&nbsp;&nbsp;ui_View_InitDisp
<LI><a href="#[84]">&gt;&gt;</a>&nbsp;&nbsp;&nbsp;ui_Verify_Run
<LI><a href="#[83]">&gt;&gt;</a>&nbsp;&nbsp;&nbsp;ui_Verify_InitDisp
<LI><a href="#[88]">&gt;&gt;</a>&nbsp;&nbsp;&nbsp;ui_Sampset_Run
<LI><a href="#[7b]">&gt;&gt;</a>&nbsp;&nbsp;&nbsp;ui_Sample10_InitDisp
<LI><a href="#[7e]">&gt;&gt;</a>&nbsp;&nbsp;&nbsp;ui_SampJGJ_Run
<LI><a href="#[82]">&gt;&gt;</a>&nbsp;&nbsp;&nbsp;ui_Browse10_Run
<LI><a href="#[81]">&gt;&gt;</a>&nbsp;&nbsp;&nbsp;ui_Browse10_InitDisp
<LI><a href="#[219]">&gt;&gt;</a>&nbsp;&nbsp;&nbsp;GetRebarCnt_Sub
<LI><a href="#[218]">&gt;&gt;</a>&nbsp;&nbsp;&nbsp;GetRebarCnt_Dif
<LI><a href="#[116]">&gt;&gt;</a>&nbsp;&nbsp;&nbsp;DifAimFunc
<LI><a href="#[113]">&gt;&gt;</a>&nbsp;&nbsp;&nbsp;AnalyzeCoverData_Sub
<LI><a href="#[2cd]">&gt;&gt;</a>&nbsp;&nbsp;&nbsp;SysParaOpt
<LI><a href="#[197]">&gt;&gt;</a>&nbsp;&nbsp;&nbsp;DialogParaDisp
<LI><a href="#[1c0]">&gt;&gt;</a>&nbsp;&nbsp;&nbsp;ConfigFiZero_Init
<LI><a href="#[ed]">&gt;&gt;</a>&nbsp;&nbsp;&nbsp;About_Fun
<LI><a href="#[2c2]">&gt;&gt;</a>&nbsp;&nbsp;&nbsp;SelectFileOpt
<LI><a href="#[258]">&gt;&gt;</a>&nbsp;&nbsp;&nbsp;JGJPreView
<LI><a href="#[257]">&gt;&gt;</a>&nbsp;&nbsp;&nbsp;JGJDataViewInit
<LI><a href="#[255]">&gt;&gt;</a>&nbsp;&nbsp;&nbsp;JGJDataOrigRefresh
<LI><a href="#[1e9]">&gt;&gt;</a>&nbsp;&nbsp;&nbsp;DispFileList
<LI><a href="#[1e3]">&gt;&gt;</a>&nbsp;&nbsp;&nbsp;DispFileHighLight
<LI><a href="#[1dd]">&gt;&gt;</a>&nbsp;&nbsp;&nbsp;DeleteSelFile
<LI><a href="#[161]">&gt;&gt;</a>&nbsp;&nbsp;&nbsp;BlockDataViewBro_Fun
<LI><a href="#[2b0]">&gt;&gt;</a>&nbsp;&nbsp;&nbsp;SaveBlockFile
<LI><a href="#[169]">&gt;&gt;</a>&nbsp;&nbsp;&nbsp;DispClickRebarInfo
<LI><a href="#[173]">&gt;&gt;</a>&nbsp;&nbsp;&nbsp;DispBlockDist
<LI><a href="#[16e]">&gt;&gt;</a>&nbsp;&nbsp;&nbsp;DataView_Fun
<LI><a href="#[16f]">&gt;&gt;</a>&nbsp;&nbsp;&nbsp;BlockSample_Init
<LI><a href="#[2b3]">&gt;&gt;</a>&nbsp;&nbsp;&nbsp;SaveJGJFile
<LI><a href="#[2ae]">&gt;&gt;</a>&nbsp;&nbsp;&nbsp;SampleJGJ_Init
<LI><a href="#[46]">&gt;&gt;</a>&nbsp;&nbsp;&nbsp;USART1_IRQHandler
<LI><a href="#[68]">&gt;&gt;</a>&nbsp;&nbsp;&nbsp;HC_TEMP_Answer
<LI><a href="#[6d]">&gt;&gt;</a>&nbsp;&nbsp;&nbsp;HC_SYSPARA_Answer
<LI><a href="#[6a]">&gt;&gt;</a>&nbsp;&nbsp;&nbsp;HC_RDFILE_Answer
<LI><a href="#[6e]">&gt;&gt;</a>&nbsp;&nbsp;&nbsp;HC_QUICKRT_Answer
<LI><a href="#[6f]">&gt;&gt;</a>&nbsp;&nbsp;&nbsp;HC_QUICKHIST_Answer
<LI><a href="#[67]">&gt;&gt;</a>&nbsp;&nbsp;&nbsp;HC_MEM_Answer
<LI><a href="#[70]">&gt;&gt;</a>&nbsp;&nbsp;&nbsp;HC_JGJRT_Answer
<LI><a href="#[71]">&gt;&gt;</a>&nbsp;&nbsp;&nbsp;HC_JGJHIST_Answer
<LI><a href="#[65]">&gt;&gt;</a>&nbsp;&nbsp;&nbsp;HC_INFO_Answer
<LI><a href="#[69]">&gt;&gt;</a>&nbsp;&nbsp;&nbsp;HC_DIR_Answer
<LI><a href="#[6c]">&gt;&gt;</a>&nbsp;&nbsp;&nbsp;HC_CTRL_Answer
<LI><a href="#[66]">&gt;&gt;</a>&nbsp;&nbsp;&nbsp;HC_BAT_Answer
<LI><a href="#[6b]">&gt;&gt;</a>&nbsp;&nbsp;&nbsp;HC_AUTOSEND_Answer
<LI><a href="#[72]">&gt;&gt;</a>&nbsp;&nbsp;&nbsp;ERROR_Answer
<LI><a href="#[141]">&gt;&gt;</a>&nbsp;&nbsp;&nbsp;BT_SendAT
<LI><a href="#[12d]">&gt;&gt;</a>&nbsp;&nbsp;&nbsp;BT_CmdUnpack
</UL>

<P><STRONG><a name="[b4]"></a>_printf_pre_padding</STRONG> (Thumb, 44 bytes, Stack size 16 bytes, _printf_pad.o(.text))
<BR><BR>[Stack]<UL><LI>Max Depth = 16<LI>Call Chain = _printf_pre_padding
</UL>
<BR>[Called By]<UL><LI><a href="#[b3]">&gt;&gt;</a>&nbsp;&nbsp;&nbsp;_printf_str
<LI><a href="#[cd]">&gt;&gt;</a>&nbsp;&nbsp;&nbsp;_printf_fp_infnan
<LI><a href="#[cb]">&gt;&gt;</a>&nbsp;&nbsp;&nbsp;_printf_fp_dec_real
<LI><a href="#[b6]">&gt;&gt;</a>&nbsp;&nbsp;&nbsp;_printf_int_common
</UL>

<P><STRONG><a name="[b5]"></a>_printf_post_padding</STRONG> (Thumb, 34 bytes, Stack size 16 bytes, _printf_pad.o(.text))
<BR><BR>[Stack]<UL><LI>Max Depth = 16<LI>Call Chain = _printf_post_padding
</UL>
<BR>[Called By]<UL><LI><a href="#[b3]">&gt;&gt;</a>&nbsp;&nbsp;&nbsp;_printf_str
<LI><a href="#[cd]">&gt;&gt;</a>&nbsp;&nbsp;&nbsp;_printf_fp_infnan
<LI><a href="#[cb]">&gt;&gt;</a>&nbsp;&nbsp;&nbsp;_printf_fp_dec_real
<LI><a href="#[b6]">&gt;&gt;</a>&nbsp;&nbsp;&nbsp;_printf_int_common
</UL>

<P><STRONG><a name="[b3]"></a>_printf_str</STRONG> (Thumb, 82 bytes, Stack size 16 bytes, _printf_str.o(.text))
<BR><BR>[Stack]<UL><LI>Max Depth = 32<LI>Call Chain = _printf_str &rArr; _printf_post_padding
</UL>
<BR>[Calls]<UL><LI><a href="#[b5]">&gt;&gt;</a>&nbsp;&nbsp;&nbsp;_printf_post_padding
<LI><a href="#[b4]">&gt;&gt;</a>&nbsp;&nbsp;&nbsp;_printf_pre_padding
</UL>
<BR>[Called By]<UL><LI><a href="#[ce]">&gt;&gt;</a>&nbsp;&nbsp;&nbsp;_printf_cs_common
</UL>

<P><STRONG><a name="[9e]"></a>_printf_int_dec</STRONG> (Thumb, 104 bytes, Stack size 24 bytes, _printf_dec.o(.text))
<BR><BR>[Stack]<UL><LI>Max Depth = 72<LI>Call Chain = _printf_int_dec &rArr; _printf_int_common &rArr; _printf_post_padding
</UL>
<BR>[Calls]<UL><LI><a href="#[b6]">&gt;&gt;</a>&nbsp;&nbsp;&nbsp;_printf_int_common
</UL>
<BR>[Called By]<UL><LI><a href="#[9d]">&gt;&gt;</a>&nbsp;&nbsp;&nbsp;_printf_d
</UL>

<P><STRONG><a name="[b7]"></a>__printf</STRONG> (Thumb, 388 bytes, Stack size 40 bytes, __printf_flags_ss_wp.o(.text))
<BR><BR>[Stack]<UL><LI>Max Depth = 40 + Unknown Stack Size
<LI>Call Chain = __printf
</UL>
<BR>[Calls]<UL><LI><a href="#[b9]">&gt;&gt;</a>&nbsp;&nbsp;&nbsp;_printf_percent
<LI><a href="#[b8]">&gt;&gt;</a>&nbsp;&nbsp;&nbsp;_is_digit
</UL>
<BR>[Called By]<UL><LI><a href="#[b2]">&gt;&gt;</a>&nbsp;&nbsp;&nbsp;_printf_char_common
</UL>

<P><STRONG><a name="[ba]"></a>atoi</STRONG> (Thumb, 26 bytes, Stack size 16 bytes, atoi.o(.text))
<BR><BR>[Stack]<UL><LI>Max Depth = 88<LI>Call Chain = atoi &rArr; strtol &rArr; _strtoul
</UL>
<BR>[Calls]<UL><LI><a href="#[bc]">&gt;&gt;</a>&nbsp;&nbsp;&nbsp;strtol
<LI><a href="#[bb]">&gt;&gt;</a>&nbsp;&nbsp;&nbsp;__aeabi_errno_addr
</UL>
<BR>[Called By]<UL><LI><a href="#[123]">&gt;&gt;</a>&nbsp;&nbsp;&nbsp;iNumInputDialog
<LI><a href="#[235]">&gt;&gt;</a>&nbsp;&nbsp;&nbsp;NumSetDialog
<LI><a href="#[6f]">&gt;&gt;</a>&nbsp;&nbsp;&nbsp;HC_QUICKHIST_Answer
<LI><a href="#[71]">&gt;&gt;</a>&nbsp;&nbsp;&nbsp;HC_JGJHIST_Answer
</UL>

<P><STRONG><a name="[12c]"></a>strstr</STRONG> (Thumb, 36 bytes, Stack size 12 bytes, strstr.o(.text))
<BR><BR>[Stack]<UL><LI>Max Depth = 12<LI>Call Chain = strstr
</UL>
<BR>[Called By]<UL><LI><a href="#[13d]">&gt;&gt;</a>&nbsp;&nbsp;&nbsp;BT_SetName
<LI><a href="#[fb]">&gt;&gt;</a>&nbsp;&nbsp;&nbsp;GPS_Location_Data
<LI><a href="#[1e7]">&gt;&gt;</a>&nbsp;&nbsp;&nbsp;GetNameShort
<LI><a href="#[69]">&gt;&gt;</a>&nbsp;&nbsp;&nbsp;HC_DIR_Answer
<LI><a href="#[6b]">&gt;&gt;</a>&nbsp;&nbsp;&nbsp;HC_AUTOSEND_Answer
<LI><a href="#[142]">&gt;&gt;</a>&nbsp;&nbsp;&nbsp;BT_IsRecvATOK
<LI><a href="#[12d]">&gt;&gt;</a>&nbsp;&nbsp;&nbsp;BT_CmdUnpack
<LI><a href="#[12b]">&gt;&gt;</a>&nbsp;&nbsp;&nbsp;BT_CmdMatch
</UL>

<P><STRONG><a name="[36a]"></a>strcpy</STRONG> (Thumb, 72 bytes, Stack size 12 bytes, strcpy.o(.text))
<BR><BR>[Stack]<UL><LI>Max Depth = 12<LI>Call Chain = strcpy
</UL>
<BR>[Called By]<UL><LI><a href="#[2d0]">&gt;&gt;</a>&nbsp;&nbsp;&nbsp;update_unioem
<LI><a href="#[2cf]">&gt;&gt;</a>&nbsp;&nbsp;&nbsp;update_font
</UL>

<P><STRONG><a name="[12e]"></a>strlen</STRONG> (Thumb, 62 bytes, Stack size 8 bytes, strlen.o(.text))
<BR><BR>[Stack]<UL><LI>Max Depth = 8<LI>Call Chain = strlen
</UL>
<BR>[Called By]<UL><LI><a href="#[13d]">&gt;&gt;</a>&nbsp;&nbsp;&nbsp;BT_SetName
<LI><a href="#[186]">&gt;&gt;</a>&nbsp;&nbsp;&nbsp;LCD_ShowText_Center
<LI><a href="#[1dc]">&gt;&gt;</a>&nbsp;&nbsp;&nbsp;DeletePouMian
<LI><a href="#[1d6]">&gt;&gt;</a>&nbsp;&nbsp;&nbsp;DeleteBoXing
<LI><a href="#[188]">&gt;&gt;</a>&nbsp;&nbsp;&nbsp;BrushPouMianPage
<LI><a href="#[199]">&gt;&gt;</a>&nbsp;&nbsp;&nbsp;BrushPouMian
<LI><a href="#[181]">&gt;&gt;</a>&nbsp;&nbsp;&nbsp;BrushBoXingPage
<LI><a href="#[17c]">&gt;&gt;</a>&nbsp;&nbsp;&nbsp;BrushBoXing
<LI><a href="#[18c]">&gt;&gt;</a>&nbsp;&nbsp;&nbsp;LCD_ShowNums_Center
<LI><a href="#[238]">&gt;&gt;</a>&nbsp;&nbsp;&nbsp;SampParaOptions
<LI><a href="#[2b7]">&gt;&gt;</a>&nbsp;&nbsp;&nbsp;SaveSourceDataFile
<LI><a href="#[123]">&gt;&gt;</a>&nbsp;&nbsp;&nbsp;iNumInputDialog
<LI><a href="#[1c2]">&gt;&gt;</a>&nbsp;&nbsp;&nbsp;fNumInputDialog
<LI><a href="#[237]">&gt;&gt;</a>&nbsp;&nbsp;&nbsp;TextSetDialog
<LI><a href="#[28b]">&gt;&gt;</a>&nbsp;&nbsp;&nbsp;PromptDialog
<LI><a href="#[235]">&gt;&gt;</a>&nbsp;&nbsp;&nbsp;NumSetDialog
<LI><a href="#[365]">&gt;&gt;</a>&nbsp;&nbsp;&nbsp;ui_SetGJNameNext
<LI><a href="#[f4]">&gt;&gt;</a>&nbsp;&nbsp;&nbsp;ui_DispMenuBtn
<LI><a href="#[172]">&gt;&gt;</a>&nbsp;&nbsp;&nbsp;ui_BrushMenuOneBtn
<LI><a href="#[1e7]">&gt;&gt;</a>&nbsp;&nbsp;&nbsp;GetNameShort
<LI><a href="#[258]">&gt;&gt;</a>&nbsp;&nbsp;&nbsp;JGJPreView
<LI><a href="#[68]">&gt;&gt;</a>&nbsp;&nbsp;&nbsp;HC_TEMP_Answer
<LI><a href="#[6d]">&gt;&gt;</a>&nbsp;&nbsp;&nbsp;HC_SYSPARA_Answer
<LI><a href="#[6e]">&gt;&gt;</a>&nbsp;&nbsp;&nbsp;HC_QUICKRT_Answer
<LI><a href="#[6f]">&gt;&gt;</a>&nbsp;&nbsp;&nbsp;HC_QUICKHIST_Answer
<LI><a href="#[67]">&gt;&gt;</a>&nbsp;&nbsp;&nbsp;HC_MEM_Answer
<LI><a href="#[70]">&gt;&gt;</a>&nbsp;&nbsp;&nbsp;HC_JGJRT_Answer
<LI><a href="#[71]">&gt;&gt;</a>&nbsp;&nbsp;&nbsp;HC_JGJHIST_Answer
<LI><a href="#[65]">&gt;&gt;</a>&nbsp;&nbsp;&nbsp;HC_INFO_Answer
<LI><a href="#[69]">&gt;&gt;</a>&nbsp;&nbsp;&nbsp;HC_DIR_Answer
<LI><a href="#[6c]">&gt;&gt;</a>&nbsp;&nbsp;&nbsp;HC_CTRL_Answer
<LI><a href="#[66]">&gt;&gt;</a>&nbsp;&nbsp;&nbsp;HC_BAT_Answer
<LI><a href="#[6b]">&gt;&gt;</a>&nbsp;&nbsp;&nbsp;HC_AUTOSEND_Answer
<LI><a href="#[72]">&gt;&gt;</a>&nbsp;&nbsp;&nbsp;ERROR_Answer
<LI><a href="#[141]">&gt;&gt;</a>&nbsp;&nbsp;&nbsp;BT_SendAT
<LI><a href="#[12d]">&gt;&gt;</a>&nbsp;&nbsp;&nbsp;BT_CmdUnpack
</UL>

<P><STRONG><a name="[216]"></a>strcat</STRONG> (Thumb, 24 bytes, Stack size 0 bytes, strcat.o(.text))
<BR><BR>[Called By]<UL><LI><a href="#[1e7]">&gt;&gt;</a>&nbsp;&nbsp;&nbsp;GetNameShort
<LI><a href="#[6d]">&gt;&gt;</a>&nbsp;&nbsp;&nbsp;HC_SYSPARA_Answer
<LI><a href="#[6e]">&gt;&gt;</a>&nbsp;&nbsp;&nbsp;HC_QUICKRT_Answer
<LI><a href="#[6f]">&gt;&gt;</a>&nbsp;&nbsp;&nbsp;HC_QUICKHIST_Answer
<LI><a href="#[70]">&gt;&gt;</a>&nbsp;&nbsp;&nbsp;HC_JGJRT_Answer
<LI><a href="#[71]">&gt;&gt;</a>&nbsp;&nbsp;&nbsp;HC_JGJHIST_Answer
</UL>

<P><STRONG><a name="[f5]"></a>__aeabi_memcpy</STRONG> (Thumb, 0 bytes, Stack size 0 bytes, rt_memcpy_v6.o(.text))
<BR><BR>[Called By]<UL><LI><a href="#[13d]">&gt;&gt;</a>&nbsp;&nbsp;&nbsp;BT_SetName
<LI><a href="#[193]">&gt;&gt;</a>&nbsp;&nbsp;&nbsp;BrushMZJ
<LI><a href="#[157]">&gt;&gt;</a>&nbsp;&nbsp;&nbsp;Biaoding_Fun
<LI><a href="#[202]">&gt;&gt;</a>&nbsp;&nbsp;&nbsp;FanXiangXZSetInit
<LI><a href="#[201]">&gt;&gt;</a>&nbsp;&nbsp;&nbsp;FanXiangXZSetFun
<LI><a href="#[1ff]">&gt;&gt;</a>&nbsp;&nbsp;&nbsp;FXXZQuZhiInit
<LI><a href="#[1fd]">&gt;&gt;</a>&nbsp;&nbsp;&nbsp;FXXZBiaoDing
<LI><a href="#[124]">&gt;&gt;</a>&nbsp;&nbsp;&nbsp;AoTuMianSetInit
<LI><a href="#[11f]">&gt;&gt;</a>&nbsp;&nbsp;&nbsp;AoTuMianSetFun
<LI><a href="#[2ac]">&gt;&gt;</a>&nbsp;&nbsp;&nbsp;SampParaSet_Init
<LI><a href="#[238]">&gt;&gt;</a>&nbsp;&nbsp;&nbsp;SampParaOptions
<LI><a href="#[232]">&gt;&gt;</a>&nbsp;&nbsp;&nbsp;HighParaSet_Init
<LI><a href="#[fb]">&gt;&gt;</a>&nbsp;&nbsp;&nbsp;GPS_Location_Data
<LI><a href="#[123]">&gt;&gt;</a>&nbsp;&nbsp;&nbsp;iNumInputDialog
<LI><a href="#[1c2]">&gt;&gt;</a>&nbsp;&nbsp;&nbsp;fNumInputDialog
<LI><a href="#[2ce]">&gt;&gt;</a>&nbsp;&nbsp;&nbsp;TimeSetDialog
<LI><a href="#[237]">&gt;&gt;</a>&nbsp;&nbsp;&nbsp;TextSetDialog
<LI><a href="#[236]">&gt;&gt;</a>&nbsp;&nbsp;&nbsp;SelectDialog
<LI><a href="#[28b]">&gt;&gt;</a>&nbsp;&nbsp;&nbsp;PromptDialog
<LI><a href="#[235]">&gt;&gt;</a>&nbsp;&nbsp;&nbsp;NumSetDialog
<LI><a href="#[83]">&gt;&gt;</a>&nbsp;&nbsp;&nbsp;ui_Verify_InitDisp
<LI><a href="#[7b]">&gt;&gt;</a>&nbsp;&nbsp;&nbsp;ui_Sample10_InitDisp
<LI><a href="#[8b]">&gt;&gt;</a>&nbsp;&nbsp;&nbsp;ui_Sampdisp_InitDisp
<LI><a href="#[79]">&gt;&gt;</a>&nbsp;&nbsp;&nbsp;ui_Main_InitDisp
<LI><a href="#[93]">&gt;&gt;</a>&nbsp;&nbsp;&nbsp;ui_Heat_InitDisp
<LI><a href="#[91]">&gt;&gt;</a>&nbsp;&nbsp;&nbsp;ui_Gain_InitDisp
<LI><a href="#[8d]">&gt;&gt;</a>&nbsp;&nbsp;&nbsp;ui_Condition_InitDisp
<LI><a href="#[82]">&gt;&gt;</a>&nbsp;&nbsp;&nbsp;ui_Browse10_Run
<LI><a href="#[81]">&gt;&gt;</a>&nbsp;&nbsp;&nbsp;ui_Browse10_InitDisp
<LI><a href="#[8f]">&gt;&gt;</a>&nbsp;&nbsp;&nbsp;ui_Biaoding_InitDisp
<LI><a href="#[89]">&gt;&gt;</a>&nbsp;&nbsp;&nbsp;ui_Analyze_InitDisp
<LI><a href="#[108]">&gt;&gt;</a>&nbsp;&nbsp;&nbsp;GetRebarResult
<LI><a href="#[217]">&gt;&gt;</a>&nbsp;&nbsp;&nbsp;GetOneChRebarResult
<LI><a href="#[1c0]">&gt;&gt;</a>&nbsp;&nbsp;&nbsp;ConfigFiZero_Init
<LI><a href="#[195]">&gt;&gt;</a>&nbsp;&nbsp;&nbsp;BrushPageInit
<LI><a href="#[ed]">&gt;&gt;</a>&nbsp;&nbsp;&nbsp;About_Fun
<LI><a href="#[257]">&gt;&gt;</a>&nbsp;&nbsp;&nbsp;JGJDataViewInit
<LI><a href="#[165]">&gt;&gt;</a>&nbsp;&nbsp;&nbsp;BlockPreviewBro_Init
<LI><a href="#[100]">&gt;&gt;</a>&nbsp;&nbsp;&nbsp;AimFuncRun_Block
<LI><a href="#[16f]">&gt;&gt;</a>&nbsp;&nbsp;&nbsp;BlockSample_Init
<LI><a href="#[16d]">&gt;&gt;</a>&nbsp;&nbsp;&nbsp;BlockPreview_Init
<LI><a href="#[2ae]">&gt;&gt;</a>&nbsp;&nbsp;&nbsp;SampleJGJ_Init
<LI><a href="#[31]">&gt;&gt;</a>&nbsp;&nbsp;&nbsp;DMA1_Channel6_IRQHandler
<LI><a href="#[6c]">&gt;&gt;</a>&nbsp;&nbsp;&nbsp;HC_CTRL_Answer
<LI><a href="#[12d]">&gt;&gt;</a>&nbsp;&nbsp;&nbsp;BT_CmdUnpack
</UL>

<P><STRONG><a name="[bd]"></a>__rt_memcpy</STRONG> (Thumb, 138 bytes, Stack size 0 bytes, rt_memcpy_v6.o(.text), UNUSED)
<BR><BR>[Calls]<UL><LI><a href="#[be]">&gt;&gt;</a>&nbsp;&nbsp;&nbsp;__aeabi_memcpy4
</UL>

<P><STRONG><a name="[3b9]"></a>_memcpy_lastbytes</STRONG> (Thumb, 0 bytes, Stack size unknown bytes, rt_memcpy_v6.o(.text), UNUSED)

<P><STRONG><a name="[be]"></a>__aeabi_memcpy4</STRONG> (Thumb, 0 bytes, Stack size 8 bytes, rt_memcpy_w.o(.text))
<BR><BR>[Stack]<UL><LI>Max Depth = 8<LI>Call Chain = __aeabi_memcpy4
</UL>
<BR>[Called By]<UL><LI><a href="#[2eb]">&gt;&gt;</a>&nbsp;&nbsp;&nbsp;UpdateMZK
<LI><a href="#[21a]">&gt;&gt;</a>&nbsp;&nbsp;&nbsp;GetSignalData
<LI><a href="#[24f]">&gt;&gt;</a>&nbsp;&nbsp;&nbsp;InitSysPara
<LI><a href="#[157]">&gt;&gt;</a>&nbsp;&nbsp;&nbsp;Biaoding_Fun
<LI><a href="#[202]">&gt;&gt;</a>&nbsp;&nbsp;&nbsp;FanXiangXZSetInit
<LI><a href="#[201]">&gt;&gt;</a>&nbsp;&nbsp;&nbsp;FanXiangXZSetFun
<LI><a href="#[1ff]">&gt;&gt;</a>&nbsp;&nbsp;&nbsp;FXXZQuZhiInit
<LI><a href="#[1fd]">&gt;&gt;</a>&nbsp;&nbsp;&nbsp;FXXZBiaoDing
<LI><a href="#[124]">&gt;&gt;</a>&nbsp;&nbsp;&nbsp;AoTuMianSetInit
<LI><a href="#[11f]">&gt;&gt;</a>&nbsp;&nbsp;&nbsp;AoTuMianSetFun
<LI><a href="#[2ac]">&gt;&gt;</a>&nbsp;&nbsp;&nbsp;SampParaSet_Init
<LI><a href="#[232]">&gt;&gt;</a>&nbsp;&nbsp;&nbsp;HighParaSet_Init
<LI><a href="#[111]">&gt;&gt;</a>&nbsp;&nbsp;&nbsp;AimFuncRun_MZK
<LI><a href="#[109]">&gt;&gt;</a>&nbsp;&nbsp;&nbsp;AimFuncRun_HD
<LI><a href="#[123]">&gt;&gt;</a>&nbsp;&nbsp;&nbsp;iNumInputDialog
<LI><a href="#[1c2]">&gt;&gt;</a>&nbsp;&nbsp;&nbsp;fNumInputDialog
<LI><a href="#[2ce]">&gt;&gt;</a>&nbsp;&nbsp;&nbsp;TimeSetDialog
<LI><a href="#[236]">&gt;&gt;</a>&nbsp;&nbsp;&nbsp;SelectDialog
<LI><a href="#[28b]">&gt;&gt;</a>&nbsp;&nbsp;&nbsp;PromptDialog
<LI><a href="#[235]">&gt;&gt;</a>&nbsp;&nbsp;&nbsp;NumSetDialog
<LI><a href="#[83]">&gt;&gt;</a>&nbsp;&nbsp;&nbsp;ui_Verify_InitDisp
<LI><a href="#[7b]">&gt;&gt;</a>&nbsp;&nbsp;&nbsp;ui_Sample10_InitDisp
<LI><a href="#[8b]">&gt;&gt;</a>&nbsp;&nbsp;&nbsp;ui_Sampdisp_InitDisp
<LI><a href="#[80]">&gt;&gt;</a>&nbsp;&nbsp;&nbsp;ui_SampBlock_Run
<LI><a href="#[79]">&gt;&gt;</a>&nbsp;&nbsp;&nbsp;ui_Main_InitDisp
<LI><a href="#[93]">&gt;&gt;</a>&nbsp;&nbsp;&nbsp;ui_Heat_InitDisp
<LI><a href="#[91]">&gt;&gt;</a>&nbsp;&nbsp;&nbsp;ui_Gain_InitDisp
<LI><a href="#[8d]">&gt;&gt;</a>&nbsp;&nbsp;&nbsp;ui_Condition_InitDisp
<LI><a href="#[81]">&gt;&gt;</a>&nbsp;&nbsp;&nbsp;ui_Browse10_InitDisp
<LI><a href="#[8f]">&gt;&gt;</a>&nbsp;&nbsp;&nbsp;ui_Biaoding_InitDisp
<LI><a href="#[89]">&gt;&gt;</a>&nbsp;&nbsp;&nbsp;ui_Analyze_InitDisp
<LI><a href="#[11a]">&gt;&gt;</a>&nbsp;&nbsp;&nbsp;SubAimFunc
<LI><a href="#[103]">&gt;&gt;</a>&nbsp;&nbsp;&nbsp;SaveAdcDataBuf
<LI><a href="#[108]">&gt;&gt;</a>&nbsp;&nbsp;&nbsp;GetRebarResult
<LI><a href="#[219]">&gt;&gt;</a>&nbsp;&nbsp;&nbsp;GetRebarCnt_Sub
<LI><a href="#[218]">&gt;&gt;</a>&nbsp;&nbsp;&nbsp;GetRebarCnt_Dif
<LI><a href="#[21b]">&gt;&gt;</a>&nbsp;&nbsp;&nbsp;GetSourceData
<LI><a href="#[2d2]">&gt;&gt;</a>&nbsp;&nbsp;&nbsp;SysParaSet_Init
<LI><a href="#[195]">&gt;&gt;</a>&nbsp;&nbsp;&nbsp;BrushPageInit
<LI><a href="#[ed]">&gt;&gt;</a>&nbsp;&nbsp;&nbsp;About_Fun
<LI><a href="#[257]">&gt;&gt;</a>&nbsp;&nbsp;&nbsp;JGJDataViewInit
<LI><a href="#[1e9]">&gt;&gt;</a>&nbsp;&nbsp;&nbsp;DispFileList
<LI><a href="#[1e3]">&gt;&gt;</a>&nbsp;&nbsp;&nbsp;DispFileHighLight
<LI><a href="#[165]">&gt;&gt;</a>&nbsp;&nbsp;&nbsp;BlockPreviewBro_Init
<LI><a href="#[100]">&gt;&gt;</a>&nbsp;&nbsp;&nbsp;AimFuncRun_Block
<LI><a href="#[16f]">&gt;&gt;</a>&nbsp;&nbsp;&nbsp;BlockSample_Init
<LI><a href="#[16d]">&gt;&gt;</a>&nbsp;&nbsp;&nbsp;BlockPreview_Init
<LI><a href="#[10e]">&gt;&gt;</a>&nbsp;&nbsp;&nbsp;AimFuncRun_JGJ
<LI><a href="#[2ae]">&gt;&gt;</a>&nbsp;&nbsp;&nbsp;SampleJGJ_Init
<LI><a href="#[46]">&gt;&gt;</a>&nbsp;&nbsp;&nbsp;USART1_IRQHandler
<LI><a href="#[127]">&gt;&gt;</a>&nbsp;&nbsp;&nbsp;BT_CheckBaud
<LI><a href="#[bd]">&gt;&gt;</a>&nbsp;&nbsp;&nbsp;__rt_memcpy
</UL>

<P><STRONG><a name="[3ba]"></a>__aeabi_memcpy8</STRONG> (Thumb, 0 bytes, Stack size 8 bytes, rt_memcpy_w.o(.text), UNUSED)

<P><STRONG><a name="[3bb]"></a>__rt_memcpy_w</STRONG> (Thumb, 100 bytes, Stack size 8 bytes, rt_memcpy_w.o(.text), UNUSED)

<P><STRONG><a name="[3bc]"></a>_memcpy_lastbytes_aligned</STRONG> (Thumb, 0 bytes, Stack size unknown bytes, rt_memcpy_w.o(.text), UNUSED)

<P><STRONG><a name="[bf]"></a>__aeabi_memset</STRONG> (Thumb, 16 bytes, Stack size 0 bytes, aeabi_memset.o(.text))
<BR><BR>[Calls]<UL><LI><a href="#[c0]">&gt;&gt;</a>&nbsp;&nbsp;&nbsp;_memset
</UL>
<BR>[Called By]<UL><LI><a href="#[238]">&gt;&gt;</a>&nbsp;&nbsp;&nbsp;SampParaOptions
<LI><a href="#[197]">&gt;&gt;</a>&nbsp;&nbsp;&nbsp;DialogParaDisp
</UL>

<P><STRONG><a name="[24e]"></a>__aeabi_memclr</STRONG> (Thumb, 0 bytes, Stack size 0 bytes, rt_memclr.o(.text))
<BR><BR>[Called By]<UL><LI><a href="#[2e2]">&gt;&gt;</a>&nbsp;&nbsp;&nbsp;USART2_Init
<LI><a href="#[268]">&gt;&gt;</a>&nbsp;&nbsp;&nbsp;LCD_ShowBMP
<LI><a href="#[83]">&gt;&gt;</a>&nbsp;&nbsp;&nbsp;ui_Verify_InitDisp
<LI><a href="#[7c]">&gt;&gt;</a>&nbsp;&nbsp;&nbsp;ui_Sample10_Run
<LI><a href="#[7b]">&gt;&gt;</a>&nbsp;&nbsp;&nbsp;ui_Sample10_InitDisp
<LI><a href="#[7f]">&gt;&gt;</a>&nbsp;&nbsp;&nbsp;ui_SampBlock_InitDisp
<LI><a href="#[24d]">&gt;&gt;</a>&nbsp;&nbsp;&nbsp;InitAimRebarResult
<LI><a href="#[2ae]">&gt;&gt;</a>&nbsp;&nbsp;&nbsp;SampleJGJ_Init
</UL>

<P><STRONG><a name="[c1]"></a>__rt_memclr</STRONG> (Thumb, 68 bytes, Stack size 0 bytes, rt_memclr.o(.text), UNUSED)
<BR><BR>[Calls]<UL><LI><a href="#[c2]">&gt;&gt;</a>&nbsp;&nbsp;&nbsp;_memset_w
</UL>

<P><STRONG><a name="[c0]"></a>_memset</STRONG> (Thumb, 0 bytes, Stack size unknown bytes, rt_memclr.o(.text))
<BR><BR>[Called By]<UL><LI><a href="#[bf]">&gt;&gt;</a>&nbsp;&nbsp;&nbsp;__aeabi_memset
</UL>

<P><STRONG><a name="[101]"></a>__aeabi_memclr4</STRONG> (Thumb, 0 bytes, Stack size 4 bytes, rt_memclr_w.o(.text))
<BR><BR>[Stack]<UL><LI>Max Depth = 4<LI>Call Chain = __aeabi_memclr4
</UL>
<BR>[Called By]<UL><LI><a href="#[189]">&gt;&gt;</a>&nbsp;&nbsp;&nbsp;BrushHeatMap
<LI><a href="#[260]">&gt;&gt;</a>&nbsp;&nbsp;&nbsp;LCD_Init
<LI><a href="#[24c]">&gt;&gt;</a>&nbsp;&nbsp;&nbsp;InitAimPara
<LI><a href="#[111]">&gt;&gt;</a>&nbsp;&nbsp;&nbsp;AimFuncRun_MZK
<LI><a href="#[109]">&gt;&gt;</a>&nbsp;&nbsp;&nbsp;AimFuncRun_HD
<LI><a href="#[fb]">&gt;&gt;</a>&nbsp;&nbsp;&nbsp;GPS_Location_Data
<LI><a href="#[237]">&gt;&gt;</a>&nbsp;&nbsp;&nbsp;TextSetDialog
<LI><a href="#[7d]">&gt;&gt;</a>&nbsp;&nbsp;&nbsp;ui_SampJGJ_InitDisp
<LI><a href="#[11e]">&gt;&gt;</a>&nbsp;&nbsp;&nbsp;InitAimRebarParaCH3
<LI><a href="#[11d]">&gt;&gt;</a>&nbsp;&nbsp;&nbsp;InitAimRebarParaCH2
<LI><a href="#[11c]">&gt;&gt;</a>&nbsp;&nbsp;&nbsp;InitAimRebarParaCH1
<LI><a href="#[108]">&gt;&gt;</a>&nbsp;&nbsp;&nbsp;GetRebarResult
<LI><a href="#[217]">&gt;&gt;</a>&nbsp;&nbsp;&nbsp;GetOneChRebarResult
<LI><a href="#[ff]">&gt;&gt;</a>&nbsp;&nbsp;&nbsp;FilterHandler_Sum
<LI><a href="#[fe]">&gt;&gt;</a>&nbsp;&nbsp;&nbsp;FilterHandler_Sub_Dif
<LI><a href="#[117]">&gt;&gt;</a>&nbsp;&nbsp;&nbsp;CountMZKBuffer
<LI><a href="#[100]">&gt;&gt;</a>&nbsp;&nbsp;&nbsp;AimFuncRun_Block
<LI><a href="#[10e]">&gt;&gt;</a>&nbsp;&nbsp;&nbsp;AimFuncRun_JGJ
<LI><a href="#[1bd]">&gt;&gt;</a>&nbsp;&nbsp;&nbsp;ClearJGJBuf
<LI><a href="#[46]">&gt;&gt;</a>&nbsp;&nbsp;&nbsp;USART1_IRQHandler
<LI><a href="#[69]">&gt;&gt;</a>&nbsp;&nbsp;&nbsp;HC_DIR_Answer
<LI><a href="#[12d]">&gt;&gt;</a>&nbsp;&nbsp;&nbsp;BT_CmdUnpack
</UL>

<P><STRONG><a name="[3bd]"></a>__aeabi_memclr8</STRONG> (Thumb, 0 bytes, Stack size 4 bytes, rt_memclr_w.o(.text), UNUSED)

<P><STRONG><a name="[3be]"></a>__rt_memclr_w</STRONG> (Thumb, 78 bytes, Stack size 4 bytes, rt_memclr_w.o(.text), UNUSED)

<P><STRONG><a name="[c2]"></a>_memset_w</STRONG> (Thumb, 0 bytes, Stack size unknown bytes, rt_memclr_w.o(.text), UNUSED)
<BR><BR>[Called By]<UL><LI><a href="#[c1]">&gt;&gt;</a>&nbsp;&nbsp;&nbsp;__rt_memclr
</UL>

<P><STRONG><a name="[36c]"></a>strcmp</STRONG> (Thumb, 128 bytes, Stack size 0 bytes, strcmpv7m.o(.text))
<BR><BR>[Called By]<UL><LI><a href="#[64]">&gt;&gt;</a>&nbsp;&nbsp;&nbsp;_get_lc_ctype
<LI><a href="#[a5]">&gt;&gt;</a>&nbsp;&nbsp;&nbsp;_get_lc_numeric
</UL>

<P><STRONG><a name="[3bf]"></a>__use_two_region_memory</STRONG> (Thumb, 2 bytes, Stack size 0 bytes, heapauxi.o(.text), UNUSED)

<P><STRONG><a name="[3c0]"></a>__rt_heap_escrow$2region</STRONG> (Thumb, 2 bytes, Stack size 0 bytes, heapauxi.o(.text), UNUSED)

<P><STRONG><a name="[3c1]"></a>__rt_heap_expand$2region</STRONG> (Thumb, 2 bytes, Stack size 0 bytes, heapauxi.o(.text), UNUSED)

<P><STRONG><a name="[3c2]"></a>__I$use$semihosting</STRONG> (Thumb, 0 bytes, Stack size 0 bytes, use_no_semi.o(.text), UNUSED)

<P><STRONG><a name="[3c3]"></a>__use_no_semihosting_swi</STRONG> (Thumb, 2 bytes, Stack size 0 bytes, use_no_semi.o(.text), UNUSED)

<P><STRONG><a name="[bb]"></a>__aeabi_errno_addr</STRONG> (Thumb, 8 bytes, Stack size 0 bytes, rt_errno_addr_intlibspace.o(.text))
<BR><BR>[Called By]<UL><LI><a href="#[ba]">&gt;&gt;</a>&nbsp;&nbsp;&nbsp;atoi
<LI><a href="#[d8]">&gt;&gt;</a>&nbsp;&nbsp;&nbsp;_fp_value
<LI><a href="#[d4]">&gt;&gt;</a>&nbsp;&nbsp;&nbsp;_strtoul
<LI><a href="#[bc]">&gt;&gt;</a>&nbsp;&nbsp;&nbsp;strtol
<LI><a href="#[c4]">&gt;&gt;</a>&nbsp;&nbsp;&nbsp;__set_errno
<LI><a href="#[c3]">&gt;&gt;</a>&nbsp;&nbsp;&nbsp;__read_errno
</UL>

<P><STRONG><a name="[3c4]"></a>__errno$intlibspace</STRONG> (Thumb, 0 bytes, Stack size 0 bytes, rt_errno_addr_intlibspace.o(.text), UNUSED)

<P><STRONG><a name="[3c5]"></a>__rt_errno_addr$intlibspace</STRONG> (Thumb, 0 bytes, Stack size 0 bytes, rt_errno_addr_intlibspace.o(.text), UNUSED)

<P><STRONG><a name="[c3]"></a>__read_errno</STRONG> (Thumb, 10 bytes, Stack size 8 bytes, _rserrno.o(.text))
<BR><BR>[Stack]<UL><LI>Max Depth = 8<LI>Call Chain = __read_errno
</UL>
<BR>[Calls]<UL><LI><a href="#[bb]">&gt;&gt;</a>&nbsp;&nbsp;&nbsp;__aeabi_errno_addr
</UL>
<BR>[Called By]<UL><LI><a href="#[30f]">&gt;&gt;</a>&nbsp;&nbsp;&nbsp;atof
</UL>

<P><STRONG><a name="[c4]"></a>__set_errno</STRONG> (Thumb, 12 bytes, Stack size 8 bytes, _rserrno.o(.text))
<BR><BR>[Stack]<UL><LI>Max Depth = 8<LI>Call Chain = __set_errno
</UL>
<BR>[Calls]<UL><LI><a href="#[bb]">&gt;&gt;</a>&nbsp;&nbsp;&nbsp;__aeabi_errno_addr
</UL>
<BR>[Called By]<UL><LI><a href="#[345]">&gt;&gt;</a>&nbsp;&nbsp;&nbsp;sqrt
<LI><a href="#[344]">&gt;&gt;</a>&nbsp;&nbsp;&nbsp;sin
<LI><a href="#[2ec]">&gt;&gt;</a>&nbsp;&nbsp;&nbsp;log10
<LI><a href="#[314]">&gt;&gt;</a>&nbsp;&nbsp;&nbsp;cos
<LI><a href="#[30f]">&gt;&gt;</a>&nbsp;&nbsp;&nbsp;atof
<LI><a href="#[30c]">&gt;&gt;</a>&nbsp;&nbsp;&nbsp;ldexp
<LI><a href="#[309]">&gt;&gt;</a>&nbsp;&nbsp;&nbsp;__mathlib_tofloat
<LI><a href="#[348]">&gt;&gt;</a>&nbsp;&nbsp;&nbsp;log
</UL>

<P><STRONG><a name="[b6]"></a>_printf_int_common</STRONG> (Thumb, 178 bytes, Stack size 32 bytes, _printf_intcommon.o(.text))
<BR><BR>[Stack]<UL><LI>Max Depth = 48<LI>Call Chain = _printf_int_common &rArr; _printf_post_padding
</UL>
<BR>[Calls]<UL><LI><a href="#[b5]">&gt;&gt;</a>&nbsp;&nbsp;&nbsp;_printf_post_padding
<LI><a href="#[b4]">&gt;&gt;</a>&nbsp;&nbsp;&nbsp;_printf_pre_padding
</UL>
<BR>[Called By]<UL><LI><a href="#[9e]">&gt;&gt;</a>&nbsp;&nbsp;&nbsp;_printf_int_dec
</UL>

<P><STRONG><a name="[3c6]"></a>__lib_sel_fp_printf</STRONG> (Thumb, 2 bytes, Stack size 0 bytes, _printf_fp_dec.o(.text), UNUSED)

<P><STRONG><a name="[cb]"></a>_printf_fp_dec_real</STRONG> (Thumb, 620 bytes, Stack size 104 bytes, _printf_fp_dec.o(.text))
<BR><BR>[Stack]<UL><LI>Max Depth = 320<LI>Call Chain = _printf_fp_dec_real &rArr; _fp_digits &rArr; _btod_etento &rArr; _btod_emul &rArr; _e2e
</UL>
<BR>[Calls]<UL><LI><a href="#[b5]">&gt;&gt;</a>&nbsp;&nbsp;&nbsp;_printf_post_padding
<LI><a href="#[b4]">&gt;&gt;</a>&nbsp;&nbsp;&nbsp;_printf_pre_padding
<LI><a href="#[cc]">&gt;&gt;</a>&nbsp;&nbsp;&nbsp;__ARM_fpclassify
<LI><a href="#[cd]">&gt;&gt;</a>&nbsp;&nbsp;&nbsp;_printf_fp_infnan
<LI><a href="#[a2]">&gt;&gt;</a>&nbsp;&nbsp;&nbsp;__rt_locale
<LI><a href="#[c5]">&gt;&gt;</a>&nbsp;&nbsp;&nbsp;_fp_digits
</UL>
<BR>[Called By]<UL><LI><a href="#[9c]">&gt;&gt;</a>&nbsp;&nbsp;&nbsp;_printf_fp_dec
</UL>

<P><STRONG><a name="[b2]"></a>_printf_char_common</STRONG> (Thumb, 32 bytes, Stack size 64 bytes, _printf_char_common.o(.text))
<BR><BR>[Stack]<UL><LI>Max Depth = 104 + Unknown Stack Size
<LI>Call Chain = _printf_char_common &rArr; __printf
</UL>
<BR>[Calls]<UL><LI><a href="#[b7]">&gt;&gt;</a>&nbsp;&nbsp;&nbsp;__printf
</UL>
<BR>[Called By]<UL><LI><a href="#[b1]">&gt;&gt;</a>&nbsp;&nbsp;&nbsp;__2sprintf
</UL>

<P><STRONG><a name="[5f]"></a>_sputc</STRONG> (Thumb, 10 bytes, Stack size 0 bytes, _sputc.o(.text))
<BR><BR>[Called By]<UL><LI><a href="#[b1]">&gt;&gt;</a>&nbsp;&nbsp;&nbsp;__2sprintf
</UL>
<BR>[Address Reference Count : 1]<UL><LI> noretval__2sprintf.o(.text)
</UL>
<P><STRONG><a name="[ce]"></a>_printf_cs_common</STRONG> (Thumb, 20 bytes, Stack size 8 bytes, _printf_char.o(.text))
<BR><BR>[Stack]<UL><LI>Max Depth = 40<LI>Call Chain = _printf_cs_common &rArr; _printf_str &rArr; _printf_post_padding
</UL>
<BR>[Calls]<UL><LI><a href="#[b3]">&gt;&gt;</a>&nbsp;&nbsp;&nbsp;_printf_str
</UL>
<BR>[Called By]<UL><LI><a href="#[a0]">&gt;&gt;</a>&nbsp;&nbsp;&nbsp;_printf_string
<LI><a href="#[cf]">&gt;&gt;</a>&nbsp;&nbsp;&nbsp;_printf_char
</UL>

<P><STRONG><a name="[cf]"></a>_printf_char</STRONG> (Thumb, 16 bytes, Stack size 0 bytes, _printf_char.o(.text), UNUSED)
<BR><BR>[Calls]<UL><LI><a href="#[ce]">&gt;&gt;</a>&nbsp;&nbsp;&nbsp;_printf_cs_common
</UL>

<P><STRONG><a name="[a0]"></a>_printf_string</STRONG> (Thumb, 8 bytes, Stack size 0 bytes, _printf_char.o(.text))
<BR><BR>[Stack]<UL><LI>Max Depth = 40<LI>Call Chain = _printf_string &rArr; _printf_cs_common &rArr; _printf_str &rArr; _printf_post_padding
</UL>
<BR>[Calls]<UL><LI><a href="#[ce]">&gt;&gt;</a>&nbsp;&nbsp;&nbsp;_printf_cs_common
</UL>
<BR>[Called By]<UL><LI><a href="#[9f]">&gt;&gt;</a>&nbsp;&nbsp;&nbsp;_printf_s
</UL>

<P><STRONG><a name="[d2]"></a>__strtod_int</STRONG> (Thumb, 88 bytes, Stack size 40 bytes, strtod.o(.text))
<BR><BR>[Stack]<UL><LI>Max Depth = 424<LI>Call Chain = __strtod_int &rArr; _local_sscanf &rArr; _scanf_real &rArr; _scanf_really_real &rArr; _fp_value &rArr; _btod_etento &rArr; _btod_emul &rArr; _e2e
</UL>
<BR>[Calls]<UL><LI><a href="#[d0]">&gt;&gt;</a>&nbsp;&nbsp;&nbsp;_local_sscanf
</UL>
<BR>[Called By]<UL><LI><a href="#[30f]">&gt;&gt;</a>&nbsp;&nbsp;&nbsp;atof
</UL>

<P><STRONG><a name="[bc]"></a>strtol</STRONG> (Thumb, 112 bytes, Stack size 32 bytes, strtol.o(.text))
<BR><BR>[Stack]<UL><LI>Max Depth = 72<LI>Call Chain = strtol &rArr; _strtoul
</UL>
<BR>[Calls]<UL><LI><a href="#[d4]">&gt;&gt;</a>&nbsp;&nbsp;&nbsp;_strtoul
<LI><a href="#[d3]">&gt;&gt;</a>&nbsp;&nbsp;&nbsp;__rt_ctype_table
<LI><a href="#[bb]">&gt;&gt;</a>&nbsp;&nbsp;&nbsp;__aeabi_errno_addr
</UL>
<BR>[Called By]<UL><LI><a href="#[ba]">&gt;&gt;</a>&nbsp;&nbsp;&nbsp;atoi
</UL>

<P><STRONG><a name="[3c7]"></a>__user_libspace</STRONG> (Thumb, 8 bytes, Stack size 0 bytes, libspace.o(.text), UNUSED)

<P><STRONG><a name="[d6]"></a>__user_perproc_libspace</STRONG> (Thumb, 0 bytes, Stack size 0 bytes, libspace.o(.text))
<BR><BR>[Called By]<UL><LI><a href="#[a7]">&gt;&gt;</a>&nbsp;&nbsp;&nbsp;__user_setup_stackheap
</UL>

<P><STRONG><a name="[3c8]"></a>__user_perthread_libspace</STRONG> (Thumb, 0 bytes, Stack size 0 bytes, libspace.o(.text), UNUSED)

<P><STRONG><a name="[d3]"></a>__rt_ctype_table</STRONG> (Thumb, 16 bytes, Stack size 8 bytes, rt_ctype_table.o(.text))
<BR><BR>[Stack]<UL><LI>Max Depth = 8<LI>Call Chain = __rt_ctype_table
</UL>
<BR>[Calls]<UL><LI><a href="#[a2]">&gt;&gt;</a>&nbsp;&nbsp;&nbsp;__rt_locale
</UL>
<BR>[Called By]<UL><LI><a href="#[63]">&gt;&gt;</a>&nbsp;&nbsp;&nbsp;isspace
<LI><a href="#[bc]">&gt;&gt;</a>&nbsp;&nbsp;&nbsp;strtol
</UL>

<P><STRONG><a name="[a2]"></a>__rt_locale</STRONG> (Thumb, 8 bytes, Stack size 0 bytes, rt_locale_intlibspace.o(.text))
<BR><BR>[Called By]<UL><LI><a href="#[a1]">&gt;&gt;</a>&nbsp;&nbsp;&nbsp;__rt_lib_init_lc_common
<LI><a href="#[db]">&gt;&gt;</a>&nbsp;&nbsp;&nbsp;_scanf_really_real
<LI><a href="#[d3]">&gt;&gt;</a>&nbsp;&nbsp;&nbsp;__rt_ctype_table
<LI><a href="#[cb]">&gt;&gt;</a>&nbsp;&nbsp;&nbsp;_printf_fp_dec_real
</UL>

<P><STRONG><a name="[ca]"></a>_ll_udiv10</STRONG> (Thumb, 138 bytes, Stack size 12 bytes, lludiv10.o(.text))
<BR><BR>[Stack]<UL><LI>Max Depth = 12<LI>Call Chain = _ll_udiv10
</UL>
<BR>[Called By]<UL><LI><a href="#[c5]">&gt;&gt;</a>&nbsp;&nbsp;&nbsp;_fp_digits
</UL>

<P><STRONG><a name="[63]"></a>isspace</STRONG> (Thumb, 18 bytes, Stack size 8 bytes, isspace.o(.text))
<BR><BR>[Stack]<UL><LI>Max Depth = 16<LI>Call Chain = isspace &rArr; __rt_ctype_table
</UL>
<BR>[Calls]<UL><LI><a href="#[d3]">&gt;&gt;</a>&nbsp;&nbsp;&nbsp;__rt_ctype_table
</UL>
<BR>[Address Reference Count : 1]<UL><LI> strtod.o(.text)
</UL>
<P><STRONG><a name="[cd]"></a>_printf_fp_infnan</STRONG> (Thumb, 112 bytes, Stack size 24 bytes, _printf_fp_infnan.o(.text))
<BR><BR>[Stack]<UL><LI>Max Depth = 40<LI>Call Chain = _printf_fp_infnan &rArr; _printf_post_padding
</UL>
<BR>[Calls]<UL><LI><a href="#[b5]">&gt;&gt;</a>&nbsp;&nbsp;&nbsp;_printf_post_padding
<LI><a href="#[b4]">&gt;&gt;</a>&nbsp;&nbsp;&nbsp;_printf_pre_padding
</UL>
<BR>[Called By]<UL><LI><a href="#[cb]">&gt;&gt;</a>&nbsp;&nbsp;&nbsp;_printf_fp_dec_real
</UL>

<P><STRONG><a name="[61]"></a>_sgetc</STRONG> (Thumb, 30 bytes, Stack size 0 bytes, _sgetc.o(.text))
<BR>[Address Reference Count : 1]<UL><LI> strtod.o(.text)
</UL>
<P><STRONG><a name="[62]"></a>_sbackspace</STRONG> (Thumb, 34 bytes, Stack size 0 bytes, _sgetc.o(.text))
<BR>[Address Reference Count : 1]<UL><LI> strtod.o(.text)
</UL>
<P><STRONG><a name="[d4]"></a>_strtoul</STRONG> (Thumb, 158 bytes, Stack size 40 bytes, _strtoul.o(.text))
<BR><BR>[Stack]<UL><LI>Max Depth = 40<LI>Call Chain = _strtoul
</UL>
<BR>[Calls]<UL><LI><a href="#[d5]">&gt;&gt;</a>&nbsp;&nbsp;&nbsp;_chval
<LI><a href="#[bb]">&gt;&gt;</a>&nbsp;&nbsp;&nbsp;__aeabi_errno_addr
</UL>
<BR>[Called By]<UL><LI><a href="#[bc]">&gt;&gt;</a>&nbsp;&nbsp;&nbsp;strtol
</UL>

<P><STRONG><a name="[c6]"></a>_btod_etento</STRONG> (Thumb, 216 bytes, Stack size 72 bytes, bigflt0.o(.text))
<BR><BR>[Stack]<UL><LI>Max Depth = 120<LI>Call Chain = _btod_etento &rArr; _btod_emul &rArr; _e2e
</UL>
<BR>[Calls]<UL><LI><a href="#[c9]">&gt;&gt;</a>&nbsp;&nbsp;&nbsp;_btod_emul
<LI><a href="#[c8]">&gt;&gt;</a>&nbsp;&nbsp;&nbsp;_btod_ediv
</UL>
<BR>[Called By]<UL><LI><a href="#[d8]">&gt;&gt;</a>&nbsp;&nbsp;&nbsp;_fp_value
<LI><a href="#[c5]">&gt;&gt;</a>&nbsp;&nbsp;&nbsp;_fp_digits
</UL>

<P><STRONG><a name="[a7]"></a>__user_setup_stackheap</STRONG> (Thumb, 74 bytes, Stack size 8 bytes, sys_stackheap_outer.o(.text))
<BR><BR>[Stack]<UL><LI>Max Depth = 8 + Unknown Stack Size
<LI>Call Chain = __user_setup_stackheap
</UL>
<BR>[Calls]<UL><LI><a href="#[d7]">&gt;&gt;</a>&nbsp;&nbsp;&nbsp;__user_initial_stackheap
<LI><a href="#[d6]">&gt;&gt;</a>&nbsp;&nbsp;&nbsp;__user_perproc_libspace
</UL>
<BR>[Called By]<UL><LI><a href="#[a6]">&gt;&gt;</a>&nbsp;&nbsp;&nbsp;__rt_entry_sh
</UL>

<P><STRONG><a name="[d5]"></a>_chval</STRONG> (Thumb, 28 bytes, Stack size 0 bytes, _chval.o(.text))
<BR><BR>[Called By]<UL><LI><a href="#[e0]">&gt;&gt;</a>&nbsp;&nbsp;&nbsp;_scanf_really_hex_real
<LI><a href="#[d4]">&gt;&gt;</a>&nbsp;&nbsp;&nbsp;_strtoul
</UL>

<P><STRONG><a name="[db]"></a>_scanf_really_real</STRONG> (Thumb, 668 bytes, Stack size 120 bytes, scanf_fp.o(.text))
<BR><BR>[Stack]<UL><LI>Max Depth = 328<LI>Call Chain = _scanf_really_real &rArr; _fp_value &rArr; _btod_etento &rArr; _btod_emul &rArr; _e2e
</UL>
<BR>[Calls]<UL><LI><a href="#[b8]">&gt;&gt;</a>&nbsp;&nbsp;&nbsp;_is_digit
<LI><a href="#[de]">&gt;&gt;</a>&nbsp;&nbsp;&nbsp;__mathlib_narrow
<LI><a href="#[dc]">&gt;&gt;</a>&nbsp;&nbsp;&nbsp;_scanf_infnan
<LI><a href="#[dd]">&gt;&gt;</a>&nbsp;&nbsp;&nbsp;_scanf_hex_real
<LI><a href="#[d8]">&gt;&gt;</a>&nbsp;&nbsp;&nbsp;_fp_value
<LI><a href="#[a2]">&gt;&gt;</a>&nbsp;&nbsp;&nbsp;__rt_locale
</UL>
<BR>[Called By]<UL><LI><a href="#[d1]">&gt;&gt;</a>&nbsp;&nbsp;&nbsp;_scanf_real
</UL>

<P><STRONG><a name="[ac]"></a>exit</STRONG> (Thumb, 18 bytes, Stack size 8 bytes, exit.o(.text))
<BR><BR>[Stack]<UL><LI>Max Depth = 8 + Unknown Stack Size
<LI>Call Chain = exit
</UL>
<BR>[Calls]<UL><LI><a href="#[df]">&gt;&gt;</a>&nbsp;&nbsp;&nbsp;__rt_exit
</UL>
<BR>[Called By]<UL><LI><a href="#[aa]">&gt;&gt;</a>&nbsp;&nbsp;&nbsp;__rt_entry_main
</UL>

<P><STRONG><a name="[e0]"></a>_scanf_really_hex_real</STRONG> (Thumb, 778 bytes, Stack size 80 bytes, scanf_hexfp.o(.text))
<BR><BR>[Stack]<UL><LI>Max Depth = 144<LI>Call Chain = _scanf_really_hex_real &rArr; __support_ldexp &rArr; ldexp &rArr; __aeabi_cdcmpeq
</UL>
<BR>[Calls]<UL><LI><a href="#[e2]">&gt;&gt;</a>&nbsp;&nbsp;&nbsp;__support_ldexp
<LI><a href="#[e1]">&gt;&gt;</a>&nbsp;&nbsp;&nbsp;__aeabi_llsl
<LI><a href="#[de]">&gt;&gt;</a>&nbsp;&nbsp;&nbsp;__mathlib_narrow
<LI><a href="#[d5]">&gt;&gt;</a>&nbsp;&nbsp;&nbsp;_chval
</UL>
<BR>[Called By]<UL><LI><a href="#[dd]">&gt;&gt;</a>&nbsp;&nbsp;&nbsp;_scanf_hex_real
</UL>

[...]
<LI><a href="#[322]">&gt;&gt;</a>&nbsp;&nbsp;&nbsp;sync_window
<LI><a href="#[31b]">&gt;&gt;</a>&nbsp;&nbsp;&nbsp;mem_set
<LI><a href="#[315]">&gt;&gt;</a>&nbsp;&nbsp;&nbsp;create_chain
</UL>
<BR>[Called By]<UL><LI><a href="#[22e]">&gt;&gt;</a>&nbsp;&nbsp;&nbsp;f_readdir
<LI><a href="#[32a]">&gt;&gt;</a>&nbsp;&nbsp;&nbsp;dir_remove
<LI><a href="#[326]">&gt;&gt;</a>&nbsp;&nbsp;&nbsp;dir_register
<LI><a href="#[324]">&gt;&gt;</a>&nbsp;&nbsp;&nbsp;dir_read
<LI><a href="#[31f]">&gt;&gt;</a>&nbsp;&nbsp;&nbsp;dir_find
<LI><a href="#[31c]">&gt;&gt;</a>&nbsp;&nbsp;&nbsp;dir_alloc
</UL>

<P><STRONG><a name="[324]"></a>dir_read</STRONG> (Thumb, 198 bytes, Stack size 40 bytes, ff.o(i.dir_read))
<BR><BR>[Stack]<UL><LI>Max Depth = 4416<LI>Call Chain = dir_read &rArr; dir_next &rArr; create_chain &rArr; put_fat &rArr; move_window &rArr; sync_window &rArr; disk_write &rArr; W25QXX_Write &rArr; W25QXX_Write_NoCheck &rArr; W25QXX_Write_Page &rArr; W25QXX_Wait_Busy &rArr; W25QXX_ReadSR &rArr; SPI_ReadWriteByte
</UL>
<BR>[Calls]<UL><LI><a href="#[320]">&gt;&gt;</a>&nbsp;&nbsp;&nbsp;sum_sfn
<LI><a href="#[325]">&gt;&gt;</a>&nbsp;&nbsp;&nbsp;pick_lfn
<LI><a href="#[311]">&gt;&gt;</a>&nbsp;&nbsp;&nbsp;move_window
<LI><a href="#[31e]">&gt;&gt;</a>&nbsp;&nbsp;&nbsp;dir_next
</UL>
<BR>[Called By]<UL><LI><a href="#[1de]">&gt;&gt;</a>&nbsp;&nbsp;&nbsp;f_unlink
<LI><a href="#[22e]">&gt;&gt;</a>&nbsp;&nbsp;&nbsp;f_readdir
</UL>

<P><STRONG><a name="[326]"></a>dir_register</STRONG> (Thumb, 298 bytes, Stack size 48 bytes, ff.o(i.dir_register))
<BR><BR>[Stack]<UL><LI>Max Depth = 4456<LI>Call Chain = dir_register &rArr; dir_find &rArr; dir_next &rArr; create_chain &rArr; put_fat &rArr; move_window &rArr; sync_window &rArr; disk_write &rArr; W25QXX_Write &rArr; W25QXX_Write_NoCheck &rArr; W25QXX_Write_Page &rArr; W25QXX_Wait_Busy &rArr; W25QXX_ReadSR &rArr; SPI_ReadWriteByte
</UL>
<BR>[Calls]<UL><LI><a href="#[31d]">&gt;&gt;</a>&nbsp;&nbsp;&nbsp;dir_sdi
<LI><a href="#[320]">&gt;&gt;</a>&nbsp;&nbsp;&nbsp;sum_sfn
<LI><a href="#[311]">&gt;&gt;</a>&nbsp;&nbsp;&nbsp;move_window
<LI><a href="#[31b]">&gt;&gt;</a>&nbsp;&nbsp;&nbsp;mem_set
<LI><a href="#[327]">&gt;&gt;</a>&nbsp;&nbsp;&nbsp;mem_cpy
<LI><a href="#[328]">&gt;&gt;</a>&nbsp;&nbsp;&nbsp;gen_numname
<LI><a href="#[329]">&gt;&gt;</a>&nbsp;&nbsp;&nbsp;fit_lfn
<LI><a href="#[31e]">&gt;&gt;</a>&nbsp;&nbsp;&nbsp;dir_next
<LI><a href="#[31f]">&gt;&gt;</a>&nbsp;&nbsp;&nbsp;dir_find
<LI><a href="#[31c]">&gt;&gt;</a>&nbsp;&nbsp;&nbsp;dir_alloc
</UL>
<BR>[Called By]<UL><LI><a href="#[2b8]">&gt;&gt;</a>&nbsp;&nbsp;&nbsp;f_mkdir
<LI><a href="#[1e4]">&gt;&gt;</a>&nbsp;&nbsp;&nbsp;f_open
</UL>

<P><STRONG><a name="[32a]"></a>dir_remove</STRONG> (Thumb, 106 bytes, Stack size 16 bytes, ff.o(i.dir_remove))
<BR><BR>[Stack]<UL><LI>Max Depth = 4392<LI>Call Chain = dir_remove &rArr; dir_next &rArr; create_chain &rArr; put_fat &rArr; move_window &rArr; sync_window &rArr; disk_write &rArr; W25QXX_Write &rArr; W25QXX_Write_NoCheck &rArr; W25QXX_Write_Page &rArr; W25QXX_Wait_Busy &rArr; W25QXX_ReadSR &rArr; SPI_ReadWriteByte
</UL>
<BR>[Calls]<UL><LI><a href="#[31d]">&gt;&gt;</a>&nbsp;&nbsp;&nbsp;dir_sdi
<LI><a href="#[311]">&gt;&gt;</a>&nbsp;&nbsp;&nbsp;move_window
<LI><a href="#[31b]">&gt;&gt;</a>&nbsp;&nbsp;&nbsp;mem_set
<LI><a href="#[31e]">&gt;&gt;</a>&nbsp;&nbsp;&nbsp;dir_next
</UL>
<BR>[Called By]<UL><LI><a href="#[1de]">&gt;&gt;</a>&nbsp;&nbsp;&nbsp;f_unlink
</UL>

<P><STRONG><a name="[332]"></a>find_volume</STRONG> (Thumb, 900 bytes, Stack size 88 bytes, ff.o(i.find_volume))
<BR><BR>[Stack]<UL><LI>Max Depth = 4392<LI>Call Chain = find_volume &rArr; check_fs &rArr; move_window &rArr; sync_window &rArr; disk_write &rArr; W25QXX_Write &rArr; W25QXX_Write_NoCheck &rArr; W25QXX_Write_Page &rArr; W25QXX_Wait_Busy &rArr; W25QXX_ReadSR &rArr; SPI_ReadWriteByte
</UL>
<BR>[Calls]<UL><LI><a href="#[311]">&gt;&gt;</a>&nbsp;&nbsp;&nbsp;move_window
<LI><a href="#[33a]">&gt;&gt;</a>&nbsp;&nbsp;&nbsp;get_ldnumber
<LI><a href="#[310]">&gt;&gt;</a>&nbsp;&nbsp;&nbsp;check_fs
<LI><a href="#[33f]">&gt;&gt;</a>&nbsp;&nbsp;&nbsp;disk_status
<LI><a href="#[32b]">&gt;&gt;</a>&nbsp;&nbsp;&nbsp;disk_initialize
</UL>
<BR>[Called By]<UL><LI><a href="#[1de]">&gt;&gt;</a>&nbsp;&nbsp;&nbsp;f_unlink
<LI><a href="#[22d]">&gt;&gt;</a>&nbsp;&nbsp;&nbsp;f_opendir
<LI><a href="#[33c]">&gt;&gt;</a>&nbsp;&nbsp;&nbsp;f_mount
<LI><a href="#[2b8]">&gt;&gt;</a>&nbsp;&nbsp;&nbsp;f_mkdir
<LI><a href="#[1e4]">&gt;&gt;</a>&nbsp;&nbsp;&nbsp;f_open
<LI><a href="#[32e]">&gt;&gt;</a>&nbsp;&nbsp;&nbsp;f_getfree
</UL>

<P><STRONG><a name="[329]"></a>fit_lfn</STRONG> (Thumb, 122 bytes, Stack size 20 bytes, ff.o(i.fit_lfn))
<BR><BR>[Stack]<UL><LI>Max Depth = 20<LI>Call Chain = fit_lfn
</UL>
<BR>[Called By]<UL><LI><a href="#[326]">&gt;&gt;</a>&nbsp;&nbsp;&nbsp;dir_register
</UL>

<P><STRONG><a name="[335]"></a>follow_path</STRONG> (Thumb, 144 bytes, Stack size 32 bytes, ff.o(i.follow_path))
<BR><BR>[Stack]<UL><LI>Max Depth = 4440<LI>Call Chain = follow_path &rArr; dir_find &rArr; dir_next &rArr; create_chain &rArr; put_fat &rArr; move_window &rArr; sync_window &rArr; disk_write &rArr; W25QXX_Write &rArr; W25QXX_Write_NoCheck &rArr; W25QXX_Write_Page &rArr; W25QXX_Wait_Busy &rArr; W25QXX_ReadSR &rArr; SPI_ReadWriteByte
</UL>
<BR>[Calls]<UL><LI><a href="#[31d]">&gt;&gt;</a>&nbsp;&nbsp;&nbsp;dir_sdi
<LI><a href="#[33d]">&gt;&gt;</a>&nbsp;&nbsp;&nbsp;ld_clust
<LI><a href="#[31f]">&gt;&gt;</a>&nbsp;&nbsp;&nbsp;dir_find
<LI><a href="#[318]">&gt;&gt;</a>&nbsp;&nbsp;&nbsp;create_name
</UL>
<BR>[Called By]<UL><LI><a href="#[1de]">&gt;&gt;</a>&nbsp;&nbsp;&nbsp;f_unlink
<LI><a href="#[22d]">&gt;&gt;</a>&nbsp;&nbsp;&nbsp;f_opendir
<LI><a href="#[2b8]">&gt;&gt;</a>&nbsp;&nbsp;&nbsp;f_mkdir
<LI><a href="#[1e4]">&gt;&gt;</a>&nbsp;&nbsp;&nbsp;f_open
</UL>

<P><STRONG><a name="[328]"></a>gen_numname</STRONG> (Thumb, 198 bytes, Stack size 64 bytes, ff.o(i.gen_numname))
<BR><BR>[Stack]<UL><LI>Max Depth = 80<LI>Call Chain = gen_numname &rArr; mem_cpy
</UL>
<BR>[Calls]<UL><LI><a href="#[327]">&gt;&gt;</a>&nbsp;&nbsp;&nbsp;mem_cpy
</UL>
<BR>[Called By]<UL><LI><a href="#[326]">&gt;&gt;</a>&nbsp;&nbsp;&nbsp;dir_register
</UL>

<P><STRONG><a name="[33e]"></a>get_fileinfo</STRONG> (Thumb, 272 bytes, Stack size 40 bytes, ff.o(i.get_fileinfo))
<BR><BR>[Stack]<UL><LI>Max Depth = 128<LI>Call Chain = get_fileinfo &rArr; ff_convert &rArr; W25QXX_Read &rArr; SPI_ReadWriteByte
</UL>
<BR>[Calls]<UL><LI><a href="#[319]">&gt;&gt;</a>&nbsp;&nbsp;&nbsp;ff_convert
</UL>
<BR>[Called By]<UL><LI><a href="#[22e]">&gt;&gt;</a>&nbsp;&nbsp;&nbsp;f_readdir
</UL>

<P><STRONG><a name="[33a]"></a>get_ldnumber</STRONG> (Thumb, 72 bytes, Stack size 16 bytes, ff.o(i.get_ldnumber))
<BR><BR>[Stack]<UL><LI>Max Depth = 16<LI>Call Chain = get_ldnumber
</UL>
<BR>[Called By]<UL><LI><a href="#[33c]">&gt;&gt;</a>&nbsp;&nbsp;&nbsp;f_mount
<LI><a href="#[339]">&gt;&gt;</a>&nbsp;&nbsp;&nbsp;f_mkfs
<LI><a href="#[332]">&gt;&gt;</a>&nbsp;&nbsp;&nbsp;find_volume
</UL>

<P><STRONG><a name="[33d]"></a>ld_clust</STRONG> (Thumb, 32 bytes, Stack size 8 bytes, ff.o(i.ld_clust))
<BR><BR>[Stack]<UL><LI>Max Depth = 8<LI>Call Chain = ld_clust
</UL>
<BR>[Called By]<UL><LI><a href="#[1de]">&gt;&gt;</a>&nbsp;&nbsp;&nbsp;f_unlink
<LI><a href="#[22d]">&gt;&gt;</a>&nbsp;&nbsp;&nbsp;f_opendir
<LI><a href="#[1e4]">&gt;&gt;</a>&nbsp;&nbsp;&nbsp;f_open
<LI><a href="#[335]">&gt;&gt;</a>&nbsp;&nbsp;&nbsp;follow_path
</UL>

<P><STRONG><a name="[321]"></a>mem_cmp</STRONG> (Thumb, 38 bytes, Stack size 20 bytes, ff.o(i.mem_cmp))
<BR><BR>[Stack]<UL><LI>Max Depth = 20<LI>Call Chain = mem_cmp
</UL>
<BR>[Called By]<UL><LI><a href="#[31f]">&gt;&gt;</a>&nbsp;&nbsp;&nbsp;dir_find
</UL>

<P><STRONG><a name="[327]"></a>mem_cpy</STRONG> (Thumb, 26 bytes, Stack size 16 bytes, ff.o(i.mem_cpy))
<BR><BR>[Stack]<UL><LI>Max Depth = 16<LI>Call Chain = mem_cpy
</UL>
<BR>[Called By]<UL><LI><a href="#[1de]">&gt;&gt;</a>&nbsp;&nbsp;&nbsp;f_unlink
<LI><a href="#[339]">&gt;&gt;</a>&nbsp;&nbsp;&nbsp;f_mkfs
<LI><a href="#[2b8]">&gt;&gt;</a>&nbsp;&nbsp;&nbsp;f_mkdir
<LI><a href="#[2b2]">&gt;&gt;</a>&nbsp;&nbsp;&nbsp;f_write
<LI><a href="#[1e5]">&gt;&gt;</a>&nbsp;&nbsp;&nbsp;f_read
<LI><a href="#[328]">&gt;&gt;</a>&nbsp;&nbsp;&nbsp;gen_numname
<LI><a href="#[326]">&gt;&gt;</a>&nbsp;&nbsp;&nbsp;dir_register
</UL>

<P><STRONG><a name="[31b]"></a>mem_set</STRONG> (Thumb, 20 bytes, Stack size 12 bytes, ff.o(i.mem_set))
<BR><BR>[Stack]<UL><LI>Max Depth = 12<LI>Call Chain = mem_set
</UL>
<BR>[Called By]<UL><LI><a href="#[339]">&gt;&gt;</a>&nbsp;&nbsp;&nbsp;f_mkfs
<LI><a href="#[2b8]">&gt;&gt;</a>&nbsp;&nbsp;&nbsp;f_mkdir
<LI><a href="#[338]">&gt;&gt;</a>&nbsp;&nbsp;&nbsp;sync_fs
<LI><a href="#[32a]">&gt;&gt;</a>&nbsp;&nbsp;&nbsp;dir_remove
<LI><a href="#[326]">&gt;&gt;</a>&nbsp;&nbsp;&nbsp;dir_register
<LI><a href="#[31e]">&gt;&gt;</a>&nbsp;&nbsp;&nbsp;dir_next
<LI><a href="#[318]">&gt;&gt;</a>&nbsp;&nbsp;&nbsp;create_name
</UL>

<P><STRONG><a name="[311]"></a>move_window</STRONG> (Thumb, 52 bytes, Stack size 16 bytes, ff.o(i.move_window))
<BR><BR>[Stack]<UL><LI>Max Depth = 4288<LI>Call Chain = move_window &rArr; sync_window &rArr; disk_write &rArr; W25QXX_Write &rArr; W25QXX_Write_NoCheck &rArr; W25QXX_Write_Page &rArr; W25QXX_Wait_Busy &rArr; W25QXX_ReadSR &rArr; SPI_ReadWriteByte
</UL>
<BR>[Calls]<UL><LI><a href="#[322]">&gt;&gt;</a>&nbsp;&nbsp;&nbsp;sync_window
<LI><a href="#[32c]">&gt;&gt;</a>&nbsp;&nbsp;&nbsp;disk_read
</UL>
<BR>[Called By]<UL><LI><a href="#[1e4]">&gt;&gt;</a>&nbsp;&nbsp;&nbsp;f_open
<LI><a href="#[317]">&gt;&gt;</a>&nbsp;&nbsp;&nbsp;put_fat
<LI><a href="#[316]">&gt;&gt;</a>&nbsp;&nbsp;&nbsp;get_fat
<LI><a href="#[330]">&gt;&gt;</a>&nbsp;&nbsp;&nbsp;f_sync
<LI><a href="#[32e]">&gt;&gt;</a>&nbsp;&nbsp;&nbsp;f_getfree
<LI><a href="#[332]">&gt;&gt;</a>&nbsp;&nbsp;&nbsp;find_volume
<LI><a href="#[32a]">&gt;&gt;</a>&nbsp;&nbsp;&nbsp;dir_remove
<LI><a href="#[326]">&gt;&gt;</a>&nbsp;&nbsp;&nbsp;dir_register
<LI><a href="#[324]">&gt;&gt;</a>&nbsp;&nbsp;&nbsp;dir_read
<LI><a href="#[31f]">&gt;&gt;</a>&nbsp;&nbsp;&nbsp;dir_find
<LI><a href="#[31c]">&gt;&gt;</a>&nbsp;&nbsp;&nbsp;dir_alloc
<LI><a href="#[310]">&gt;&gt;</a>&nbsp;&nbsp;&nbsp;check_fs
</UL>

<P><STRONG><a name="[325]"></a>pick_lfn</STRONG> (Thumb, 112 bytes, Stack size 20 bytes, ff.o(i.pick_lfn))
<BR><BR>[Stack]<UL><LI>Max Depth = 20<LI>Call Chain = pick_lfn
</UL>
<BR>[Called By]<UL><LI><a href="#[324]">&gt;&gt;</a>&nbsp;&nbsp;&nbsp;dir_read
</UL>

<P><STRONG><a name="[337]"></a>remove_chain</STRONG> (Thumb, 108 bytes, Stack size 24 bytes, ff.o(i.remove_chain))
<BR><BR>[Stack]<UL><LI>Max Depth = 4344<LI>Call Chain = remove_chain &rArr; put_fat &rArr; move_window &rArr; sync_window &rArr; disk_write &rArr; W25QXX_Write &rArr; W25QXX_Write_NoCheck &rArr; W25QXX_Write_Page &rArr; W25QXX_Wait_Busy &rArr; W25QXX_ReadSR &rArr; SPI_ReadWriteByte
</UL>
<BR>[Calls]<UL><LI><a href="#[317]">&gt;&gt;</a>&nbsp;&nbsp;&nbsp;put_fat
<LI><a href="#[316]">&gt;&gt;</a>&nbsp;&nbsp;&nbsp;get_fat
</UL>
<BR>[Called By]<UL><LI><a href="#[1de]">&gt;&gt;</a>&nbsp;&nbsp;&nbsp;f_unlink
<LI><a href="#[2b8]">&gt;&gt;</a>&nbsp;&nbsp;&nbsp;f_mkdir
<LI><a href="#[1e4]">&gt;&gt;</a>&nbsp;&nbsp;&nbsp;f_open
</UL>

<P><STRONG><a name="[336]"></a>st_clust</STRONG> (Thumb, 16 bytes, Stack size 0 bytes, ff.o(i.st_clust))
<BR><BR>[Called By]<UL><LI><a href="#[2b8]">&gt;&gt;</a>&nbsp;&nbsp;&nbsp;f_mkdir
<LI><a href="#[1e4]">&gt;&gt;</a>&nbsp;&nbsp;&nbsp;f_open
<LI><a href="#[330]">&gt;&gt;</a>&nbsp;&nbsp;&nbsp;f_sync
</UL>

<P><STRONG><a name="[320]"></a>sum_sfn</STRONG> (Thumb, 32 bytes, Stack size 12 bytes, ff.o(i.sum_sfn))
<BR><BR>[Stack]<UL><LI>Max Depth = 12<LI>Call Chain = sum_sfn
</UL>
<BR>[Called By]<UL><LI><a href="#[326]">&gt;&gt;</a>&nbsp;&nbsp;&nbsp;dir_register
<LI><a href="#[324]">&gt;&gt;</a>&nbsp;&nbsp;&nbsp;dir_read
<LI><a href="#[31f]">&gt;&gt;</a>&nbsp;&nbsp;&nbsp;dir_find
</UL>

<P><STRONG><a name="[338]"></a>sync_fs</STRONG> (Thumb, 200 bytes, Stack size 16 bytes, ff.o(i.sync_fs))
<BR><BR>[Stack]<UL><LI>Max Depth = 4288<LI>Call Chain = sync_fs &rArr; sync_window &rArr; disk_write &rArr; W25QXX_Write &rArr; W25QXX_Write_NoCheck &rArr; W25QXX_Write_Page &rArr; W25QXX_Wait_Busy &rArr; W25QXX_ReadSR &rArr; SPI_ReadWriteByte
</UL>
<BR>[Calls]<UL><LI><a href="#[322]">&gt;&gt;</a>&nbsp;&nbsp;&nbsp;sync_window
<LI><a href="#[31b]">&gt;&gt;</a>&nbsp;&nbsp;&nbsp;mem_set
<LI><a href="#[32d]">&gt;&gt;</a>&nbsp;&nbsp;&nbsp;disk_write
<LI><a href="#[33b]">&gt;&gt;</a>&nbsp;&nbsp;&nbsp;disk_ioctl
</UL>
<BR>[Called By]<UL><LI><a href="#[1de]">&gt;&gt;</a>&nbsp;&nbsp;&nbsp;f_unlink
<LI><a href="#[2b8]">&gt;&gt;</a>&nbsp;&nbsp;&nbsp;f_mkdir
<LI><a href="#[330]">&gt;&gt;</a>&nbsp;&nbsp;&nbsp;f_sync
</UL>

<P><STRONG><a name="[322]"></a>sync_window</STRONG> (Thumb, 82 bytes, Stack size 24 bytes, ff.o(i.sync_window))
<BR><BR>[Stack]<UL><LI>Max Depth = 4272<LI>Call Chain = sync_window &rArr; disk_write &rArr; W25QXX_Write &rArr; W25QXX_Write_NoCheck &rArr; W25QXX_Write_Page &rArr; W25QXX_Wait_Busy &rArr; W25QXX_ReadSR &rArr; SPI_ReadWriteByte
</UL>
<BR>[Calls]<UL><LI><a href="#[32d]">&gt;&gt;</a>&nbsp;&nbsp;&nbsp;disk_write
</UL>
<BR>[Called By]<UL><LI><a href="#[2b8]">&gt;&gt;</a>&nbsp;&nbsp;&nbsp;f_mkdir
<LI><a href="#[338]">&gt;&gt;</a>&nbsp;&nbsp;&nbsp;sync_fs
<LI><a href="#[311]">&gt;&gt;</a>&nbsp;&nbsp;&nbsp;move_window
<LI><a href="#[31e]">&gt;&gt;</a>&nbsp;&nbsp;&nbsp;dir_next
</UL>

<P><STRONG><a name="[331]"></a>validate</STRONG> (Thumb, 54 bytes, Stack size 16 bytes, ff.o(i.validate))
<BR><BR>[Stack]<UL><LI>Max Depth = 16<LI>Call Chain = validate
</UL>
<BR>[Calls]<UL><LI><a href="#[33f]">&gt;&gt;</a>&nbsp;&nbsp;&nbsp;disk_status
</UL>
<BR>[Called By]<UL><LI><a href="#[22e]">&gt;&gt;</a>&nbsp;&nbsp;&nbsp;f_readdir
<LI><a href="#[2bf]">&gt;&gt;</a>&nbsp;&nbsp;&nbsp;f_closedir
<LI><a href="#[2b2]">&gt;&gt;</a>&nbsp;&nbsp;&nbsp;f_write
<LI><a href="#[22f]">&gt;&gt;</a>&nbsp;&nbsp;&nbsp;f_lseek
<LI><a href="#[1e6]">&gt;&gt;</a>&nbsp;&nbsp;&nbsp;f_close
<LI><a href="#[1e5]">&gt;&gt;</a>&nbsp;&nbsp;&nbsp;f_read
<LI><a href="#[330]">&gt;&gt;</a>&nbsp;&nbsp;&nbsp;f_sync
</UL>

<P><STRONG><a name="[1ce]"></a>DataStageIn</STRONG> (Thumb, 166 bytes, Stack size 32 bytes, usb_core.o(i.DataStageIn))
<BR><BR>[Stack]<UL><LI>Max Depth = 52<LI>Call Chain = DataStageIn &rArr; UserToPMABufferCopy
</UL>
<BR>[Calls]<UL><LI><a href="#[1d0]">&gt;&gt;</a>&nbsp;&nbsp;&nbsp;UserToPMABufferCopy
<LI><a href="#[1d1]">&gt;&gt;</a>&nbsp;&nbsp;&nbsp;SetEPTxCount
<LI><a href="#[1cf]">&gt;&gt;</a>&nbsp;&nbsp;&nbsp;GetEPTxAddr
</UL>
<BR>[Called By]<UL><LI><a href="#[1b9]">&gt;&gt;</a>&nbsp;&nbsp;&nbsp;In0_Process
<LI><a href="#[1d5]">&gt;&gt;</a>&nbsp;&nbsp;&nbsp;Data_Setup0
</UL>

<P><STRONG><a name="[1d2]"></a>DataStageOut</STRONG> (Thumb, 166 bytes, Stack size 24 bytes, usb_core.o(i.DataStageOut))
<BR><BR>[Stack]<UL><LI>Max Depth = 44<LI>Call Chain = DataStageOut &rArr; PMAToUserBufferCopy
</UL>
<BR>[Calls]<UL><LI><a href="#[1d1]">&gt;&gt;</a>&nbsp;&nbsp;&nbsp;SetEPTxCount
<LI><a href="#[1d4]">&gt;&gt;</a>&nbsp;&nbsp;&nbsp;PMAToUserBufferCopy
<LI><a href="#[1d3]">&gt;&gt;</a>&nbsp;&nbsp;&nbsp;GetEPRxAddr
</UL>
<BR>[Called By]<UL><LI><a href="#[1bb]">&gt;&gt;</a>&nbsp;&nbsp;&nbsp;Out0_Process
</UL>

<P><STRONG><a name="[1d5]"></a>Data_Setup0</STRONG> (Thumb, 628 bytes, Stack size 40 bytes, usb_core.o(i.Data_Setup0))
<BR><BR>[Stack]<UL><LI>Max Depth = 92<LI>Call Chain = Data_Setup0 &rArr; DataStageIn &rArr; UserToPMABufferCopy
</UL>
<BR>[Calls]<UL><LI><a href="#[1ce]">&gt;&gt;</a>&nbsp;&nbsp;&nbsp;DataStageIn
</UL>
<BR>[Called By]<UL><LI><a href="#[1ba]">&gt;&gt;</a>&nbsp;&nbsp;&nbsp;Setup0_Process
</UL>

<P><STRONG><a name="[282]"></a>NoData_Setup0</STRONG> (Thumb, 290 bytes, Stack size 16 bytes, usb_core.o(i.NoData_Setup0))
<BR><BR>[Stack]<UL><LI>Max Depth = 60<LI>Call Chain = NoData_Setup0 &rArr; Standard_ClearFeature &rArr; SetEPTxStatus
</UL>
<BR>[Calls]<UL><LI><a href="#[286]">&gt;&gt;</a>&nbsp;&nbsp;&nbsp;Standard_SetInterface
<LI><a href="#[287]">&gt;&gt;</a>&nbsp;&nbsp;&nbsp;Standard_SetEndPointFeature
<LI><a href="#[284]">&gt;&gt;</a>&nbsp;&nbsp;&nbsp;Standard_SetDeviceFeature
<LI><a href="#[283]">&gt;&gt;</a>&nbsp;&nbsp;&nbsp;Standard_SetConfiguration
<LI><a href="#[285]">&gt;&gt;</a>&nbsp;&nbsp;&nbsp;Standard_ClearFeature
</UL>
<BR>[Called By]<UL><LI><a href="#[1ba]">&gt;&gt;</a>&nbsp;&nbsp;&nbsp;Setup0_Process
</UL>

<P><STRONG><a name="[229]"></a>IntToUnicode</STRONG> (Thumb, 62 bytes, Stack size 12 bytes, hw_config.o(i.IntToUnicode))
<BR><BR>[Stack]<UL><LI>Max Depth = 12<LI>Call Chain = IntToUnicode
</UL>
<BR>[Called By]<UL><LI><a href="#[228]">&gt;&gt;</a>&nbsp;&nbsp;&nbsp;Get_SerialNum
</UL>

<P><STRONG><a name="[37f]"></a>_dadd1</STRONG> (Thumb, 0 bytes, Stack size unknown bytes, daddsub_clz.o(x$fpl$dadd), UNUSED)
<BR><BR>[Called By]<UL><LI><a href="#[380]">&gt;&gt;</a>&nbsp;&nbsp;&nbsp;_dsub
<LI><a href="#[37e]">&gt;&gt;</a>&nbsp;&nbsp;&nbsp;_drsb
</UL>

<P><STRONG><a name="[371]"></a>_dsub1</STRONG> (Thumb, 0 bytes, Stack size unknown bytes, daddsub_clz.o(x$fpl$dsub), UNUSED)
<BR><BR>[Called By]<UL><LI><a href="#[37e]">&gt;&gt;</a>&nbsp;&nbsp;&nbsp;_drsb
<LI><a href="#[370]">&gt;&gt;</a>&nbsp;&nbsp;&nbsp;_dadd
</UL>

<P><STRONG><a name="[38f]"></a>_fadd1</STRONG> (Thumb, 0 bytes, Stack size unknown bytes, faddsub_clz.o(x$fpl$fadd), UNUSED)
<BR><BR>[Called By]<UL><LI><a href="#[38e]">&gt;&gt;</a>&nbsp;&nbsp;&nbsp;_fsub
</UL>

<P><STRONG><a name="[384]"></a>_fsub1</STRONG> (Thumb, 0 bytes, Stack size unknown bytes, faddsub_clz.o(x$fpl$fsub), UNUSED)
<BR><BR>[Called By]<UL><LI><a href="#[383]">&gt;&gt;</a>&nbsp;&nbsp;&nbsp;_fadd
</UL>

<P><STRONG><a name="[c5]"></a>_fp_digits</STRONG> (Thumb, 428 bytes, Stack size 96 bytes, _printf_fp_dec.o(.text))
<BR><BR>[Stack]<UL><LI>Max Depth = 216<LI>Call Chain = _fp_digits &rArr; _btod_etento &rArr; _btod_emul &rArr; _e2e
</UL>
<BR>[Calls]<UL><LI><a href="#[c9]">&gt;&gt;</a>&nbsp;&nbsp;&nbsp;_btod_emul
<LI><a href="#[c8]">&gt;&gt;</a>&nbsp;&nbsp;&nbsp;_btod_ediv
<LI><a href="#[c7]">&gt;&gt;</a>&nbsp;&nbsp;&nbsp;_btod_d2e
<LI><a href="#[c6]">&gt;&gt;</a>&nbsp;&nbsp;&nbsp;_btod_etento
<LI><a href="#[ca]">&gt;&gt;</a>&nbsp;&nbsp;&nbsp;_ll_udiv10
</UL>
<BR>[Called By]<UL><LI><a href="#[cb]">&gt;&gt;</a>&nbsp;&nbsp;&nbsp;_printf_fp_dec_real
</UL>

<P><STRONG><a name="[60]"></a>_printf_input_char</STRONG> (Thumb, 10 bytes, Stack size 0 bytes, _printf_char_common.o(.text))
<BR>[Address Reference Count : 1]<UL><LI> _printf_char_common.o(.text)
</UL>
<P><STRONG><a name="[d0]"></a>_local_sscanf</STRONG> (Thumb, 60 bytes, Stack size 56 bytes, strtod.o(.text))
<BR><BR>[Stack]<UL><LI>Max Depth = 384<LI>Call Chain = _local_sscanf &rArr; _scanf_real &rArr; _scanf_really_real &rArr; _fp_value &rArr; _btod_etento &rArr; _btod_emul &rArr; _e2e
</UL>
<BR>[Calls]<UL><LI><a href="#[d1]">&gt;&gt;</a>&nbsp;&nbsp;&nbsp;_scanf_real
</UL>
<BR>[Called By]<UL><LI><a href="#[d2]">&gt;&gt;</a>&nbsp;&nbsp;&nbsp;__strtod_int
</UL>

<P><STRONG><a name="[d8]"></a>_fp_value</STRONG> (Thumb, 508 bytes, Stack size 88 bytes, scanf_fp.o(.text))
<BR><BR>[Stack]<UL><LI>Max Depth = 208<LI>Call Chain = _fp_value &rArr; _btod_etento &rArr; _btod_emul &rArr; _e2e
</UL>
<BR>[Calls]<UL><LI><a href="#[d9]">&gt;&gt;</a>&nbsp;&nbsp;&nbsp;_btod_emuld
<LI><a href="#[da]">&gt;&gt;</a>&nbsp;&nbsp;&nbsp;_btod_edivd
<LI><a href="#[c6]">&gt;&gt;</a>&nbsp;&nbsp;&nbsp;_btod_etento
<LI><a href="#[bb]">&gt;&gt;</a>&nbsp;&nbsp;&nbsp;__aeabi_errno_addr
</UL>
<BR>[Called By]<UL><LI><a href="#[db]">&gt;&gt;</a>&nbsp;&nbsp;&nbsp;_scanf_really_real
</UL>
<P>
<H3>
Undefined Global Symbols
</H3><HR></body></html>
